Archive member included to satisfy reference by file (symbol)

/opt/devkitpro/libogc/lib/wii/libwiiuse.a(wpad.o)
                              template.o (WPAD_ScanPads)
/opt/devkitpro/libogc/lib/wii/libwiiuse.a(motion_plus.o)
                              /opt/devkitpro/libogc/lib/wii/libwiiuse.a(wpad.o) (wiiuse_set_motion_plus)
/opt/devkitpro/libogc/lib/wii/libwiiuse.a(dynamics.o)
                              /opt/devkitpro/libogc/lib/wii/libwiiuse.a(wpad.o) (calculate_gforce)
/opt/devkitpro/libogc/lib/wii/libwiiuse.a(io.o)
                              /opt/devkitpro/libogc/lib/wii/libwiiuse.a(motion_plus.o) (wiiuse_disable_expansion)
/opt/devkitpro/libogc/lib/wii/libwiiuse.a(io_wii.o)
                              /opt/devkitpro/libogc/lib/wii/libwiiuse.a(wpad.o) (__wiiuse_sensorbar_enable)
/opt/devkitpro/libogc/lib/wii/libwiiuse.a(ir.o)
                              /opt/devkitpro/libogc/lib/wii/libwiiuse.a(motion_plus.o) (wiiuse_set_ir_mode)
/opt/devkitpro/libogc/lib/wii/libwiiuse.a(nunchuk.o)
                              /opt/devkitpro/libogc/lib/wii/libwiiuse.a(io.o) (nunchuk_handshake)
/opt/devkitpro/libogc/lib/wii/libwiiuse.a(wiiboard.o)
                              /opt/devkitpro/libogc/lib/wii/libwiiuse.a(io.o) (wii_board_handshake)
/opt/devkitpro/libogc/lib/wii/libwiiuse.a(wiiuse.o)
                              /opt/devkitpro/libogc/lib/wii/libwiiuse.a(wpad.o) (wiiuse_init)
/opt/devkitpro/libogc/lib/wii/libwiiuse.a(speaker.o)
                              /opt/devkitpro/libogc/lib/wii/libwiiuse.a(wpad.o) (wencdata)
/opt/devkitpro/libogc/lib/wii/libwiiuse.a(classic.o)
                              /opt/devkitpro/libogc/lib/wii/libwiiuse.a(io.o) (classic_ctrl_handshake)
/opt/devkitpro/libogc/lib/wii/libwiiuse.a(events.o)
                              /opt/devkitpro/libogc/lib/wii/libwiiuse.a(io_wii.o) (parse_event)
/opt/devkitpro/libogc/lib/wii/libwiiuse.a(guitar_hero_3.o)
                              /opt/devkitpro/libogc/lib/wii/libwiiuse.a(io.o) (guitar_hero_3_handshake)
/opt/devkitpro/libogc/lib/wii/libbte.a(bte.o)
                              /opt/devkitpro/libogc/lib/wii/libwiiuse.a(wpad.o) (BTE_Init)
/opt/devkitpro/libogc/lib/wii/libbte.a(hci.o)
                              /opt/devkitpro/libogc/lib/wii/libbte.a(bte.o) (hci_init)
/opt/devkitpro/libogc/lib/wii/libbte.a(l2cap.o)
                              /opt/devkitpro/libogc/lib/wii/libbte.a(bte.o) (l2cap_init)
/opt/devkitpro/libogc/lib/wii/libbte.a(btmemb.o)
                              /opt/devkitpro/libogc/lib/wii/libbte.a(bte.o) (btmemb_init)
/opt/devkitpro/libogc/lib/wii/libbte.a(btmemr.o)
                              /opt/devkitpro/libogc/lib/wii/libbte.a(hci.o) (btmemr_init)
/opt/devkitpro/libogc/lib/wii/libbte.a(btpbuf.o)
                              /opt/devkitpro/libogc/lib/wii/libbte.a(hci.o) (btpbuf_init)
/opt/devkitpro/libogc/lib/wii/libbte.a(physbusif.o)
                              /opt/devkitpro/libogc/lib/wii/libbte.a(bte.o) (physbusif_init)
/opt/devkitpro/libogc/lib/wii/libogc.a(console.o)
                              template.o (CON_Init)
/opt/devkitpro/libogc/lib/wii/libogc.a(lwp_queue.o)
                              /opt/devkitpro/libogc/lib/wii/libwiiuse.a(io_wii.o) (__lwp_queue_initialize)
/opt/devkitpro/libogc/lib/wii/libogc.a(lwp_threads.o)
                              /opt/devkitpro/libogc/lib/wii/libwiiuse.a(wpad.o) (_thread_dispatch_disable_level)
/opt/devkitpro/libogc/lib/wii/libogc.a(lwp.o)
                              /opt/devkitpro/libogc/lib/wii/libwiiuse.a(wpad.o) (LWP_CreateThread)
/opt/devkitpro/libogc/lib/wii/libogc.a(lwp_handler.o)
                              /opt/devkitpro/libogc/lib/wii/libogc.a(lwp_threads.o) (_cpu_context_save_fp)
/opt/devkitpro/libogc/lib/wii/libogc.a(lwp_stack.o)
                              /opt/devkitpro/libogc/lib/wii/libogc.a(lwp_threads.o) (__lwp_stack_allocate)
/opt/devkitpro/libogc/lib/wii/libogc.a(lwp_watchdog.o)
                              /opt/devkitpro/libogc/lib/wii/libogc.a(lwp_threads.o) (_wd_ticks_queue)
/opt/devkitpro/libogc/lib/wii/libogc.a(lwp_wkspace.o)
                              /opt/devkitpro/libogc/lib/wii/libwiiuse.a(motion_plus.o) (__wkspace_heap)
/opt/devkitpro/libogc/lib/wii/libogc.a(lwp_objmgr.o)
                              /opt/devkitpro/libogc/lib/wii/libogc.a(lwp.o) (__lwp_objmgr_initinfo)
/opt/devkitpro/libogc/lib/wii/libogc.a(lwp_heap.o)
                              /opt/devkitpro/libogc/lib/wii/libogc.a(lwp_wkspace.o) (__lwp_heap_init)
/opt/devkitpro/libogc/lib/wii/libogc.a(sys_state.o)
                              /opt/devkitpro/libogc/lib/wii/libogc.a(lwp_threads.o) (_sys_state_curr)
/opt/devkitpro/libogc/lib/wii/libogc.a(exception.o)
                              template.o (__exception_setreload)
/opt/devkitpro/libogc/lib/wii/libogc.a(irq.o)
                              /opt/devkitpro/libogc/lib/wii/libwiiuse.a(io_wii.o) (IRQ_Disable)
/opt/devkitpro/libogc/lib/wii/libogc.a(irq_handler.o)
[...]
Memory Configuration

Name             Origin             Length             Attributes
*default*        0x00000000         0xffffffff

Linker script and memory map

                0x00003400                        . = 0x3400

.stub
 *(.stub)
                0x80004000                        . = 0x80004000

.init           0x80004000      0x194
 *crt0.o(*.init)
 .init          0x80004000      0x170 /opt/devkitpro/libogc/lib/wii/libogc.a(ogc_crt0.o)
                0x80004000                _start
                0x80004140                _memset
 *(.init)
 .init          0x80004170        0xc /opt/devkitpro/devkitPPC/bin/../lib/gcc/powerpc-eabi/15.1.0/ecrti.o
                0x80004170                __init
 .init          0x8000417c        0x4 /opt/devkitpro/devkitPPC/bin/../lib/gcc/powerpc-eabi/15.1.0/crtbegin.o
 .init          0x80004180        0x4 /opt/devkitpro/devkitPPC/bin/../lib/gcc/powerpc-eabi/15.1.0/crtend.o
 .init          0x80004184       0x10 /opt/devkitpro/devkitPPC/bin/../lib/gcc/powerpc-eabi/15.1.0/ecrtn.o

.rela.dyn       0x80004194        0x0
 .rela.iplt     0x80004194        0x0 /opt/devkitpro/devkitPPC/bin/../lib/gcc/powerpc-eabi/15.1.0/crtbegin.o

.plt
 *(.plt)

.interp
 *(.interp)

.hash
 *(.hash)

.dynsym
 *(.dynsym)

.dynstr
 *(.dynstr)

.gnu.version
 *(.gnu.version)

.gnu.version_d
 *(.gnu.version_d)

.gnu.version_r
 *(.gnu.version_r)

.rel.init
 *(.rel.init)

.rela.init
 *(.rela.init)

.rel.text
 *(.rel.text .rel.text.* .rel.gnu.linkonce.t.*)

.rela.text      0x80004194        0x0
 *(.rela.text .rela.text.* .rela.gnu.linkonce.t.*)
 .rela.text.__do_global_dtors_aux
                0x80004194        0x0 /opt/devkitpro/devkitPPC/bin/../lib/gcc/powerpc-eabi/15.1.0/crtbegin.o
 .rela.text.frame_dummy
                0x80004194        0x0 /opt/devkitpro/devkitPPC/bin/../lib/gcc/powerpc-eabi/15.1.0/crtbegin.o
 .rela.text.unlikely.abort
                0x80004194        0x0 /opt/devkitpro/devkitPPC/bin/../lib/gcc/powerpc-eabi/15.1.0/crtbegin.o
 .rela.text.__assert_func
                0x80004194        0x0 /opt/devkitpro/devkitPPC/bin/../lib/gcc/powerpc-eabi/15.1.0/crtbegin.o

.rel.fini
 *(.rel.fini)

.rela.fini
 *(.rela.fini)

.rel.rodata
 *(.rel.rodata .rel.rodata.* .rel.gnu.linkonce.r.*)

.rela.rodata
 *(.rela.rodata .rela.rodata.* .rela.gnu.linkonce.r.*)

.rel.data
 *(.rel.data .rel.data.* .rel.gnu.linkonce.d.*)

.rela.data
 *(.rela.data .rela.data.* .rela.gnu.linkonce.d.*)

.rel.tdata
 *(.rel.tdata .rel.tdata.* .rel.gnu.linkonce.td.*)

.rela.tdata
 *(.rela.tdata .rela.tdata.* .rela.gnu.linkonce.td.*)

.rel.tbss
 *(.rel.tbss .rel.tbss.* .rel.gnu.linkonce.tb.*)

.rela.tbss
 *(.rela.tbss .rela.tbss.* .rela.gnu.linkonce.tb.*)

.rel.ctors
 *(.rel.ctors)

.rela.ctors
 *(.rela.ctors)

.rel.dtors
 *(.rel.dtors)

.rela.dtors
 *(.rela.dtors)

.rel.got
 *(.rel.got)

.rela.got
 *(.rela.got)

.rela.got1
 *(.rela.got1)

.rela.got2
 *(.rela.got2)

.rel.sdata
 *(.rel.sdata .rel.sdata.* .rel.gnu.linkonce.s.*)

.rela.sdata
 *(.rela.sdata .rela.sdata.* .rela.gnu.linkonce.s.*)

.rel.sbss
 *(.rel.sbss .rel.sbss.* .rel.gnu.linkonce.sb.*)

.rela.sbss
 *(.rela.sbss .rela.sbss.* .rel.gnu.linkonce.sb.*)

.rel.sdata2
 *(.rel.sdata2 .rel.sdata2.* .rel.gnu.linkonce.s2.*)

.rela.sdata2
 *(.rela.sdata2 .rela.sdata2.* .rela.gnu.linkonce.s2.*)

.rel.sbss2
 *(.rel.sbss2 .rel.sbss2.* .rel.gnu.linkonce.sb2.*)

.rela.sbss2
 *(.rela.sbss2 .rela.sbss2.* .rela.gnu.linkonce.sb2.*)

.rel.bss
 *(.rel.bss .rel.bss.* .rel.gnu.linkonce.b.*)

.rela.bss
 *(.rela.bss .rela.bss.* .rela.gnu.linkonce.b.*)

.rel.plt
 *(.rel.plt)

.rela.plt
 *(.rela.plt)

.text           0x800041a0    0x29940
 *(.text)
 .text          0x800041a0      0x44c /opt/devkitpro/libogc/lib/wii/libogc.a(lwp_handler.o)
                0x800041a0                _cpu_context_save_fp
                0x800042e0                _cpu_context_restore_fp
                0x80004420                _cpu_context_switch
                0x80004500                _cpu_context_save
                0x80004580                _cpu_context_restore
 .text          0x800045ec      0x1ac /opt/devkitpro/libogc/lib/wii/libogc.a(irq_handler.o)
                0x800045ec                irq_exceptionhandler
 .text          0x80004798      0x4f4 /opt/devkitpro/libogc/lib/wii/libogc.a(cache_asm.o)
                0x80004798                DCFlashInvalidate
                0x800047ac                DCEnable
                0x800047c0                DCDisable
                0x800047d4                DCFreeze
                0x800047e8                DCUnfreeze
                0x800047fc                DCTouchLoad
                0x80004804                DCBlockZero
                0x8000480c                DCBlockStore
                0x80004814                DCBlockFlush
                0x8000481c                DCBlockInvalidate
                0x80004824                DCInvalidateRange
                0x80004854                DCFlushRange
                0x80004888                DCStoreRange
                0x800048bc                DCFlushRangeNoSync
                0x800048ec                DCStoreRangeNoSync
                0x8000491c                DCZeroRange
                0x8000494c                DCTouchRange
                0x8000497c                ICInvalidateRange
                0x800049b4                ICFlashInvalidate
                0x800049c8                ICEnable
                0x800049dc                ICDisable
                0x800049f0                ICFreeze
                0x80004a04                ICUnfreeze
                0x80004a18                ICBlockInvalidate
                0x80004a20                ICSync
                0x80004a28                L2Init
                0x80004a70                L2Enable
                0x80004a8c                L2Disable
                0x80004aa4                L2GlobalInvalidate
                0x80004afc                __LCEnable
                0x80004bc8                LCDisable
                0x80004bf0                LCAllocOneTag
                0x80004c04                LCAllocTags
                0x80004c44                LCLoadBlocks
                0x80004c68                LCStoreBlocks
 .text          0x80004c8c      0x46c /opt/devkitpro/libogc/lib/wii/libogc.a(system_asm.o)
                0x80004c8c                __realmode
                0x80004ca4                __configBATS
                0x80004dd4                __InitFPRS
                0x80004f00                __InitPS
                0x80004f5c                __InitCache
                0x80004fb4                __InitSystem
                0x8000503c                __reset
                0x800050ac                __InitBATS
                0x800050c8                SYS_SwitchFiber
 .text          0x800050f8      0x1ac /opt/devkitpro/libogc/lib/wii/libogc.a(decrementer_handler.o)
                0x800050f8                dec_exceptionhandler
 .text          0x800052a4      0x35c /opt/devkitpro/libogc/lib/wii/libogc.a(exception_handler.o)
                0x800052a4                exceptionhandler_start
                0x80005320                exceptionhandler_patch
                0x80005354                exceptionhandler_end
                0x80005358                default_exceptionhandler
                0x80005488                fpu_exceptionhandler
                0x800055d0                systemcallhandler_start
                0x800055fc                systemcallhandler_end
 .text          0x80005600       0x48 /opt/devkitpro/devkitPPC/bin/../lib/gcc/powerpc-eabi/15.1.0/libgcc.a(eabi.o)
                0x80005600                __eabi
 .text          0x80005648       0x58 /opt/devkitpro/devkitPPC/bin/../lib/gcc/powerpc-eabi/15.1.0/libgcc.a(crtresxgpr.o)
                0x80005648                _restgpr_14_x
                0x8000564c                _restgpr_15_x
                0x80005650                _restgpr_16_x
                0x80005654                _restgpr_17_x
                0x80005658                _restgpr_18_x
                0x8000565c                _restgpr_19_x
                0x80005660                _restgpr_20_x
                0x80005664                _restgpr_21_x
                0x80005668                _restgpr_22_x
                0x8000566c                _restgpr_23_x
                0x80005670                _restgpr_24_x
                0x80005674                _restgpr_25_x
                0x80005678                _restgpr_26_x
                0x8000567c                _restgpr_27_x
                0x80005680                _restgpr_28_x
                0x80005684                _restgpr_29_x
                0x80005688                _restgpr_30_x
                0x8000568c                _restgpr_31_x
 *(.text.*)
 .text.__do_global_dtors_aux
                0x800056a0       0xcc /opt/devkitpro/devkitPPC/bin/../lib/gcc/powerpc-eabi/15.1.0/crtbegin.o
 .text.frame_dummy
                0x8000576c       0x24 /opt/devkitpro/devkitPPC/bin/../lib/gcc/powerpc-eabi/15.1.0/crtbegin.o
 .text.__crtmain
                0x80005790       0x40 /opt/devkitpro/devkitPPC/bin/../lib/gcc/powerpc-eabi/15.1.0/../../../../powerpc-eabi/lib/crtmain.o
                0x80005794                __crtmain
 .text.Bifurcation
                0x800057d0      0x248 template.o
                0x800057d0                Bifurcation
 .text.startup.main
                0x80005a18       0xdc template.o
                0x80005a18                main
 .text.WPAD_ReadEvent
                0x80005af4      0x6a8 /opt/devkitpro/libogc/lib/wii/libwiiuse.a(wpad.o)
                0x80005af4                WPAD_ReadEvent
 .text.WPAD_ReadPending
                0x8000619c      0x1b4 /opt/devkitpro/libogc/lib/wii/libwiiuse.a(wpad.o)
                0x8000619c                WPAD_ReadPending
 .text.WPAD_ScanPads
                0x80006350       0x7c /opt/devkitpro/libogc/lib/wii/libwiiuse.a(wpad.o)
                0x80006350                WPAD_ScanPads
 .text.WPAD_ButtonsDown
                0x800063cc       0x28 /opt/devkitpro/libogc/lib/wii/libwiiuse.a(wpad.o)
                0x800063cc                WPAD_ButtonsDown
 .text.calculate_gforce
                0x800063f4      0x114 /opt/devkitpro/libogc/lib/wii/libwiiuse.a(dynamics.o)
                0x800063f4                calculate_gforce
 .text.calc_joystick_state
                0x80006508      0x208 /opt/devkitpro/libogc/lib/wii/libwiiuse.a(dynamics.o)
                0x80006508                calc_joystick_state
 .text.apply_smoothing
                0x80006710      0x110 /opt/devkitpro/libogc/lib/wii/libwiiuse.a(dynamics.o)
                0x80006710                apply_smoothing
 .text.calculate_orientation
                0x80006820      0x360 /opt/devkitpro/libogc/lib/wii/libwiiuse.a(dynamics.o)
                0x80006820                calculate_orientation
 .text.calc_balanceboard_state
                0x80006b80      0x3a4 /opt/devkitpro/libogc/lib/wii/libwiiuse.a(dynamics.o)
                0x80006b80                calc_balanceboard_state
 .text.rotate_dots
                0x80006f24      0x134 /opt/devkitpro/libogc/lib/wii/libwiiuse.a(ir.o)
 .text.find_sensorbar
                0x80007058      0xb00 /opt/devkitpro/libogc/lib/wii/libwiiuse.a(ir.o)
                0x80007058                find_sensorbar
 .text.apply_ir_smoothing
                0x80007b58      0x120 /opt/devkitpro/libogc/lib/wii/libwiiuse.a(ir.o)
                0x80007b58                apply_ir_smoothing
 .text.interpret_ir_data
                0x80007c78      0x3d0 /opt/devkitpro/libogc/lib/wii/libwiiuse.a(ir.o)
                0x80007c78                interpret_ir_data
 .text.RGB8_to_YCbCr
                0x80008048      0x144 /opt/devkitpro/libogc/lib/wii/libogc.a(console.o)
 .text.__console_drawc.part.0
                0x8000818c      0x268 /opt/devkitpro/libogc/lib/wii/libogc.a(console.o)
 .text.__console_clear
                0x800083f4      0x174 /opt/devkitpro/libogc/lib/wii/libogc.a(console.o)
 .text.__set_default_console
                0x80008568      0x108 /opt/devkitpro/libogc/lib/wii/libogc.a(console.o)
 .text.__console_clear_line
                0x80008670      0x150 /opt/devkitpro/libogc/lib/wii/libogc.a(console.o)
 .text.__console_init
                0x800087c0       0x70 /opt/devkitpro/libogc/lib/wii/libogc.a(console.o)
                0x800087c0                __console_init
 .text.newRow   0x80008830      0x110 /opt/devkitpro/libogc/lib/wii/libogc.a(console.o)
                0x80008830                newRow
 .text.consolePrintChar.part.0
                0x80008940      0x228 /opt/devkitpro/libogc/lib/wii/libogc.a(console.o)
 .text.__console_write
                0x80008b68      0xc20 /opt/devkitpro/libogc/lib/wii/libogc.a(console.o)
                0x80008b68                __console_write
 .text.CON_Init
                0x80009788       0x80 /opt/devkitpro/libogc/lib/wii/libogc.a(console.o)
                0x80009788                CON_Init
 .text.CON_EnableGecko
                0x80009808       0xf8 /opt/devkitpro/libogc/lib/wii/libogc.a(console.o)
                0x80009808                CON_EnableGecko
 .text.consoleClear
                0x80009900       0x10 /opt/devkitpro/libogc/lib/wii/libogc.a(console.o)
                0x80009900                consoleClear
 .text.__lwp_queue_initialize
                0x80009910       0x98 /opt/devkitpro/libogc/lib/wii/libogc.a(lwp_queue.o)
                0x80009910                __lwp_queue_initialize
 .text.__lwp_queue_get
                0x800099a8       0x74 /opt/devkitpro/libogc/lib/wii/libogc.a(lwp_queue.o)
                0x800099a8                __lwp_queue_get
 .text.__lwp_queue_append
                0x80009a1c       0x4c /opt/devkitpro/libogc/lib/wii/libogc.a(lwp_queue.o)
                0x80009a1c                __lwp_queue_append
 .text.__syscall_getreent
                0x80009a68       0x24 /opt/devkitpro/libogc/lib/wii/libogc.a(lwp_threads.o)
                0x80009a68                __syscall_getreent
 .text.__lwp_isr_in_progress
                0x80009a8c        0x8 /opt/devkitpro/libogc/lib/wii/libogc.a(lwp_threads.o)
                0x80009a8c                __lwp_isr_in_progress
 .text.__thread_dispatch_fp
                0x80009a94       0x88 /opt/devkitpro/libogc/lib/wii/libogc.a(lwp_threads.o)
                0x80009a94                __thread_dispatch_fp
 .text.__thread_dispatch
                0x80009b1c       0xf4 /opt/devkitpro/libogc/lib/wii/libogc.a(lwp_threads.o)
                0x80009b1c                __thread_dispatch
 .text.__lwp_thread_resettimeslice
                0x80009c10       0xb4 /opt/devkitpro/libogc/lib/wii/libogc.a(lwp_threads.o)
                0x80009c10                __lwp_thread_resettimeslice
 .text.__lwp_thread_tickle_timeslice
                0x80009cc4       0xc8 /opt/devkitpro/libogc/lib/wii/libogc.a(lwp_threads.o)
                0x80009cc4                __lwp_thread_tickle_timeslice
 .text.__lwp_thread_setstate
                0x80009d8c      0x16c /opt/devkitpro/libogc/lib/wii/libogc.a(lwp_threads.o)
                0x80009d8c                __lwp_thread_setstate
 .text.__lwp_thread_clearstate
                0x80009ef8       0xe4 /opt/devkitpro/libogc/lib/wii/libogc.a(lwp_threads.o)
                0x80009ef8                __lwp_thread_clearstate
 .text.__lwp_thread_settransient
                0x80009fdc       0xb4 /opt/devkitpro/libogc/lib/wii/libogc.a(lwp_threads.o)
                0x80009fdc                __lwp_thread_settransient
 .text.__lwp_thread_changepriority
                0x8000a090      0x1f8 /opt/devkitpro/libogc/lib/wii/libogc.a(lwp_threads.o)
                0x8000a090                __lwp_thread_changepriority
 .text.__lwp_thread_ready
                0x8000a288       0xf0 /opt/devkitpro/libogc/lib/wii/libogc.a(lwp_threads.o)
                0x8000a288                __lwp_thread_ready
 .text.__lwp_thread_init
                0x8000a378      0x160 /opt/devkitpro/libogc/lib/wii/libogc.a(lwp_threads.o)
                0x8000a378                __lwp_thread_init
 .text.__lwp_thread_close
                0x8000a4d8      0x144 /opt/devkitpro/libogc/lib/wii/libogc.a(lwp_threads.o)
                0x8000a4d8                __lwp_thread_close
 .text.__lwp_thread_handler
                0x8000a61c       0xc0 /opt/devkitpro/libogc/lib/wii/libogc.a(lwp_threads.o)
 .text.__lwp_thread_closeall
                0x8000a6dc       0xb4 /opt/devkitpro/libogc/lib/wii/libogc.a(lwp_threads.o)
                0x8000a6dc                __lwp_thread_closeall
 .text.__lwp_thread_start
                0x8000a790      0x13c /opt/devkitpro/libogc/lib/wii/libogc.a(lwp_threads.o)
                0x8000a790                __lwp_thread_start
 .text.__lwp_thread_startmultitasking
                0x8000a8cc       0xac /opt/devkitpro/libogc/lib/wii/libogc.a(lwp_threads.o)
                0x8000a8cc                __lwp_thread_startmultitasking
 .text.__lwp_thread_stopmultitasking
                0x8000a978       0x58 /opt/devkitpro/libogc/lib/wii/libogc.a(lwp_threads.o)
                0x8000a978                __lwp_thread_stopmultitasking
 .text.__lwp_thread_coreinit
                0x8000a9d0       0xc8 /opt/devkitpro/libogc/lib/wii/libogc.a(lwp_threads.o)
                0x8000a9d0                __lwp_thread_coreinit
 .text.idle_func
                0x8000aa98        0x4 /opt/devkitpro/libogc/lib/wii/libogc.a(lwp.o)
 .text.__lwp_sysinit
                0x8000aa9c      0x114 /opt/devkitpro/libogc/lib/wii/libogc.a(lwp.o)
                0x8000aa9c                __lwp_sysinit
 .text.LWP_InitQueue
                0x8000abb0      0x148 /opt/devkitpro/libogc/lib/wii/libogc.a(lwp.o)
                0x8000abb0                LWP_InitQueue
 .text.LWP_CloseQueue
                0x8000acf8       0xd4 /opt/devkitpro/libogc/lib/wii/libogc.a(lwp.o)
                0x8000acf8                LWP_CloseQueue
 .text.LWP_ThreadSleep
                0x8000adcc       0xf4 /opt/devkitpro/libogc/lib/wii/libogc.a(lwp.o)
                0x8000adcc                LWP_ThreadSleep
 .text.LWP_ThreadBroadcast
                0x8000aec0       0x88 /opt/devkitpro/libogc/lib/wii/libogc.a(lwp.o)
                0x8000aec0                LWP_ThreadBroadcast
 .text.LWP_ThreadSignal
                0x8000af48       0x74 /opt/devkitpro/libogc/lib/wii/libogc.a(lwp.o)
                0x8000af48                LWP_ThreadSignal
 .text.__lwp_stack_allocate
                0x8000afbc       0x60 /opt/devkitpro/libogc/lib/wii/libogc.a(lwp_stack.o)
                0x8000afbc                __lwp_stack_allocate
 .text.__lwp_stack_free
                0x8000b01c       0x1c /opt/devkitpro/libogc/lib/wii/libogc.a(lwp_stack.o)
                0x8000b01c                __lwp_stack_free
 .text.__lwp_wd_settimer
                0x8000b038       0xdc /opt/devkitpro/libogc/lib/wii/libogc.a(lwp_watchdog.o)
 .text.__lwp_watchdog_init
                0x8000b114       0x2c /opt/devkitpro/libogc/lib/wii/libogc.a(lwp_watchdog.o)
                0x8000b114                __lwp_watchdog_init
 .text.__lwp_wd_insert
                0x8000b140      0x194 /opt/devkitpro/libogc/lib/wii/libogc.a(lwp_watchdog.o)
                0x8000b140                __lwp_wd_insert
 .text.__lwp_wd_remove
                0x8000b2d4      0x134 /opt/devkitpro/libogc/lib/wii/libogc.a(lwp_watchdog.o)
                0x8000b2d4                __lwp_wd_remove
 .text.__lwp_wd_tickle
                0x8000b408      0x120 /opt/devkitpro/libogc/lib/wii/libogc.a(lwp_watchdog.o)
                0x8000b408                __lwp_wd_tickle
 .text.__lwp_wkspace_init
                0x8000b528       0xc0 /opt/devkitpro/libogc/lib/wii/libogc.a(lwp_wkspace.o)
                0x8000b528                __lwp_wkspace_init
 .text.__lwp_objmgr_initinfo
                0x8000b5e8      0x1a0 /opt/devkitpro/libogc/lib/wii/libogc.a(lwp_objmgr.o)
                0x8000b5e8                __lwp_objmgr_initinfo
 .text.__lwp_objmgr_getisrdisable
                0x8000b788       0x60 /opt/devkitpro/libogc/lib/wii/libogc.a(lwp_objmgr.o)
                0x8000b788                __lwp_objmgr_getisrdisable
 .text.__lwp_objmgr_getnoprotection
                0x8000b7e8       0x24 /opt/devkitpro/libogc/lib/wii/libogc.a(lwp_objmgr.o)
                0x8000b7e8                __lwp_objmgr_getnoprotection
 .text.__lwp_objmgr_get
                0x8000b80c       0x6c /opt/devkitpro/libogc/lib/wii/libogc.a(lwp_objmgr.o)
                0x8000b80c                __lwp_objmgr_get
 .text.__lwp_objmgr_allocate
                0x8000b878       0x88 /opt/devkitpro/libogc/lib/wii/libogc.a(lwp_objmgr.o)
                0x8000b878                __lwp_objmgr_allocate
 .text.__lwp_objmgr_free
                0x8000b900       0x60 /opt/devkitpro/libogc/lib/wii/libogc.a(lwp_objmgr.o)
                0x8000b900                __lwp_objmgr_free
 .text.__lwp_heap_init
                0x8000b960       0xa4 /opt/devkitpro/libogc/lib/wii/libogc.a(lwp_heap.o)
                0x8000b960                __lwp_heap_init
 .text.__lwp_heap_allocate
                0x8000ba04      0x168 /opt/devkitpro/libogc/lib/wii/libogc.a(lwp_heap.o)
                0x8000ba04                __lwp_heap_allocate
 .text.__lwp_heap_free
                0x8000bb6c      0x188 /opt/devkitpro/libogc/lib/wii/libogc.a(lwp_heap.o)
                0x8000bb6c                __lwp_heap_free
 .text.__systemcall_init
                0x8000bcf4       0x6c /opt/devkitpro/libogc/lib/wii/libogc.a(exception.o)
                0x8000bcf4                __systemcall_init
 .text.__exception_init
                0x8000bd60      0x128 /opt/devkitpro/libogc/lib/wii/libogc.a(exception.o)
                0x8000bd60                __exception_init
 .text.__exception_close
                0x8000be88       0xa4 /opt/devkitpro/libogc/lib/wii/libogc.a(exception.o)
                0x8000be88                __exception_close
 .text.__exception_closeall
                0x8000bf2c       0x80 /opt/devkitpro/libogc/lib/wii/libogc.a(exception.o)
                0x8000bf2c                __exception_closeall
 .text.__exception_setreload
                0x8000bfac        0xc /opt/devkitpro/libogc/lib/wii/libogc.a(exception.o)
                0x8000bfac                __exception_setreload
 .text.__exception_setlookupxfb
                0x8000bfb8        0x8 /opt/devkitpro/libogc/lib/wii/libogc.a(exception.o)
                0x8000bfb8                __exception_setlookupxfb
 .text.c_default_exceptionhandler
                0x8000bfc0      0x574 /opt/devkitpro/libogc/lib/wii/libogc.a(exception.o)
                0x8000bfc0                c_default_exceptionhandler
 .text.__SetInterrupts
                0x8000c534      0x268 /opt/devkitpro/libogc/lib/wii/libogc.a(irq.o)
 .text.c_irqdispatcher
                0x8000c79c      0x26c /opt/devkitpro/libogc/lib/wii/libogc.a(irq.o)
                0x8000c79c                c_irqdispatcher
 .text.__UnmaskIrq
                0x8000ca08       0x84 /opt/devkitpro/libogc/lib/wii/libogc.a(irq.o)
                0x8000ca08                __UnmaskIrq
 .text.__MaskIrq
                0x8000ca8c       0x84 /opt/devkitpro/libogc/lib/wii/libogc.a(irq.o)
                0x8000ca8c                __MaskIrq
 .text.__irq_init
                0x8000cb10       0x84 /opt/devkitpro/libogc/lib/wii/libogc.a(irq.o)
                0x8000cb10                __irq_init
 .text.IRQ_Request
                0x8000cb94       0x50 /opt/devkitpro/libogc/lib/wii/libogc.a(irq.o)
                0x8000cb94                IRQ_Request
 .text.IRQ_GetHandler
                0x8000cbe4       0x44 /opt/devkitpro/libogc/lib/wii/libogc.a(irq.o)
                0x8000cbe4                IRQ_GetHandler
 .text.__lwp_sema_init
                0x8000cc28       0x14 /opt/devkitpro/libogc/lib/wii/libogc.a(semaphore.o)
                0x8000cc28                __lwp_sema_init
 .text.__VISendI2CData.constprop.0.isra.0
                0x8000cc3c      0x418 /opt/devkitpro/libogc/lib/wii/libogc.a(video.o)
 .text.__setFbbRegs.constprop.0
                0x8000d054      0x190 /opt/devkitpro/libogc/lib/wii/libogc.a(video.o)
 .text.__VISetYUVSEL
                0x8000d1e4       0xb8 /opt/devkitpro/libogc/lib/wii/libogc.a(video.o)
 .text.__VIClearFramebuffer
                0x8000d29c       0x48 /opt/devkitpro/libogc/lib/wii/libogc.a(video.o)
                0x8000d29c                __VIClearFramebuffer
 .text.VIDEO_Configure
                0x8000d2e4      0x5dc /opt/devkitpro/libogc/lib/wii/libogc.a(video.o)
                0x8000d2e4                VIDEO_Configure
 .text.VIDEO_WaitVSync
                0x8000d8c0       0x74 /opt/devkitpro/libogc/lib/wii/libogc.a(video.o)
                0x8000d8c0                VIDEO_WaitVSync
 .text.VIDEO_SetFramebuffer
                0x8000d934       0xd0 /opt/devkitpro/libogc/lib/wii/libogc.a(video.o)
                0x8000d934                VIDEO_SetFramebuffer
 .text.VIDEO_SetNextFramebuffer
                0x8000da04       0x70 /opt/devkitpro/libogc/lib/wii/libogc.a(video.o)
                0x8000da04                VIDEO_SetNextFramebuffer
 .text.VIDEO_Flush
                0x8000da74       0xf4 /opt/devkitpro/libogc/lib/wii/libogc.a(video.o)
                0x8000da74                VIDEO_Flush
 .text.VIDEO_SetBlack
                0x8000db68      0x15c /opt/devkitpro/libogc/lib/wii/libogc.a(video.o)
                0x8000db68                VIDEO_SetBlack
 .text.VIDEO_GetCurrentTvMode
                0x8000dcc4       0x78 /opt/devkitpro/libogc/lib/wii/libogc.a(video.o)
                0x8000dcc4                VIDEO_GetCurrentTvMode
 .text.__VIRetraceHandler
                0x8000dd3c      0x284 /opt/devkitpro/libogc/lib/wii/libogc.a(video.o)
 .text.__VISetupEncoder
                0x8000dfc0      0x288 /opt/devkitpro/libogc/lib/wii/libogc.a(video.o)
 .text.VIDEO_Init
                0x8000e248      0x3cc /opt/devkitpro/libogc/lib/wii/libogc.a(video.o)
                0x8000e248                VIDEO_Init
 .text.VIDEO_GetPreferredMode
                0x8000e614      0x108 /opt/devkitpro/libogc/lib/wii/libogc.a(video.o)
                0x8000e614                VIDEO_GetPreferredMode
 .text.VIDEO_GetCurrentLine
                0x8000e71c       0x9c /opt/devkitpro/libogc/lib/wii/libogc.a(video.o)
                0x8000e71c                VIDEO_GetCurrentLine
 .text.VIDEO_GetFrameBufferSize
                0x8000e7b8       0x34 /opt/devkitpro/libogc/lib/wii/libogc.a(video.o)
                0x8000e7b8                VIDEO_GetFrameBufferSize
 .text.VIDEO_ClearFrameBuffer
                0x8000e7ec       0x78 /opt/devkitpro/libogc/lib/wii/libogc.a(video.o)
                0x8000e7ec                VIDEO_ClearFrameBuffer
 .text.VIDEO_HaveComponentCable
                0x8000e864       0x14 /opt/devkitpro/libogc/lib/wii/libogc.a(video.o)
                0x8000e864                VIDEO_HaveComponentCable
 .text.SPEC1_MakeStatus
                0x8000e878      0x104 /opt/devkitpro/libogc/lib/wii/libogc.a(pad.o)
 .text.__pad_samplinghandler
                0x8000e97c        0x4 /opt/devkitpro/libogc/lib/wii/libogc.a(pad.o)
 .text.__pad_doreset
                0x8000e980       0x50 /opt/devkitpro/libogc/lib/wii/libogc.a(pad.o)
 .text.__pad_updateorigin
                0x8000e9d0       0x94 /opt/devkitpro/libogc/lib/wii/libogc.a(pad.o)
 .text.__pad_disable
                0x8000ea64       0xbc /opt/devkitpro/libogc/lib/wii/libogc.a(pad.o)
 .text.__pad_receivecheckcallback
                0x8000eb20       0x74 /opt/devkitpro/libogc/lib/wii/libogc.a(pad.o)
 .text.__pad_typeandstatuscallback
                0x8000eb94      0x1b4 /opt/devkitpro/libogc/lib/wii/libogc.a(pad.o)
 .text.__pad_originupdatecallback
                0x8000ed48       0x2c /opt/devkitpro/libogc/lib/wii/libogc.a(pad.o)
 .text.SPEC2_MakeStatus
                0x8000ed74      0x220 /opt/devkitpro/libogc/lib/wii/libogc.a(pad.o)
 .text.__pad_onreset
                0x8000ef94      0x10c /opt/devkitpro/libogc/lib/wii/libogc.a(pad.o)
 .text.__pad_origincallback
                0x8000f0a0       0x74 /opt/devkitpro/libogc/lib/wii/libogc.a(pad.o)
 .text.__pad_probecallback
                0x8000f114       0x84 /opt/devkitpro/libogc/lib/wii/libogc.a(pad.o)
 .text.__PADDisableRecalibration
                0x8000f198       0x60 /opt/devkitpro/libogc/lib/wii/libogc.a(pad.o)
                0x8000f198                __PADDisableRecalibration
 .text.PAD_Reset
                0x8000f1f8       0xf0 /opt/devkitpro/libogc/lib/wii/libogc.a(pad.o)
                0x8000f1f8                PAD_Reset
 .text.PAD_Read
                0x8000f2e8      0x2cc /opt/devkitpro/libogc/lib/wii/libogc.a(pad.o)
                0x8000f2e8                PAD_Read
 .text.PAD_Init
                0x8000f5b4       0xf8 /opt/devkitpro/libogc/lib/wii/libogc.a(pad.o)
                0x8000f5b4                PAD_Init
 .text.PAD_ScanPads
                0x8000f6ac      0x13c /opt/devkitpro/libogc/lib/wii/libogc.a(pad.o)
                0x8000f6ac                PAD_ScanPads
 .text.PAD_ButtonsDown
                0x8000f7e8       0x40 /opt/devkitpro/libogc/lib/wii/libogc.a(pad.o)
                0x8000f7e8                PAD_ButtonsDown
 .text.__call_resetfuncs
                0x8000f828       0xbc /opt/devkitpro/libogc/lib/wii/libogc.a(system.o)
 .text.__MEMInterruptHandler
                0x8000f8e4       0x14 /opt/devkitpro/libogc/lib/wii/libogc.a(system.o)
 .text.__RSWDefaultHandler
                0x8000f8f8        0x4 /opt/devkitpro/libogc/lib/wii/libogc.a(system.o)
 .text.__POWDefaultHandler
                0x8000f8fc        0x4 /opt/devkitpro/libogc/lib/wii/libogc.a(system.o)
 .text.__getrtc
                0x8000f900      0x14c /opt/devkitpro/libogc/lib/wii/libogc.a(system.o)
 .text.__sram_write
                0x8000fa4c      0x144 /opt/devkitpro/libogc/lib/wii/libogc.a(system.o)
 .text.__sram_writecallback
                0x8000fb90       0x54 /opt/devkitpro/libogc/lib/wii/libogc.a(system.o)
 .text.__mem_onreset
                0x8000fbe4       0x48 /opt/devkitpro/libogc/lib/wii/libogc.a(system.o)
 .text.__unlocksram
                0x8000fc2c      0x130 /opt/devkitpro/libogc/lib/wii/libogc.a(system.o)
 .text.__sys_alarmhandler
                0x8000fd5c      0x14c /opt/devkitpro/libogc/lib/wii/libogc.a(system.o)
 .text.__syscall_malloc_lock
                0x8000fea8        0x4 /opt/devkitpro/libogc/lib/wii/libogc.a(system.o)
                0x8000fea8                __syscall_malloc_lock
 .text.__syscall_malloc_unlock
                0x8000feac        0x4 /opt/devkitpro/libogc/lib/wii/libogc.a(system.o)
                0x8000feac                __syscall_malloc_unlock
 .text.__SYS_GetRTC
                0x8000feb0       0x98 /opt/devkitpro/libogc/lib/wii/libogc.a(system.o)
                0x8000feb0                __SYS_GetRTC
 .text.__SYS_SetBootTime
                0x8000ff48       0xf4 /opt/devkitpro/libogc/lib/wii/libogc.a(system.o)
                0x8000ff48                __SYS_SetBootTime
 .text.__SYS_GetIPCBufferLo
                0x8001003c        0x8 /opt/devkitpro/libogc/lib/wii/libogc.a(system.o)
                0x8001003c                __SYS_GetIPCBufferLo
 .text.__SYS_GetIPCBufferHi
                0x80010044        0x8 /opt/devkitpro/libogc/lib/wii/libogc.a(system.o)
                0x80010044                __SYS_GetIPCBufferHi
 .text.SYS_DoPowerCB
                0x8001004c       0xd0 /opt/devkitpro/libogc/lib/wii/libogc.a(system.o)
                0x8001004c                SYS_DoPowerCB
 .text.__STMEventHandler
                0x8001011c       0xf4 /opt/devkitpro/libogc/lib/wii/libogc.a(system.o)
 .text.__SYS_PreInit
                0x80010210        0x4 /opt/devkitpro/libogc/lib/wii/libogc.a(system.o)
                0x80010210                __SYS_PreInit
 .text.SYS_PreMain
                0x80010214       0x7c /opt/devkitpro/libogc/lib/wii/libogc.a(system.o)
                0x80010214                SYS_PreMain
 .text.SYS_ResetSystem
                0x80010290      0x1f8 /opt/devkitpro/libogc/lib/wii/libogc.a(system.o)
                0x80010290                SYS_ResetSystem
 .text.__reload
                0x80010488       0x7c /opt/devkitpro/libogc/lib/wii/libogc.a(system.o)
                0x80010488                __reload
 .text.__syscall_exit
                0x80010504       0x84 /opt/devkitpro/libogc/lib/wii/libogc.a(system.o)
                0x80010504                __syscall_exit
 .text.SYS_RegisterResetFunc
                0x80010588       0x78 /opt/devkitpro/libogc/lib/wii/libogc.a(system.o)
                0x80010588                SYS_RegisterResetFunc
 .text.SYS_SetArena1Lo
                0x80010600       0x38 /opt/devkitpro/libogc/lib/wii/libogc.a(system.o)
                0x80010600                SYS_SetArena1Lo
 .text.SYS_GetArena1Lo
                0x80010638       0x38 /opt/devkitpro/libogc/lib/wii/libogc.a(system.o)
                0x80010638                SYS_GetArena1Lo
 .text.SYS_GetArena1Hi
                0x80010670       0x38 /opt/devkitpro/libogc/lib/wii/libogc.a(system.o)
                0x80010670                SYS_GetArena1Hi
 .text.SYS_SetArena2Lo
                0x800106a8       0x38 /opt/devkitpro/libogc/lib/wii/libogc.a(system.o)
                0x800106a8                SYS_SetArena2Lo
 .text.SYS_GetArena2Lo
                0x800106e0       0x38 /opt/devkitpro/libogc/lib/wii/libogc.a(system.o)
                0x800106e0                SYS_GetArena2Lo
 .text.SYS_GetArena2Hi
                0x80010718       0x38 /opt/devkitpro/libogc/lib/wii/libogc.a(system.o)
                0x80010718                SYS_GetArena2Hi
 .text.SYS_AllocateFramebuffer
                0x80010750       0x28 /opt/devkitpro/libogc/lib/wii/libogc.a(system.o)
                0x80010750                SYS_AllocateFramebuffer
 .text.SYS_CreateAlarm
                0x80010778      0x104 /opt/devkitpro/libogc/lib/wii/libogc.a(system.o)
                0x80010778                SYS_CreateAlarm
 .text.SYS_SetAlarm
                0x8001087c      0x1e0 /opt/devkitpro/libogc/lib/wii/libogc.a(system.o)
                0x8001087c                SYS_SetAlarm
 .text.SYS_CancelAlarm
                0x80010a5c       0xbc /opt/devkitpro/libogc/lib/wii/libogc.a(system.o)
                0x80010a5c                SYS_CancelAlarm
 .text.SYS_GetWirelessID
                0x80010b18       0x90 /opt/devkitpro/libogc/lib/wii/libogc.a(system.o)
                0x80010b18                SYS_GetWirelessID
 .text.SYS_SetWirelessID
                0x80010ba8       0x90 /opt/devkitpro/libogc/lib/wii/libogc.a(system.o)
                0x80010ba8                SYS_SetWirelessID
 .text.SYS_SetGBSMode
                0x80010c38       0xa8 /opt/devkitpro/libogc/lib/wii/libogc.a(system.o)
                0x80010c38                SYS_SetGBSMode
 .text.__sram_init
                0x80010ce0      0x1c0 /opt/devkitpro/libogc/lib/wii/libogc.a(system.o)
                0x80010ce0                __sram_init
 .text.SYS_Init
                0x80010ea0      0x5b0 /opt/devkitpro/libogc/lib/wii/libogc.a(system.o)
                0x80010ea0                SYS_Init
 .text.SYS_GetHollywoodRevision
                0x80011450       0x3c /opt/devkitpro/libogc/lib/wii/libogc.a(system.o)
                0x80011450                SYS_GetHollywoodRevision
 .text.SYS_Time
                0x8001148c       0x78 /opt/devkitpro/libogc/lib/wii/libogc.a(system.o)
                0x8001148c                SYS_Time
 .text.__lwp_cond_init
                0x80011504       0x14 /opt/devkitpro/libogc/lib/wii/libogc.a(cond.o)
                0x80011504                __lwp_cond_init
 .text.__GX_InitRevBits
                0x80011518       0x9c /opt/devkitpro/libogc/lib/wii/libogc.a(gx.o)
 .text.GX_AbortFrame
                0x800115b4      0x374 /opt/devkitpro/libogc/lib/wii/libogc.a(gx.o)
                0x800115b4                GX_AbortFrame
 .text.__decrementer_init
                0x80011928        0x4 /opt/devkitpro/libogc/lib/wii/libogc.a(decrementer.o)
                0x80011928                __decrementer_init
 .text.c_decrementer_handler
                0x8001192c        0xc /opt/devkitpro/libogc/lib/wii/libogc.a(decrementer.o)
                0x8001192c                c_decrementer_handler
 .text.__lwp_mqbox_init
                0x80011938       0x14 /opt/devkitpro/libogc/lib/wii/libogc.a(message.o)
                0x80011938                __lwp_mqbox_init
 .text.__si_transfer
                0x8001194c      0x1d0 /opt/devkitpro/libogc/lib/wii/libogc.a(si.o)
 .text.__si_alarmhandler
                0x80011b1c       0xa0 /opt/devkitpro/libogc/lib/wii/libogc.a(si.o)
 .text.__si_completetransfer
                0x80011bbc      0x1fc /opt/devkitpro/libogc/lib/wii/libogc.a(si.o)
 .text.__si_transfernext
                0x80011db8       0xd8 /opt/devkitpro/libogc/lib/wii/libogc.a(si.o)
 .text.SI_Busy  0x80011e90       0x18 /opt/devkitpro/libogc/lib/wii/libogc.a(si.o)
                0x80011e90                SI_Busy
 .text.SI_IsChanBusy
                0x80011ea8       0x38 /opt/devkitpro/libogc/lib/wii/libogc.a(si.o)
                0x80011ea8                SI_IsChanBusy
 .text.SI_SetXY
                0x80011ee0       0x64 /opt/devkitpro/libogc/lib/wii/libogc.a(si.o)
                0x80011ee0                SI_SetXY
 .text.SI_EnablePolling
                0x80011f44       0x78 /opt/devkitpro/libogc/lib/wii/libogc.a(si.o)
                0x80011f44                SI_EnablePolling
 .text.SI_DisablePolling
                0x80011fbc       0x58 /opt/devkitpro/libogc/lib/wii/libogc.a(si.o)
                0x80011fbc                SI_DisablePolling
 .text.SI_SetSamplingRate
                0x80012014       0xd8 /opt/devkitpro/libogc/lib/wii/libogc.a(si.o)
                0x80012014                SI_SetSamplingRate
 .text.SI_RefreshSamplingRate
                0x800120ec        0x8 /opt/devkitpro/libogc/lib/wii/libogc.a(si.o)
                0x800120ec                SI_RefreshSamplingRate
 .text.SI_GetStatus
                0x800120f4       0x78 /opt/devkitpro/libogc/lib/wii/libogc.a(si.o)
                0x800120f4                SI_GetStatus
 .text.SI_GetResponseRaw
                0x8001216c       0xe8 /opt/devkitpro/libogc/lib/wii/libogc.a(si.o)
                0x8001216c                SI_GetResponseRaw
 .text.SI_GetResponse
                0x80012254       0xb8 /opt/devkitpro/libogc/lib/wii/libogc.a(si.o)
                0x80012254                SI_GetResponse
 .text.SI_SetCommand
                0x8001230c       0x10 /opt/devkitpro/libogc/lib/wii/libogc.a(si.o)
                0x8001230c                SI_SetCommand
 .text.SI_Transfer
                0x8001231c      0x29c /opt/devkitpro/libogc/lib/wii/libogc.a(si.o)
                0x8001231c                SI_Transfer
 .text.__si_gettypecallback
                0x800125b8      0x2b8 /opt/devkitpro/libogc/lib/wii/libogc.a(si.o)
 .text.__si_interrupthandler
                0x80012870      0x278 /opt/devkitpro/libogc/lib/wii/libogc.a(si.o)
 .text.SI_GetType
                0x80012ae8      0x214 /opt/devkitpro/libogc/lib/wii/libogc.a(si.o)
                0x80012ae8                SI_GetType
 .text.SI_GetTypeAsync
                0x80012cfc      0x13c /opt/devkitpro/libogc/lib/wii/libogc.a(si.o)
                0x80012cfc                SI_GetTypeAsync
 .text.SI_EnablePollingInterrupt
                0x80012e38       0x8c /opt/devkitpro/libogc/lib/wii/libogc.a(si.o)
                0x80012e38                SI_EnablePollingInterrupt
 .text.SI_UnregisterPollingHandler
                0x80012ec4       0xf4 /opt/devkitpro/libogc/lib/wii/libogc.a(si.o)
                0x80012ec4                SI_UnregisterPollingHandler
 .text.__si_init
                0x80012fb8       0xe0 /opt/devkitpro/libogc/lib/wii/libogc.a(si.o)
                0x80012fb8                __si_init
 .text.__ipc_sendrequest.part.0
                0x80013098       0xd8 /opt/devkitpro/libogc/lib/wii/libogc.a(ipc.o)
 .text.__ipc_syncrequest
                0x80013170       0xf4 /opt/devkitpro/libogc/lib/wii/libogc.a(ipc.o)
 .text.__ioctlvfmtCB
                0x80013264      0x158 /opt/devkitpro/libogc/lib/wii/libogc.a(ipc.o)
 .text.__ios_ioctlvformat_parse
                0x800133bc      0x824 /opt/devkitpro/libogc/lib/wii/libogc.a(ipc.o)
 .text.__ipc_asyncrequest
                0x80013be0      0x144 /opt/devkitpro/libogc/lib/wii/libogc.a(ipc.o)
 .text.__ipc_interrupthandler
                0x80013d24      0x384 /opt/devkitpro/libogc/lib/wii/libogc.a(ipc.o)
 .text.iosCreateHeap
                0x800140a8      0x138 /opt/devkitpro/libogc/lib/wii/libogc.a(ipc.o)
                0x800140a8                iosCreateHeap
 .text.__IPC_ClntInit
                0x800141e0       0xc4 /opt/devkitpro/libogc/lib/wii/libogc.a(ipc.o)
                0x800141e0                __IPC_ClntInit
 .text.IOS_Open
                0x800142a4      0x110 /opt/devkitpro/libogc/lib/wii/libogc.a(ipc.o)
                0x800142a4                IOS_Open
 .text.IOS_Close
                0x800143b4       0xf0 /opt/devkitpro/libogc/lib/wii/libogc.a(ipc.o)
                0x800143b4                IOS_Close
 .text.IOS_Read
                0x800144a4      0x10c /opt/devkitpro/libogc/lib/wii/libogc.a(ipc.o)
                0x800144a4                IOS_Read
 .text.IOS_Write
                0x800145b0      0x10c /opt/devkitpro/libogc/lib/wii/libogc.a(ipc.o)
                0x800145b0                IOS_Write
 .text.IOS_Ioctl
                0x800146bc      0x158 /opt/devkitpro/libogc/lib/wii/libogc.a(ipc.o)
                0x800146bc                IOS_Ioctl
 .text.IOS_IoctlAsync
                0x80014814      0x148 /opt/devkitpro/libogc/lib/wii/libogc.a(ipc.o)
                0x80014814                IOS_IoctlAsync
 .text.IOS_Ioctlv
                0x8001495c      0x1f0 /opt/devkitpro/libogc/lib/wii/libogc.a(ipc.o)
                0x8001495c                IOS_Ioctlv
 .text.IOS_IoctlvFormat
                0x80014b4c      0x170 /opt/devkitpro/libogc/lib/wii/libogc.a(ipc.o)
                0x80014b4c                IOS_IoctlvFormat
 .text.IOS_IoctlvReboot
                0x80014cbc      0x1f4 /opt/devkitpro/libogc/lib/wii/libogc.a(ipc.o)
                0x80014cbc                IOS_IoctlvReboot
 .text.gettick  0x80014eb0        0x8 /opt/devkitpro/libogc/lib/wii/libogc.a(timesupp.o)
                0x80014eb0                gettick
 .text.gettime  0x80014eb8       0x18 /opt/devkitpro/libogc/lib/wii/libogc.a(timesupp.o)
                0x80014eb8                gettime
 .text.settime  0x80014ed0       0x14 /opt/devkitpro/libogc/lib/wii/libogc.a(timesupp.o)
                0x80014ed0                settime
 .text.diff_usec
                0x80014ee4       0x90 /opt/devkitpro/libogc/lib/wii/libogc.a(timesupp.o)
                0x80014ee4                diff_usec
 .text.__timesystem_init
                0x80014f74       0x1c /opt/devkitpro/libogc/lib/wii/libogc.a(timesupp.o)
                0x80014f74                __timesystem_init
 .text.udelay   0x80014f90       0xb0 /opt/devkitpro/libogc/lib/wii/libogc.a(timesupp.o)
                0x80014f90                udelay
 .text.__syscall_lock_init
                0x80015040       0x6c /opt/devkitpro/libogc/lib/wii/libogc.a(lock_supp.o)
                0x80015040                __syscall_lock_init
 .text.__syscall_lock_init_recursive
                0x800150ac       0x6c /opt/devkitpro/libogc/lib/wii/libogc.a(lock_supp.o)
                0x800150ac                __syscall_lock_init_recursive
 .text.__syscall_lock_close
                0x80015118       0x48 /opt/devkitpro/libogc/lib/wii/libogc.a(lock_supp.o)
                0x80015118                __syscall_lock_close
 .text.__syscall_lock_acquire
                0x80015160       0x18 /opt/devkitpro/libogc/lib/wii/libogc.a(lock_supp.o)
                0x80015160                __syscall_lock_acquire
 .text.__syscall_lock_release
                0x80015178       0x18 /opt/devkitpro/libogc/lib/wii/libogc.a(lock_supp.o)
                0x80015178                __syscall_lock_release
 .text.__usbgecko_exi_unlock
                0x80015190       0x34 /opt/devkitpro/libogc/lib/wii/libogc.a(usbgecko.o)
 .text.usb_isgeckoalive
                0x800151c4      0x1c4 /opt/devkitpro/libogc/lib/wii/libogc.a(usbgecko.o)
                0x800151c4                usb_isgeckoalive
 .text.usb_sendbuffer_ex
                0x80015388      0x214 /opt/devkitpro/libogc/lib/wii/libogc.a(usbgecko.o)
                0x80015388                usb_sendbuffer_ex
 .text.usb_sendbuffer
                0x8001559c        0x8 /opt/devkitpro/libogc/lib/wii/libogc.a(usbgecko.o)
                0x8001559c                usb_sendbuffer
 .text.usb_sendbuffer_safe_ex
                0x800155a4      0x2ac /opt/devkitpro/libogc/lib/wii/libogc.a(usbgecko.o)
                0x800155a4                usb_sendbuffer_safe_ex
 .text.usb_sendbuffer_safe
                0x80015850        0x8 /opt/devkitpro/libogc/lib/wii/libogc.a(usbgecko.o)
                0x80015850                usb_sendbuffer_safe
 .text._sbrk_r  0x80015858      0x28c /opt/devkitpro/libogc/lib/wii/libogc.a(sbrk.o)
                0x80015858                _sbrk_r
 .text.__memlock_init
                0x80015ae4       0x7c /opt/devkitpro/libogc/lib/wii/libogc.a(malloc_lock.o)
                0x80015ae4                __memlock_init
 .text.__libogc_malloc_lock
                0x80015b60      0x1f8 /opt/devkitpro/libogc/lib/wii/libogc.a(malloc_lock.o)
                0x80015b60                __libogc_malloc_lock
 .text.__libogc_malloc_unlock
                0x80015d58       0x64 /opt/devkitpro/libogc/lib/wii/libogc.a(malloc_lock.o)
                0x80015d58                __libogc_malloc_unlock
 .text._dietPrintDefaultFunc
                0x80015dbc       0xc8 /opt/devkitpro/libogc/lib/wii/libogc.a(kprintf.o)
 .text._dietPrintWidth
                0x80015e84       0xe4 /opt/devkitpro/libogc/lib/wii/libogc.a(kprintf.o)
                0x80015e84                _dietPrintWidth
 .text._dietPrintHex32
                0x80015f68      0x294 /opt/devkitpro/libogc/lib/wii/libogc.a(kprintf.o)
 .text._dietPrintHex64
                0x800161fc       0xc8 /opt/devkitpro/libogc/lib/wii/libogc.a(kprintf.o)
                0x800161fc                _dietPrintHex64
 .text.dietPrintV
                0x800162c4      0x894 /opt/devkitpro/libogc/lib/wii/libogc.a(kprintf.o)
                0x800162c4                dietPrintV
 .text.kprintf  0x80016b58       0x84 /opt/devkitpro/libogc/lib/wii/libogc.a(kprintf.o)
                0x80016b58                kprintf
 .text.__STM_SetEventHook
                0x80016bdc       0xb0 /opt/devkitpro/libogc/lib/wii/libogc.a(stm.o)
                0x80016bdc                __STM_SetEventHook
 .text.__STM_Init
                0x80016c8c       0x8c /opt/devkitpro/libogc/lib/wii/libogc.a(stm.o)
                0x80016c8c                __STM_Init
 .text.__STMEventHandler
                0x80016d18       0x64 /opt/devkitpro/libogc/lib/wii/libogc.a(stm.o)
 .text.__STM_ReleaseEventHook
                0x80016d7c       0x80 /opt/devkitpro/libogc/lib/wii/libogc.a(stm.o)
                0x80016d7c                __STM_ReleaseEventHook
 .text.__STM_Close
                0x80016dfc       0xa8 /opt/devkitpro/libogc/lib/wii/libogc.a(stm.o)
                0x80016dfc                __STM_Close
 .text.STM_RegisterEventHandler
                0x80016ea4       0x10 /opt/devkitpro/libogc/lib/wii/libogc.a(stm.o)
                0x80016ea4                STM_RegisterEventHandler
 .text.STM_ShutdownToStandby
                0x80016eb4       0x50 /opt/devkitpro/libogc/lib/wii/libogc.a(stm.o)
                0x80016eb4                STM_ShutdownToStandby
 .text.STM_ShutdownToIdle
                0x80016f04       0xb4 /opt/devkitpro/libogc/lib/wii/libogc.a(stm.o)
                0x80016f04                STM_ShutdownToIdle
 .text.STM_SetLedMode
                0x80016fb8       0x40 /opt/devkitpro/libogc/lib/wii/libogc.a(stm.o)
                0x80016fb8                STM_SetLedMode
 .text.STM_RebootSystem
                0x80016ff8       0x50 /opt/devkitpro/libogc/lib/wii/libogc.a(stm.o)
                0x80016ff8                STM_RebootSystem
 .text.__IOS_InitializeSubsystems
                0x80017048       0x48 /opt/devkitpro/libogc/lib/wii/libogc.a(ios.o)
                0x80017048                __IOS_InitializeSubsystems
 .text.__IOS_ShutdownSubsystems
                0x80017090       0x48 /opt/devkitpro/libogc/lib/wii/libogc.a(ios.o)
                0x80017090                __IOS_ShutdownSubsystems
 .text.__IOS_LoadStartupIOS
                0x800170d8        0x8 /opt/devkitpro/libogc/lib/wii/libogc.a(ios.o)
                0x800170d8                __IOS_LoadStartupIOS
 .text._ES_fstat_r
                0x800170e0      0x124 /opt/devkitpro/libogc/lib/wii/libogc.a(es.o)
 .text._ES_seek_r
                0x80017204       0xe0 /opt/devkitpro/libogc/lib/wii/libogc.a(es.o)
 .text._ES_close_r
                0x800172e4       0xb4 /opt/devkitpro/libogc/lib/wii/libogc.a(es.o)
 .text.__ES_Init
                0x80017398       0x78 /opt/devkitpro/libogc/lib/wii/libogc.a(es.o)
                0x80017398                __ES_Init
 .text.__ES_Close
                0x80017410       0x54 /opt/devkitpro/libogc/lib/wii/libogc.a(es.o)
                0x80017410                __ES_Close
 .text.ES_GetTitleID
                0x80017464       0x94 /opt/devkitpro/libogc/lib/wii/libogc.a(es.o)
                0x80017464                ES_GetTitleID
 .text.ES_LaunchTitle
                0x800174f8       0xa4 /opt/devkitpro/libogc/lib/wii/libogc.a(es.o)
                0x800174f8                ES_LaunchTitle
 .text.ES_GetNumTicketViews
                0x8001759c       0x98 /opt/devkitpro/libogc/lib/wii/libogc.a(es.o)
                0x8001759c                ES_GetNumTicketViews
 .text.ES_GetTicketViews
                0x80017634       0x8c /opt/devkitpro/libogc/lib/wii/libogc.a(es.o)
                0x80017634                ES_GetTicketViews
 .text.ES_GetStoredTMD
                0x800176c0       0x90 /opt/devkitpro/libogc/lib/wii/libogc.a(es.o)
                0x800176c0                ES_GetStoredTMD
 .text._ES_decodepath
                0x80017750      0x410 /opt/devkitpro/libogc/lib/wii/libogc.a(es.o)
 .text._ES_stat_r
                0x80017b60       0xf0 /opt/devkitpro/libogc/lib/wii/libogc.a(es.o)
 .text._ES_open_r
                0x80017c50      0x1cc /opt/devkitpro/libogc/lib/wii/libogc.a(es.o)
 .text.ES_ReadContent
                0x80017e1c       0x6c /opt/devkitpro/libogc/lib/wii/libogc.a(es.o)
                0x80017e1c                ES_ReadContent
 .text._ES_read_r
                0x80017e88      0x1a4 /opt/devkitpro/libogc/lib/wii/libogc.a(es.o)
 .text.__CheckARGV
                0x8001802c       0x80 /opt/devkitpro/libogc/lib/wii/libogc.a(argv.o)
                0x8001802c                __CheckARGV
 .text.CONF_Init
                0x800180ac      0x18c /opt/devkitpro/libogc/lib/wii/libogc.a(conf.o)
                0x800180ac                CONF_Init
 .text.__CONF_GetTxt
                0x80018238      0x1d0 /opt/devkitpro/libogc/lib/wii/libogc.a(conf.o)
                0x80018238                __CONF_GetTxt
 .text.__CONF_Find
                0x80018408       0xd8 /opt/devkitpro/libogc/lib/wii/libogc.a(conf.o)
                0x80018408                __CONF_Find
 .text.CONF_GetLength
                0x800184e0      0x120 /opt/devkitpro/libogc/lib/wii/libogc.a(conf.o)
                0x800184e0                CONF_GetLength
 .text.CONF_Get
                0x80018600      0x140 /opt/devkitpro/libogc/lib/wii/libogc.a(conf.o)
                0x80018600                CONF_Get
 .text.CONF_GetShutdownMode
                0x80018740       0x54 /opt/devkitpro/libogc/lib/wii/libogc.a(conf.o)
                0x80018740                CONF_GetShutdownMode
 .text.CONF_GetIdleLedMode
                0x80018794       0x54 /opt/devkitpro/libogc/lib/wii/libogc.a(conf.o)
                0x80018794                CONF_GetIdleLedMode
 .text.CONF_GetProgressiveScan
                0x800187e8       0x54 /opt/devkitpro/libogc/lib/wii/libogc.a(conf.o)
                0x800187e8                CONF_GetProgressiveScan
 .text.CONF_GetEuRGB60
                0x8001883c       0x54 /opt/devkitpro/libogc/lib/wii/libogc.a(conf.o)
                0x8001883c                CONF_GetEuRGB60
 .text.CONF_GetCounterBias
                0x80018890       0x4c /opt/devkitpro/libogc/lib/wii/libogc.a(conf.o)
                0x80018890                CONF_GetCounterBias
 .text.CONF_GetDisplayOffsetH
                0x800188dc       0x4c /opt/devkitpro/libogc/lib/wii/libogc.a(conf.o)
                0x800188dc                CONF_GetDisplayOffsetH
 .text.CONF_GetVideo
                0x80018928       0x88 /opt/devkitpro/libogc/lib/wii/libogc.a(conf.o)
                0x80018928                CONF_GetVideo
 .text.__WII_WriteNANDBootInfo.isra.0
                0x800189b0       0xc0 /opt/devkitpro/libogc/lib/wii/libogc.a(wiilaunch.o)
 .text.__WII_WriteStateFlags.isra.0
                0x80018a70       0x98 /opt/devkitpro/libogc/lib/wii/libogc.a(wiilaunch.o)
 .text.WII_Initialize
                0x80018b08      0x194 /opt/devkitpro/libogc/lib/wii/libogc.a(wiilaunch.o)
                0x80018b08                WII_Initialize
 .text.WII_LaunchTitle
                0x80018c9c      0x1c0 /opt/devkitpro/libogc/lib/wii/libogc.a(wiilaunch.o)
                0x80018c9c                WII_LaunchTitle
 .text.WII_ReturnToMenu
                0x80018e5c       0x58 /opt/devkitpro/libogc/lib/wii/libogc.a(wiilaunch.o)
                0x80018e5c                WII_ReturnToMenu
 .text.__lwp_priority_init
                0x80018eb4       0x1c /opt/devkitpro/libogc/lib/wii/libogc.a(lwp_priority.o)
                0x80018eb4                __lwp_priority_init
 .text.__lwp_threadqueue_enqueuefifo
                0x80018ed0      0x128 /opt/devkitpro/libogc/lib/wii/libogc.a(lwp_threadq.o)
                0x80018ed0                __lwp_threadqueue_enqueuefifo
 .text.__lwp_threadqueue_dequeuefifo
                0x80018ff8      0x140 /opt/devkitpro/libogc/lib/wii/libogc.a(lwp_threadq.o)
                0x80018ff8                __lwp_threadqueue_dequeuefifo
 .text.__lwp_threadqueue_enqueuepriority
                0x80019138      0x344 /opt/devkitpro/libogc/lib/wii/libogc.a(lwp_threadq.o)
                0x80019138                __lwp_threadqueue_enqueuepriority
 .text.__lwp_threadqueue_dequeuepriority
                0x8001947c      0x1d8 /opt/devkitpro/libogc/lib/wii/libogc.a(lwp_threadq.o)
                0x8001947c                __lwp_threadqueue_dequeuepriority
 .text.__lwp_threadqueue_init
                0x80019654       0x64 /opt/devkitpro/libogc/lib/wii/libogc.a(lwp_threadq.o)
                0x80019654                __lwp_threadqueue_init
 .text.__lwp_threadqueue_enqueue
                0x800196b8      0x138 /opt/devkitpro/libogc/lib/wii/libogc.a(lwp_threadq.o)
                0x800196b8                __lwp_threadqueue_enqueue
 .text.__lwp_threadqueue_dequeue
                0x800197f0       0x24 /opt/devkitpro/libogc/lib/wii/libogc.a(lwp_threadq.o)
                0x800197f0                __lwp_threadqueue_dequeue
 .text.__lwp_threadqueue_flush
                0x80019814       0x68 /opt/devkitpro/libogc/lib/wii/libogc.a(lwp_threadq.o)
                0x80019814                __lwp_threadqueue_flush
 .text.__lwp_threadqueue_extractfifo
                0x8001987c       0xe0 /opt/devkitpro/libogc/lib/wii/libogc.a(lwp_threadq.o)
                0x8001987c                __lwp_threadqueue_extractfifo
 .text.__lwp_threadqueue_extractpriority
                0x8001995c      0x140 /opt/devkitpro/libogc/lib/wii/libogc.a(lwp_threadq.o)
                0x8001995c                __lwp_threadqueue_extractpriority
 .text.__lwp_threadqueue_timeout
                0x80019a9c       0xd0 /opt/devkitpro/libogc/lib/wii/libogc.a(lwp_threadq.o)
 .text.__lwp_threadqueue_extractproxy
                0x80019b6c       0x64 /opt/devkitpro/libogc/lib/wii/libogc.a(lwp_threadq.o)
                0x80019b6c                __lwp_threadqueue_extractproxy
 .text.__lwp_mutex_initialize
                0x80019bd0       0xa4 /opt/devkitpro/libogc/lib/wii/libogc.a(lwp_mutex.o)
                0x80019bd0                __lwp_mutex_initialize
 .text.__lwp_mutex_surrender
                0x80019c74      0x164 /opt/devkitpro/libogc/lib/wii/libogc.a(lwp_mutex.o)
                0x80019c74                __lwp_mutex_surrender
 .text.__lwp_mutex_seize_irq_blocking
                0x80019dd8       0xf8 /opt/devkitpro/libogc/lib/wii/libogc.a(lwp_mutex.o)
                0x80019dd8                __lwp_mutex_seize_irq_blocking
 .text.__lwp_mutex_flush
                0x80019ed0        0x4 /opt/devkitpro/libogc/lib/wii/libogc.a(lwp_mutex.o)
                0x80019ed0                __lwp_mutex_flush
 .text.__exi_irq_handler
                0x80019ed4       0x58 /opt/devkitpro/libogc/lib/wii/libogc.a(exi.o)
 .text.__ext_irq_handler
                0x80019f2c       0xc8 /opt/devkitpro/libogc/lib/wii/libogc.a(exi.o)
 .text.__tc_irq_handler
                0x80019ff4      0x174 /opt/devkitpro/libogc/lib/wii/libogc.a(exi.o)
 .text.__exi_probe
                0x8001a168      0x208 /opt/devkitpro/libogc/lib/wii/libogc.a(exi.o)
 .text.__exi_attach
                0x8001a370      0x114 /opt/devkitpro/libogc/lib/wii/libogc.a(exi.o)
 .text.EXI_Lock
                0x8001a484      0x258 /opt/devkitpro/libogc/lib/wii/libogc.a(exi.o)
                0x8001a484                EXI_Lock
 .text.EXI_Unlock
                0x8001a6dc      0x2b0 /opt/devkitpro/libogc/lib/wii/libogc.a(exi.o)
                0x8001a6dc                EXI_Unlock
 .text.EXI_Select
                0x8001a98c      0x22c /opt/devkitpro/libogc/lib/wii/libogc.a(exi.o)
                0x8001a98c                EXI_Select
 .text.EXI_Deselect
                0x8001abb8      0x16c /opt/devkitpro/libogc/lib/wii/libogc.a(exi.o)
                0x8001abb8                EXI_Deselect
 .text.EXI_Sync
                0x8001ad24      0x108 /opt/devkitpro/libogc/lib/wii/libogc.a(exi.o)
                0x8001ad24                EXI_Sync
 .text.EXI_Imm  0x8001ae2c      0x1ec /opt/devkitpro/libogc/lib/wii/libogc.a(exi.o)
                0x8001ae2c                EXI_Imm
 .text.EXI_ImmEx
                0x8001b018       0xd0 /opt/devkitpro/libogc/lib/wii/libogc.a(exi.o)
                0x8001b018                EXI_ImmEx
 .text.EXI_Dma  0x8001b0e8      0x154 /opt/devkitpro/libogc/lib/wii/libogc.a(exi.o)
                0x8001b0e8                EXI_Dma
 .text.EXI_Detach
                0x8001b23c       0xcc /opt/devkitpro/libogc/lib/wii/libogc.a(exi.o)
                0x8001b23c                EXI_Detach
 .text.EXI_GetID
                0x8001b308      0x380 /opt/devkitpro/libogc/lib/wii/libogc.a(exi.o)
                0x8001b308                EXI_GetID
 .text.__unlocked_handler
                0x8001b688       0x28 /opt/devkitpro/libogc/lib/wii/libogc.a(exi.o)
 .text.EXI_ProbeReset
                0x8001b6b0       0x70 /opt/devkitpro/libogc/lib/wii/libogc.a(exi.o)
                0x8001b6b0                EXI_ProbeReset
 .text.__exi_init
                0x8001b720      0x17c /opt/devkitpro/libogc/lib/wii/libogc.a(exi.o)
                0x8001b720                __exi_init
 .text.__lwp_mutex_locksupp.constprop.0
                0x8001b89c      0x290 /opt/devkitpro/libogc/lib/wii/libogc.a(mutex.o)
 .text.__lwp_mutex_init
                0x8001bb2c       0x14 /opt/devkitpro/libogc/lib/wii/libogc.a(mutex.o)
                0x8001bb2c                __lwp_mutex_init
 .text.LWP_MutexInit
                0x8001bb40       0xf8 /opt/devkitpro/libogc/lib/wii/libogc.a(mutex.o)
                0x8001bb40                LWP_MutexInit
 .text.LWP_MutexDestroy
                0x8001bc38      0x104 /opt/devkitpro/libogc/lib/wii/libogc.a(mutex.o)
                0x8001bc38                LWP_MutexDestroy
 .text.LWP_MutexLock
                0x8001bd3c        0x8 /opt/devkitpro/libogc/lib/wii/libogc.a(mutex.o)
                0x8001bd3c                LWP_MutexLock
 .text.LWP_MutexUnlock
                0x8001bd44       0x9c /opt/devkitpro/libogc/lib/wii/libogc.a(mutex.o)
                0x8001bd44                LWP_MutexUnlock
 .text.net_wc24cleanup
                0x8001bde0       0x64 /opt/devkitpro/libogc/lib/wii/libogc.a(network_wii.o)
                0x8001bde0                net_wc24cleanup
 .text.atanf    0x8001be44      0x278 /opt/devkitpro/devkitPPC/bin/../lib/gcc/powerpc-eabi/15.1.0/../../../../powerpc-eabi/lib/libm.a(libm_a-sf_atan.o)
                0x8001be44                atanf
 .text.atan2    0x8001c0bc        0x4 /opt/devkitpro/devkitPPC/bin/../lib/gcc/powerpc-eabi/15.1.0/../../../../powerpc-eabi/lib/libm.a(libm_a-w_atan2.o)
                0x8001c0bc                atan2
 .text.fabsf    0x8001c0c0       0x20 /opt/devkitpro/devkitPPC/bin/../lib/gcc/powerpc-eabi/15.1.0/../../../../powerpc-eabi/lib/libm.a(libm_a-sf_fabs.o)
                0x8001c0c0                fabsf
 .text.cosf     0x8001c0e0       0xd4 /opt/devkitpro/devkitPPC/bin/../lib/gcc/powerpc-eabi/15.1.0/../../../../powerpc-eabi/lib/libm.a(libm_a-sf_cos.o)
                0x8001c0e0                cosf
 .text.sqrtf    0x8001c1b4       0x70 /opt/devkitpro/devkitPPC/bin/../lib/gcc/powerpc-eabi/15.1.0/../../../../powerpc-eabi/lib/libm.a(libm_a-wf_sqrt.o)
                0x8001c1b4                sqrtf
 .text.hypotf   0x8001c224       0x8c /opt/devkitpro/devkitPPC/bin/../lib/gcc/powerpc-eabi/15.1.0/../../../../powerpc-eabi/lib/libm.a(libm_a-wf_hypot.o)
                0x8001c224                hypotf
 .text.atan2f   0x8001c2b0        0x4 /opt/devkitpro/devkitPPC/bin/../lib/gcc/powerpc-eabi/15.1.0/../../../../powerpc-eabi/lib/libm.a(libm_a-wf_atan2.o)
                0x8001c2b0                atan2f
 .text.__ieee754_hypotf
                0x8001c2b4      0x210 /opt/devkitpro/devkitPPC/bin/../lib/gcc/powerpc-eabi/15.1.0/../../../../powerpc-eabi/lib/libm.a(libm_a-ef_hypot.o)
                0x8001c2b4                __ieee754_hypotf
 .text.__kernel_cosf
                0x8001c4c4      0x180 /opt/devkitpro/devkitPPC/bin/../lib/gcc/powerpc-eabi/15.1.0/../../../../powerpc-eabi/lib/libm.a(libm_a-kf_cos.o)
                0x8001c4c4                __kernel_cosf
 .text.sincos   0x8001c644       0x58 /opt/devkitpro/devkitPPC/bin/../lib/gcc/powerpc-eabi/15.1.0/../../../../powerpc-eabi/lib/libm.a(libm_a-w_sincos.o)
                0x8001c644                sincos
 .text.__ieee754_atan2
                0x8001c69c      0x280 /opt/devkitpro/devkitPPC/bin/../lib/gcc/powerpc-eabi/15.1.0/../../../../powerpc-eabi/lib/libm.a(libm_a-e_atan2.o)
                0x8001c69c                __ieee754_atan2
 .text.finitef  0x8001c91c       0x28 /opt/devkitpro/devkitPPC/bin/../lib/gcc/powerpc-eabi/15.1.0/../../../../powerpc-eabi/lib/libm.a(libm_a-sf_finite.o)
                0x8001c91c                finitef
 .text.sincosf  0x8001c944       0x58 /opt/devkitpro/devkitPPC/bin/../lib/gcc/powerpc-eabi/15.1.0/../../../../powerpc-eabi/lib/libm.a(libm_a-wf_sincos.o)
                0x8001c944                sincosf
 .text.atan     0x8001c99c      0x290 /opt/devkitpro/devkitPPC/bin/../lib/gcc/powerpc-eabi/15.1.0/../../../../powerpc-eabi/lib/libm.a(libm_a-s_atan.o)
                0x8001c99c                atan
 .text.__ieee754_sqrtf
                0x8001cc2c      0x160 /opt/devkitpro/devkitPPC/bin/../lib/gcc/powerpc-eabi/15.1.0/../../../../powerpc-eabi/lib/libm.a(libm_a-ef_sqrt.o)
                0x8001cc2c                __ieee754_sqrtf
 .text.__ieee754_atan2f
                0x8001cd8c      0x248 /opt/devkitpro/devkitPPC/bin/../lib/gcc/powerpc-eabi/15.1.0/../../../../powerpc-eabi/lib/libm.a(libm_a-ef_atan2.o)
                0x8001cd8c                __ieee754_atan2f
 .text.__kernel_sinf
                0x8001cfd4       0xcc /opt/devkitpro/devkitPPC/bin/../lib/gcc/powerpc-eabi/15.1.0/../../../../powerpc-eabi/lib/libm.a(libm_a-kf_sin.o)
                0x8001cfd4                __kernel_sinf
 .text.sin      0x8001d0a0       0xd4 /opt/devkitpro/devkitPPC/bin/../lib/gcc/powerpc-eabi/15.1.0/../../../../powerpc-eabi/lib/libm.a(libm_a-s_sin.o)
                0x8001d0a0                sin
 .text.fabs     0x8001d174       0x28 /opt/devkitpro/devkitPPC/bin/../lib/gcc/powerpc-eabi/15.1.0/../../../../powerpc-eabi/lib/libm.a(libm_a-s_fabs.o)
                0x8001d174                fabs
 .text.__ieee754_rem_pio2f
                0x8001d19c      0x418 /opt/devkitpro/devkitPPC/bin/../lib/gcc/powerpc-eabi/15.1.0/../../../../powerpc-eabi/lib/libm.a(libm_a-ef_rem_pio2.o)
                0x8001d19c                __ieee754_rem_pio2f
 .text.__kernel_rem_pio2f
                0x8001d5b4      0xf58 /opt/devkitpro/devkitPPC/bin/../lib/gcc/powerpc-eabi/15.1.0/../../../../powerpc-eabi/lib/libm.a(libm_a-kf_rem_pio2.o)
                0x8001d5b4                __kernel_rem_pio2f
 .text.__ieee754_rem_pio2
                0x8001e50c      0x420 /opt/devkitpro/devkitPPC/bin/../lib/gcc/powerpc-eabi/15.1.0/../../../../powerpc-eabi/lib/libm.a(libm_a-e_rem_pio2.o)
                0x8001e50c                __ieee754_rem_pio2
 .text.floorf   0x8001e92c      0x10c /opt/devkitpro/devkitPPC/bin/../lib/gcc/powerpc-eabi/15.1.0/../../../../powerpc-eabi/lib/libm.a(libm_a-sf_floor.o)
                0x8001e92c                floorf
 .text.__kernel_rem_pio2
                0x8001ea38      0xf34 /opt/devkitpro/devkitPPC/bin/../lib/gcc/powerpc-eabi/15.1.0/../../../../powerpc-eabi/lib/libm.a(libm_a-k_rem_pio2.o)
                0x8001ea38                __kernel_rem_pio2
 .text.scalbn   0x8001f96c      0x198 /opt/devkitpro/devkitPPC/bin/../lib/gcc/powerpc-eabi/15.1.0/../../../../powerpc-eabi/lib/libm.a(libm_a-s_scalbn.o)
                0x8001f96c                scalbn
 .text.scalbnf  0x8001fb04      0x18c /opt/devkitpro/devkitPPC/bin/../lib/gcc/powerpc-eabi/15.1.0/../../../../powerpc-eabi/lib/libm.a(libm_a-sf_scalbn.o)
                0x8001fb04                scalbnf
 .text.__kernel_sin
                0x8001fc90       0xcc /opt/devkitpro/devkitPPC/bin/../lib/gcc/powerpc-eabi/15.1.0/../../../../powerpc-eabi/lib/libm.a(libm_a-k_sin.o)
                0x8001fc90                __kernel_sin
 .text.cos      0x8001fd5c       0xd0 /opt/devkitpro/devkitPPC/bin/../lib/gcc/powerpc-eabi/15.1.0/../../../../powerpc-eabi/lib/libm.a(libm_a-s_cos.o)
                0x8001fd5c                cos
 .text.sinf     0x8001fe2c       0xd8 /opt/devkitpro/devkitPPC/bin/../lib/gcc/powerpc-eabi/15.1.0/../../../../powerpc-eabi/lib/libm.a(libm_a-sf_sin.o)
                0x8001fe2c                sinf
 .text.floor    0x8001ff04      0x188 /opt/devkitpro/devkitPPC/bin/../lib/gcc/powerpc-eabi/15.1.0/../../../../powerpc-eabi/lib/libm.a(libm_a-s_floor.o)
                0x8001ff04                floor
 .text.__kernel_cos
                0x8002008c      0x188 /opt/devkitpro/devkitPPC/bin/../lib/gcc/powerpc-eabi/15.1.0/../../../../powerpc-eabi/lib/libm.a(libm_a-k_cos.o)
                0x8002008c                __kernel_cos
 .text.__udivdi3
                0x80020214      0x3cc /opt/devkitpro/devkitPPC/bin/../lib/gcc/powerpc-eabi/15.1.0/libgcc.a(_udivdi3.o)
                0x80020214                __udivdi3
 .text.__umoddi3
                0x800205e0      0x384 /opt/devkitpro/devkitPPC/bin/../lib/gcc/powerpc-eabi/15.1.0/libgcc.a(_umoddi3.o)
                0x800205e0                __umoddi3
 .text.unlikely.abort
                0x80020964       0x2c /opt/devkitpro/devkitPPC/bin/../lib/gcc/powerpc-eabi/15.1.0/../../../../powerpc-eabi/lib/libsysbase.a(libsysbase_libsysbase_a-abort.o)
                0x80020964                abort
 .text.build_argv
                0x80020990      0x130 /opt/devkitpro/devkitPPC/bin/../lib/gcc/powerpc-eabi/15.1.0/../../../../powerpc-eabi/lib/libsysbase.a(libsysbase_libsysbase_a-build_argv.o)
                0x80020990                build_argv
 .text.__getreent
                0x80020ac0       0x20 /opt/devkitpro/devkitPPC/bin/../lib/gcc/powerpc-eabi/15.1.0/../../../../powerpc-eabi/lib/libsysbase.a(libsysbase_libsysbase_a-getreent.o)
                0x80020ac0                __getreent
 .text.null_write
                0x80020ae0        0x8 /opt/devkitpro/devkitPPC/bin/../lib/gcc/powerpc-eabi/15.1.0/../../../../powerpc-eabi/lib/libsysbase.a(libsysbase_libsysbase_a-iosupport.o)
 .text.FindDevice
                0x80020ae8      0x150 /opt/devkitpro/devkitPPC/bin/../lib/gcc/powerpc-eabi/15.1.0/../../../../powerpc-eabi/lib/libsysbase.a(libsysbase_libsysbase_a-iosupport.o)
                0x80020ae8                FindDevice
 .text.RemoveDevice
                0x80020c38       0x44 /opt/devkitpro/devkitPPC/bin/../lib/gcc/powerpc-eabi/15.1.0/../../../../powerpc-eabi/lib/libsysbase.a(libsysbase_libsysbase_a-iosupport.o)
                0x80020c38                RemoveDevice
 .text.AddDevice
                0x80020c7c      0x120 /opt/devkitpro/devkitPPC/bin/../lib/gcc/powerpc-eabi/15.1.0/../../../../powerpc-eabi/lib/libsysbase.a(libsysbase_libsysbase_a-iosupport.o)
                0x80020c7c                AddDevice
 .text._exit    0x80020d9c       0x28 /opt/devkitpro/devkitPPC/bin/../lib/gcc/powerpc-eabi/15.1.0/../../../../powerpc-eabi/lib/libsysbase.a(libsysbase_libsysbase_a-_exit.o)
                0x80020d9c                _exit
 .text.strncpy  0x80020dc4      0x104 /opt/devkitpro/devkitPPC/bin/../lib/gcc/powerpc-eabi/15.1.0/../../../../powerpc-eabi/lib/libc.a(libc_a-strncpy.o)
                0x80020dc4                strncpy
 .text.strcmp   0x80020ec8       0x9c /opt/devkitpro/devkitPPC/bin/../lib/gcc/powerpc-eabi/15.1.0/../../../../powerpc-eabi/lib/libc.a(libc_a-strcmp.o)
                0x80020ec8                strcmp
 .text.memset   0x80020f64      0x180 /opt/devkitpro/devkitPPC/bin/../lib/gcc/powerpc-eabi/15.1.0/../../../../powerpc-eabi/lib/libc.a(libc_a-memset.o)
                0x80020f64                memset
 .text.strchr   0x800210e4      0x154 /opt/devkitpro/devkitPPC/bin/../lib/gcc/powerpc-eabi/15.1.0/../../../../powerpc-eabi/lib/libc.a(libc_a-strchr.o)
                0x800210e4                strchr
 .text.putchar  0x80021238       0x34 /opt/devkitpro/devkitPPC/bin/../lib/gcc/powerpc-eabi/15.1.0/../../../../powerpc-eabi/lib/libc.a(libc_a-putchar.o)
                0x80021238                putchar
 .text.memcpy   0x8002126c      0x148 /opt/devkitpro/devkitPPC/bin/../lib/gcc/powerpc-eabi/15.1.0/../../../../powerpc-eabi/lib/libc.a(libc_a-memcpy.o)
                0x8002126c                memcpy
 .text._strtoul_l.isra.0
                0x800213b4      0x218 /opt/devkitpro/devkitPPC/bin/../lib/gcc/powerpc-eabi/15.1.0/../../../../powerpc-eabi/lib/libc.a(libc_a-strtoul.o)
 .text._strtoul_r
                0x800215cc       0x60 /opt/devkitpro/devkitPPC/bin/../lib/gcc/powerpc-eabi/15.1.0/../../../../powerpc-eabi/lib/libc.a(libc_a-strtoul.o)
                0x800215cc                _strtoul_r
 .text.write    0x8002162c       0x50 /opt/devkitpro/devkitPPC/bin/../lib/gcc/powerpc-eabi/15.1.0/../../../../powerpc-eabi/lib/libc.a(libc_a-syswrite.o)
                0x8002162c                write
 .text.strncmp  0x8002167c       0xc8 /opt/devkitpro/devkitPPC/bin/../lib/gcc/powerpc-eabi/15.1.0/../../../../powerpc-eabi/lib/libc.a(libc_a-strncmp.o)
                0x8002167c                strncmp
 .text.memmove  0x80021744      0x1b8 /opt/devkitpro/devkitPPC/bin/../lib/gcc/powerpc-eabi/15.1.0/../../../../powerpc-eabi/lib/libc.a(libc_a-memmove.o)
                0x80021744                memmove
 .text.stdio_exit_handler
                0x800218fc       0x1c /opt/devkitpro/devkitPPC/bin/../lib/gcc/powerpc-eabi/15.1.0/../../../../powerpc-eabi/lib/libc.a(libc_a-findfp.o)
 .text.cleanup_stdio
                0x80021918       0x88 /opt/devkitpro/devkitPPC/bin/../lib/gcc/powerpc-eabi/15.1.0/../../../../powerpc-eabi/lib/libc.a(libc_a-findfp.o)
 .text.global_stdio_init.part.0
                0x800219a0      0x184 /opt/devkitpro/devkitPPC/bin/../lib/gcc/powerpc-eabi/15.1.0/../../../../powerpc-eabi/lib/libc.a(libc_a-findfp.o)
 .text.__sinit  0x80021b24       0xa4 /opt/devkitpro/devkitPPC/bin/../lib/gcc/powerpc-eabi/15.1.0/../../../../powerpc-eabi/lib/libc.a(libc_a-findfp.o)
                0x80021b24                __sinit
 .text.__sfp_lock_acquire
                0x80021bc8       0x40 /opt/devkitpro/devkitPPC/bin/../lib/gcc/powerpc-eabi/15.1.0/../../../../powerpc-eabi/lib/libc.a(libc_a-findfp.o)
                0x80021bc8                __sfp_lock_acquire
 .text.__sfp_lock_release
                0x80021c08        0xc /opt/devkitpro/devkitPPC/bin/../lib/gcc/powerpc-eabi/15.1.0/../../../../powerpc-eabi/lib/libc.a(libc_a-findfp.o)
                0x80021c08                __sfp_lock_release
 .text.calloc   0x80021c14       0x40 /opt/devkitpro/devkitPPC/bin/../lib/gcc/powerpc-eabi/15.1.0/../../../../powerpc-eabi/lib/libc.a(libc_a-calloc.o)
                0x80021c14                calloc
 .text._reclaim_reent
                0x80021c54      0x10c /opt/devkitpro/devkitPPC/bin/../lib/gcc/powerpc-eabi/15.1.0/../../../../powerpc-eabi/lib/libc.a(libc_a-reent.o)
                0x80021c54                _reclaim_reent
 .text._fclose_r
                0x80021d60      0x1e0 /opt/devkitpro/devkitPPC/bin/../lib/gcc/powerpc-eabi/15.1.0/../../../../powerpc-eabi/lib/libc.a(libc_a-fclose.o)
                0x80021d60                _fclose_r
 .text.printf   0x80021f40       0x9c /opt/devkitpro/devkitPPC/bin/../lib/gcc/powerpc-eabi/15.1.0/../../../../powerpc-eabi/lib/libc.a(libc_a-printf.o)
                0x80021f40                printf
 .text._strtoull_l.isra.0
                0x80021fdc      0x2f8 /opt/devkitpro/devkitPPC/bin/../lib/gcc/powerpc-eabi/15.1.0/../../../../powerpc-eabi/lib/libc.a(libc_a-strtoull.o)
 .text._strtoull_r
                0x800222d4       0x60 /opt/devkitpro/devkitPPC/bin/../lib/gcc/powerpc-eabi/15.1.0/../../../../powerpc-eabi/lib/libc.a(libc_a-strtoull.o)
                0x800222d4                _strtoull_r
 .text._calloc_r
                0x80022334       0xf8 /opt/devkitpro/devkitPPC/bin/../lib/gcc/powerpc-eabi/15.1.0/../../../../powerpc-eabi/lib/libc.a(libc_a-callocr.o)
                0x80022334                _calloc_r
 .text.strlen   0x8002242c       0x80 /opt/devkitpro/devkitPPC/bin/../lib/gcc/powerpc-eabi/15.1.0/../../../../powerpc-eabi/lib/libc.a(libc_a-strlen.o)
                0x8002242c                strlen
 .text._memalign_r
                0x800224ac      0x1dc /opt/devkitpro/devkitPPC/bin/../lib/gcc/powerpc-eabi/15.1.0/../../../../powerpc-eabi/lib/libc.a(libc_a-malignr.o)
                0x800224ac                _memalign_r
 .text._malloc_r
                0x80022688      0x90c /opt/devkitpro/devkitPPC/bin/../lib/gcc/powerpc-eabi/15.1.0/../../../../powerpc-eabi/lib/libc.a(libc_a-mallocr.o)
                0x80022688                _malloc_r
 .text._malloc_trim_r
                0x80022f94      0x138 /opt/devkitpro/devkitPPC/bin/../lib/gcc/powerpc-eabi/15.1.0/../../../../powerpc-eabi/lib/libc.a(libc_a-freer.o)
                0x80022f94                _malloc_trim_r
 .text._free_r  0x800230cc      0x32c /opt/devkitpro/devkitPPC/bin/../lib/gcc/powerpc-eabi/15.1.0/../../../../powerpc-eabi/lib/libc.a(libc_a-freer.o)
                0x800230cc                _free_r
 .text._putc_r  0x800233f8      0x14c /opt/devkitpro/devkitPPC/bin/../lib/gcc/powerpc-eabi/15.1.0/../../../../powerpc-eabi/lib/libc.a(libc_a-putc.o)
                0x800233f8                _putc_r
 .text.memcmp   0x80023544      0x124 /opt/devkitpro/devkitPPC/bin/../lib/gcc/powerpc-eabi/15.1.0/../../../../powerpc-eabi/lib/libc.a(libc_a-memcmp.o)
                0x80023544                memcmp
 .text.__errno  0x80023668       0x20 /opt/devkitpro/devkitPPC/bin/../lib/gcc/powerpc-eabi/15.1.0/../../../../powerpc-eabi/lib/libc.a(libc_a-errno.o)
                0x80023668                __errno
 .text.malloc   0x80023688       0x58 /opt/devkitpro/devkitPPC/bin/../lib/gcc/powerpc-eabi/15.1.0/../../../../powerpc-eabi/lib/libc.a(libc_a-malloc.o)
                0x80023688                malloc
 .text.free     0x800236e0       0x30 /opt/devkitpro/devkitPPC/bin/../lib/gcc/powerpc-eabi/15.1.0/../../../../powerpc-eabi/lib/libc.a(libc_a-malloc.o)
                0x800236e0                free
 .text.__swbuf_r
                0x80023710      0x19c /opt/devkitpro/devkitPPC/bin/../lib/gcc/powerpc-eabi/15.1.0/../../../../powerpc-eabi/lib/libc.a(libc_a-wbuf.o)
                0x80023710                __swbuf_r
 .text._realloc_r
                0x800238ac      0x634 /opt/devkitpro/devkitPPC/bin/../lib/gcc/powerpc-eabi/15.1.0/../../../../powerpc-eabi/lib/libc.a(libc_a-reallocr.o)
                0x800238ac                _realloc_r
 .text.setvbuf  0x80023ee0      0x2e4 /opt/devkitpro/devkitPPC/bin/../lib/gcc/powerpc-eabi/15.1.0/../../../../powerpc-eabi/lib/libc.a(libc_a-setvbuf.o)
                0x80023ee0                setvbuf
 .text.__smakebuf_r
                0x800241c4      0x1b0 /opt/devkitpro/devkitPPC/bin/../lib/gcc/powerpc-eabi/15.1.0/../../../../powerpc-eabi/lib/libc.a(libc_a-makebuf.o)
                0x800241c4                __smakebuf_r
 .text.__swhatbuf_r
                0x80024374      0x118 /opt/devkitpro/devkitPPC/bin/../lib/gcc/powerpc-eabi/15.1.0/../../../../powerpc-eabi/lib/libc.a(libc_a-makebuf.o)
                0x80024374                __swhatbuf_r
 .text.exit     0x8002448c       0x3c /opt/devkitpro/devkitPPC/bin/../lib/gcc/powerpc-eabi/15.1.0/../../../../powerpc-eabi/lib/libc.a(libc_a-exit.o)
                0x8002448c                exit
 .text.strnlen  0x800244c8       0xc0 /opt/devkitpro/devkitPPC/bin/../lib/gcc/powerpc-eabi/15.1.0/../../../../powerpc-eabi/lib/libc.a(libc_a-strnlen.o)
                0x800244c8                strnlen
 .text.__sfvwrite_r
                0x80024588      0x588 /opt/devkitpro/devkitPPC/bin/../lib/gcc/powerpc-eabi/15.1.0/../../../../powerpc-eabi/lib/libc.a(libc_a-fvwrite.o)
                0x80024588                __sfvwrite_r
 .text.__sread  0x80024b10       0x74 /opt/devkitpro/devkitPPC/bin/../lib/gcc/powerpc-eabi/15.1.0/../../../../powerpc-eabi/lib/libc.a(libc_a-stdio.o)
                0x80024b10                __sread
 .text.__swrite
                0x80024b84       0xb0 /opt/devkitpro/devkitPPC/bin/../lib/gcc/powerpc-eabi/15.1.0/../../../../powerpc-eabi/lib/libc.a(libc_a-stdio.o)
                0x80024b84                __swrite
 .text.__sseek  0x80024c34       0x70 /opt/devkitpro/devkitPPC/bin/../lib/gcc/powerpc-eabi/15.1.0/../../../../powerpc-eabi/lib/libc.a(libc_a-stdio.o)
                0x80024c34                __sseek
 .text.__sclose
                0x80024ca4        0x8 /opt/devkitpro/devkitPPC/bin/../lib/gcc/powerpc-eabi/15.1.0/../../../../powerpc-eabi/lib/libc.a(libc_a-stdio.o)
                0x80024ca4                __sclose
 .text.__sflush_r
                0x80024cac      0x300 /opt/devkitpro/devkitPPC/bin/../lib/gcc/powerpc-eabi/15.1.0/../../../../powerpc-eabi/lib/libc.a(libc_a-fflush.o)
                0x80024cac                __sflush_r
 .text._fflush_r
                0x80024fac      0x108 /opt/devkitpro/devkitPPC/bin/../lib/gcc/powerpc-eabi/15.1.0/../../../../powerpc-eabi/lib/libc.a(libc_a-fflush.o)
                0x80024fac                _fflush_r
 .text.memalign
                0x800250b4       0x40 /opt/devkitpro/devkitPPC/bin/../lib/gcc/powerpc-eabi/15.1.0/../../../../powerpc-eabi/lib/libc.a(libc_a-malign.o)
                0x800250b4                memalign
 .text._fwalk_sglue
                0x800250f4       0xb4 /opt/devkitpro/devkitPPC/bin/../lib/gcc/powerpc-eabi/15.1.0/../../../../powerpc-eabi/lib/libc.a(libc_a-fwalk.o)
                0x800250f4                _fwalk_sglue
 .text.get_arg  0x800251a8      0x7bc /opt/devkitpro/devkitPPC/bin/../lib/gcc/powerpc-eabi/15.1.0/../../../../powerpc-eabi/lib/libc.a(libc_a-vfprintf.o)
 .text._vfprintf_r
                0x80025964     0x3b00 /opt/devkitpro/devkitPPC/bin/../lib/gcc/powerpc-eabi/15.1.0/../../../../powerpc-eabi/lib/libc.a(libc_a-vfprintf.o)
                0x80025964                _vfprintf_r
 .text.__sbprintf
                0x80029464       0xf4 /opt/devkitpro/devkitPPC/bin/../lib/gcc/powerpc-eabi/15.1.0/../../../../powerpc-eabi/lib/libc.a(libc_a-vfprintf.o)
 .text.__locale_mb_cur_max
                0x80029558       0x4c /opt/devkitpro/devkitPPC/bin/../lib/gcc/powerpc-eabi/15.1.0/../../../../powerpc-eabi/lib/libc.a(libc_a-locale.o)
                0x80029558                __locale_mb_cur_max
 .text._wcsrtombs_r
                0x800295a4       0x10 /opt/devkitpro/devkitPPC/bin/../lib/gcc/powerpc-eabi/15.1.0/../../../../powerpc-eabi/lib/libc.a(libc_a-wcsrtombs.o)
                0x800295a4                _wcsrtombs_r
 .text.__utf8_mbtowc
                0x800295b4      0x604 /opt/devkitpro/devkitPPC/bin/../lib/gcc/powerpc-eabi/15.1.0/../../../../powerpc-eabi/lib/libc.a(libc_a-mbtowc_r.o)
                0x800295b4                __utf8_mbtowc
 .text._wcrtomb_r
                0x80029bb8      0x104 /opt/devkitpro/devkitPPC/bin/../lib/gcc/powerpc-eabi/15.1.0/../../../../powerpc-eabi/lib/libc.a(libc_a-wcrtomb.o)
                0x80029bb8                _wcrtomb_r
 .text.quorem   0x80029cbc      0x340 /opt/devkitpro/devkitPPC/bin/../lib/gcc/powerpc-eabi/15.1.0/../../../../powerpc-eabi/lib/libc.a(libc_a-dtoa.o)
 .text._dtoa_r  0x80029ffc     0x1704 /opt/devkitpro/devkitPPC/bin/../lib/gcc/powerpc-eabi/15.1.0/../../../../powerpc-eabi/lib/libc.a(libc_a-dtoa.o)
                0x80029ffc                _dtoa_r
 .text.__swsetup_r
                0x8002b700      0x17c /opt/devkitpro/devkitPPC/bin/../lib/gcc/powerpc-eabi/15.1.0/../../../../powerpc-eabi/lib/libc.a(libc_a-wsetup.o)
                0x8002b700                __swsetup_r
 .text._wcsnrtombs_l
                0x8002b87c      0x1e4 /opt/devkitpro/devkitPPC/bin/../lib/gcc/powerpc-eabi/15.1.0/../../../../powerpc-eabi/lib/libc.a(libc_a-wcsnrtombs.o)
                0x8002b87c                _wcsnrtombs_l
 .text._wcsnrtombs_r
                0x8002ba60       0xd8 /opt/devkitpro/devkitPPC/bin/../lib/gcc/powerpc-eabi/15.1.0/../../../../powerpc-eabi/lib/libc.a(libc_a-wcsnrtombs.o)
                0x8002ba60                _wcsnrtombs_r
 .text.__utf8_wctomb
                0x8002bb38      0x108 /opt/devkitpro/devkitPPC/bin/../lib/gcc/powerpc-eabi/15.1.0/../../../../powerpc-eabi/lib/libc.a(libc_a-wctomb_r.o)
                0x8002bb38                __utf8_wctomb
 .text.startup.register_fini
                0x8002bc40        0xc /opt/devkitpro/devkitPPC/bin/../lib/gcc/powerpc-eabi/15.1.0/../../../../powerpc-eabi/lib/libc.a(libc_a-__call_atexit.o)
 .text.__call_exitprocs
                0x8002bc4c      0x200 /opt/devkitpro/devkitPPC/bin/../lib/gcc/powerpc-eabi/15.1.0/../../../../powerpc-eabi/lib/libc.a(libc_a-__call_atexit.o)
                0x8002bc4c                __call_exitprocs
 .text.memchr   0x8002be4c      0x148 /opt/devkitpro/devkitPPC/bin/../lib/gcc/powerpc-eabi/15.1.0/../../../../powerpc-eabi/lib/libc.a(libc_a-memchr.o)
                0x8002be4c                memchr
 .text.atexit   0x8002bf94       0x14 /opt/devkitpro/devkitPPC/bin/../lib/gcc/powerpc-eabi/15.1.0/../../../../powerpc-eabi/lib/libc.a(libc_a-atexit.o)
                0x8002bf94                atexit
 .text.frexp    0x8002bfa8       0x90 /opt/devkitpro/devkitPPC/bin/../lib/gcc/powerpc-eabi/15.1.0/../../../../powerpc-eabi/lib/libc.a(libm_a-s_frexp.o)
                0x8002bfa8                frexp
 .text.__sprint_r
                0x8002c038       0x54 /opt/devkitpro/devkitPPC/bin/../lib/gcc/powerpc-eabi/15.1.0/../../../../powerpc-eabi/lib/libc.a(libc_a-sprint_r.o)
                0x8002c038                __sprint_r
 .text._Balloc  0x8002c08c       0xf4 /opt/devkitpro/devkitPPC/bin/../lib/gcc/powerpc-eabi/15.1.0/../../../../powerpc-eabi/lib/libc.a(libc_a-mprec.o)
                0x8002c08c                _Balloc
 .text._Bfree   0x8002c180       0x24 /opt/devkitpro/devkitPPC/bin/../lib/gcc/powerpc-eabi/15.1.0/../../../../powerpc-eabi/lib/libc.a(libc_a-mprec.o)
                0x8002c180                _Bfree
 .text.__multadd
                0x8002c1a4      0x174 /opt/devkitpro/devkitPPC/bin/../lib/gcc/powerpc-eabi/15.1.0/../../../../powerpc-eabi/lib/libc.a(libc_a-mprec.o)
                0x8002c1a4                __multadd
 .text.__hi0bits
                0x8002c318       0x98 /opt/devkitpro/devkitPPC/bin/../lib/gcc/powerpc-eabi/15.1.0/../../../../powerpc-eabi/lib/libc.a(libc_a-mprec.o)
                0x8002c318                __hi0bits
 .text.__lo0bits
                0x8002c3b0      0x10c /opt/devkitpro/devkitPPC/bin/../lib/gcc/powerpc-eabi/15.1.0/../../../../powerpc-eabi/lib/libc.a(libc_a-mprec.o)
                0x8002c3b0                __lo0bits
 .text.__i2b    0x8002c4bc      0x108 /opt/devkitpro/devkitPPC/bin/../lib/gcc/powerpc-eabi/15.1.0/../../../../powerpc-eabi/lib/libc.a(libc_a-mprec.o)
                0x8002c4bc                __i2b
 .text.__multiply
                0x8002c5c4      0x338 /opt/devkitpro/devkitPPC/bin/../lib/gcc/powerpc-eabi/15.1.0/../../../../powerpc-eabi/lib/libc.a(libc_a-mprec.o)
                0x8002c5c4                __multiply
 .text.__pow5mult
                0x8002c8fc      0x19c /opt/devkitpro/devkitPPC/bin/../lib/gcc/powerpc-eabi/15.1.0/../../../../powerpc-eabi/lib/libc.a(libc_a-mprec.o)
                0x8002c8fc                __pow5mult
 .text.__lshift
                0x8002ca98      0x26c /opt/devkitpro/devkitPPC/bin/../lib/gcc/powerpc-eabi/15.1.0/../../../../powerpc-eabi/lib/libc.a(libc_a-mprec.o)
                0x8002ca98                __lshift
 .text.__mcmp   0x8002cd04       0xdc /opt/devkitpro/devkitPPC/bin/../lib/gcc/powerpc-eabi/15.1.0/../../../../powerpc-eabi/lib/libc.a(libc_a-mprec.o)
                0x8002cd04                __mcmp
 .text.__mdiff  0x8002cde0      0x314 /opt/devkitpro/devkitPPC/bin/../lib/gcc/powerpc-eabi/15.1.0/../../../../powerpc-eabi/lib/libc.a(libc_a-mprec.o)
                0x8002cde0                __mdiff
 .text.__d2b    0x8002d0f4      0x194 /opt/devkitpro/devkitPPC/bin/../lib/gcc/powerpc-eabi/15.1.0/../../../../powerpc-eabi/lib/libc.a(libc_a-mprec.o)
                0x8002d0f4                __d2b
 .text._localeconv_r
                0x8002d288       0x4c /opt/devkitpro/devkitPPC/bin/../lib/gcc/powerpc-eabi/15.1.0/../../../../powerpc-eabi/lib/libc.a(libc_a-localeconv.o)
                0x8002d288                _localeconv_r
 .text.__register_exitproc
                0x8002d2d4      0x12c /opt/devkitpro/devkitPPC/bin/../lib/gcc/powerpc-eabi/15.1.0/../../../../powerpc-eabi/lib/libc.a(libc_a-__atexit.o)
                0x8002d2d4                __register_exitproc
 .text.__assert_func
                0x8002d400       0x24 /opt/devkitpro/devkitPPC/bin/../lib/gcc/powerpc-eabi/15.1.0/../../../../powerpc-eabi/lib/libsysbase.a(libsysbase_libsysbase_a-assert.o)
                0x8002d400                __assert_func
 .text.__flockfile
                0x8002d424       0x38 /opt/devkitpro/devkitPPC/bin/../lib/gcc/powerpc-eabi/15.1.0/../../../../powerpc-eabi/lib/libsysbase.a(libsysbase_libsysbase_a-flock.o)
                0x8002d424                __flockfile
 .text.__funlockfile
                0x8002d45c        0x8 /opt/devkitpro/devkitPPC/bin/../lib/gcc/powerpc-eabi/15.1.0/../../../../powerpc-eabi/lib/libsysbase.a(libsysbase_libsysbase_a-flock.o)
                0x8002d45c                __funlockfile
 .text._fstat_r
                0x8002d464       0xc8 /opt/devkitpro/devkitPPC/bin/../lib/gcc/powerpc-eabi/15.1.0/../../../../powerpc-eabi/lib/libsysbase.a(libsysbase_libsysbase_a-fstat.o)
                0x8002d464                _fstat_r
 .text.__get_handle
                0x8002d52c       0x90 /opt/devkitpro/devkitPPC/bin/../lib/gcc/powerpc-eabi/15.1.0/../../../../powerpc-eabi/lib/libsysbase.a(libsysbase_libsysbase_a-handle_manager.o)
                0x8002d52c                __get_handle
 .text._close_r
                0x8002d5bc      0x180 /opt/devkitpro/devkitPPC/bin/../lib/gcc/powerpc-eabi/15.1.0/../../../../powerpc-eabi/lib/libsysbase.a(libsysbase_libsysbase_a-handle_manager.o)
                0x8002d5bc                _close_r
 .text._isatty_r
                0x8002d73c        0x8 /opt/devkitpro/devkitPPC/bin/../lib/gcc/powerpc-eabi/15.1.0/../../../../powerpc-eabi/lib/libsysbase.a(libsysbase_libsysbase_a-isatty.o)
                0x8002d73c                _isatty_r
 .text._lseek_r
                0x8002d744       0xf4 /opt/devkitpro/devkitPPC/bin/../lib/gcc/powerpc-eabi/15.1.0/../../../../powerpc-eabi/lib/libsysbase.a(libsysbase_libsysbase_a-lseek.o)
                0x8002d744                _lseek_r
 .text._read_r  0x8002d838       0xd8 /opt/devkitpro/devkitPPC/bin/../lib/gcc/powerpc-eabi/15.1.0/../../../../powerpc-eabi/lib/libsysbase.a(libsysbase_libsysbase_a-read.o)
                0x8002d838                _read_r
 .text.__libc_lock_init
                0x8002d910       0x14 /opt/devkitpro/devkitPPC/bin/../lib/gcc/powerpc-eabi/15.1.0/../../../../powerpc-eabi/lib/libsysbase.a(libsysbase_libsysbase_a-syscall_support.o)
                0x8002d910                __libc_lock_init
 .text.__libc_lock_acquire
                0x8002d924       0x14 /opt/devkitpro/devkitPPC/bin/../lib/gcc/powerpc-eabi/15.1.0/../../../../powerpc-eabi/lib/libsysbase.a(libsysbase_libsysbase_a-syscall_support.o)
                0x8002d924                __libc_lock_acquire
 .text.__libc_lock_release
                0x8002d938       0x14 /opt/devkitpro/devkitPPC/bin/../lib/gcc/powerpc-eabi/15.1.0/../../../../powerpc-eabi/lib/libsysbase.a(libsysbase_libsysbase_a-syscall_support.o)
                0x8002d938                __libc_lock_release
 .text.__libc_lock_close
                0x8002d94c       0x14 /opt/devkitpro/devkitPPC/bin/../lib/gcc/powerpc-eabi/15.1.0/../../../../powerpc-eabi/lib/libsysbase.a(libsysbase_libsysbase_a-syscall_support.o)
                0x8002d94c                __libc_lock_close
 .text.__libc_lock_init_recursive
                0x8002d960       0x14 /opt/devkitpro/devkitPPC/bin/../lib/gcc/powerpc-eabi/15.1.0/../../../../powerpc-eabi/lib/libsysbase.a(libsysbase_libsysbase_a-syscall_support.o)
                0x8002d960                __libc_lock_init_recursive
 .text.__malloc_lock
                0x8002d974       0x14 /opt/devkitpro/devkitPPC/bin/../lib/gcc/powerpc-eabi/15.1.0/../../../../powerpc-eabi/lib/libsysbase.a(libsysbase_libsysbase_a-syscall_support.o)
                0x8002d974                __malloc_lock
 .text.__malloc_unlock
                0x8002d988       0x14 /opt/devkitpro/devkitPPC/bin/../lib/gcc/powerpc-eabi/15.1.0/../../../../powerpc-eabi/lib/libsysbase.a(libsysbase_libsysbase_a-syscall_support.o)
                0x8002d988                __malloc_unlock
 .text._write_r
                0x8002d99c       0xd8 /opt/devkitpro/devkitPPC/bin/../lib/gcc/powerpc-eabi/15.1.0/../../../../powerpc-eabi/lib/libsysbase.a(libsysbase_libsysbase_a-write.o)
                0x8002d99c                _write_r
 .text.__do_global_ctors_aux
                0x8002da74       0x50 /opt/devkitpro/devkitPPC/bin/../lib/gcc/powerpc-eabi/15.1.0/crtend.o
 *(.gnu.warning)
 *(.gnu.linkonce.t.*)
                0x8002dae0                        . = ALIGN (0x20)
 *fill*         0x8002dac4       0x1c 00000000

.glink          0x8002dae0        0x0
 .glink         0x8002dae0        0x0 /opt/devkitpro/devkitPPC/bin/../lib/gcc/powerpc-eabi/15.1.0/crtbegin.o

.fini           0x8002dae0       0x20
 *(.fini)
 .fini          0x8002dae0        0xc /opt/devkitpro/devkitPPC/bin/../lib/gcc/powerpc-eabi/15.1.0/ecrti.o
                0x8002dae0                __fini
 .fini          0x8002daec        0x4 /opt/devkitpro/devkitPPC/bin/../lib/gcc/powerpc-eabi/15.1.0/crtbegin.o
 .fini          0x8002daf0       0x10 /opt/devkitpro/devkitPPC/bin/../lib/gcc/powerpc-eabi/15.1.0/ecrtn.o
                0x8002db00                        . = ALIGN (0x20)
                [!provide]                        PROVIDE (__etext = .)
                [!provide]                        PROVIDE (_etext = .)
                [!provide]                        PROVIDE (etext = .)

.rodata         0x8002db00     0x1e80
 *(.rodata)
 .rodata        0x8002db00       0x21 /opt/devkitpro/libogc/lib/wii/libogc.a(video.o)
 *(.rodata.*)
 *fill*         0x8002db21        0x3 
 .rodata.Bifurcation.str1.4
                0x8002db24      0x4e5 template.o
                                  0xc (size before relaxing)
 *fill*         0x8002e009        0x3 
 .rodata.cst4   0x8002e00c      0x184 template.o
                                 0x34 (size before relaxing)
 .rodata.cst8   0x8002e190      0x170 /opt/devkitpro/libogc/lib/wii/libwiiuse.a(wpad.o)
                                  0x8 (size before relaxing)
 .rodata.cst4   0x8002e300       0x10 /opt/devkitpro/libogc/lib/wii/libwiiuse.a(wpad.o)
 .rodata.cst4   0x8002e300       0x28 /opt/devkitpro/libogc/lib/wii/libwiiuse.a(dynamics.o)
 .rodata.cst4   0x8002e300       0x64 /opt/devkitpro/libogc/lib/wii/libwiiuse.a(ir.o)
 .rodata.__console_write
                0x8002e300      0x2c8 /opt/devkitpro/libogc/lib/wii/libogc.a(console.o)
 .rodata.grayScale
                0x8002e5c8       0x18 /opt/devkitpro/libogc/lib/wii/libogc.a(console.o)
 .rodata.colorTable
                0x8002e5e0       0x60 /opt/devkitpro/libogc/lib/wii/libogc.a(console.o)
 .rodata.str1.4
                0x8002e640        0x7 /opt/devkitpro/libogc/lib/wii/libogc.a(console.o)
 .rodata.dotab_stdout
                0x8002e640       0x80 /opt/devkitpro/libogc/lib/wii/libogc.a(console.o)
                0x8002e640                dotab_stdout
 .rodata.c_default_exceptionhandler.str1.4
                0x8002e6c0      0x2b2 /opt/devkitpro/libogc/lib/wii/libogc.a(exception.o)
 .rodata.str1.4
                0x8002e6c0       0xa8 /opt/devkitpro/libogc/lib/wii/libogc.a(exception.o)
 .rodata.exception_name
                0x8002e6c0       0x3c /opt/devkitpro/libogc/lib/wii/libogc.a(exception.o)
 .rodata.exception_location
                0x8002e6fc       0x3c /opt/devkitpro/libogc/lib/wii/libogc.a(exception.o)
 .rodata.__SetInterrupts
                0x8002e738       0x70 /opt/devkitpro/libogc/lib/wii/libogc.a(irq.o)
 .rodata._irqPrio
                0x8002e7a8       0x30 /opt/devkitpro/libogc/lib/wii/libogc.a(irq.o)
 .rodata.CSWTCH.168
                0x8002e7d8       0x5c /opt/devkitpro/libogc/lib/wii/libogc.a(video.o)
 .rodata.video_timing
                0x8002e834      0x110 /opt/devkitpro/libogc/lib/wii/libogc.a(video.o)
 .rodata.SYS_ResetSystem
                0x8002e944       0x1c /opt/devkitpro/libogc/lib/wii/libogc.a(system.o)
 .rodata._dsp_initcode