Archive member included to satisfy reference by file (symbol)

/opt/devkitpro/libogc/lib/wii/libwiiuse.a(wpad.o)
                              template.o (WPAD_Init)
/opt/devkitpro/libogc/lib/wii/libwiiuse.a(motion_plus.o)
                              /opt/devkitpro/libogc/lib/wii/libwiiuse.a(wpad.o) (wiiuse_set_motion_plus)
/opt/devkitpro/libogc/lib/wii/libwiiuse.a(dynamics.o)
                              /opt/devkitpro/libogc/lib/wii/libwiiuse.a(wpad.o) (calculate_gforce)
/opt/devkitpro/libogc/lib/wii/libwiiuse.a(io.o)
                              /opt/devkitpro/libogc/lib/wii/libwiiuse.a(motion_plus.o) (wiiuse_disable_expansion)
/opt/devkitpro/libogc/lib/wii/libwiiuse.a(io_wii.o)
                              /opt/devkitpro/libogc/lib/wii/libwiiuse.a(wpad.o) (__wiiuse_sensorbar_enable)
/opt/devkitpro/libogc/lib/wii/libwiiuse.a(ir.o)
                              /opt/devkitpro/libogc/lib/wii/libwiiuse.a(motion_plus.o) (wiiuse_set_ir_mode)
/opt/devkitpro/libogc/lib/wii/libwiiuse.a(nunchuk.o)
                              /opt/devkitpro/libogc/lib/wii/libwiiuse.a(io.o) (nunchuk_handshake)
/opt/devkitpro/libogc/lib/wii/libwiiuse.a(wiiboard.o)
                              /opt/devkitpro/libogc/lib/wii/libwiiuse.a(io.o) (wii_board_handshake)
/opt/devkitpro/libogc/lib/wii/libwiiuse.a(wiiuse.o)
                              /opt/devkitpro/libogc/lib/wii/libwiiuse.a(wpad.o) (wiiuse_init)
/opt/devkitpro/libogc/lib/wii/libwiiuse.a(speaker.o)
                              /opt/devkitpro/libogc/lib/wii/libwiiuse.a(wpad.o) (wencdata)
/opt/devkitpro/libogc/lib/wii/libwiiuse.a(classic.o)
                              /opt/devkitpro/libogc/lib/wii/libwiiuse.a(io.o) (classic_ctrl_handshake)
/opt/devkitpro/libogc/lib/wii/libwiiuse.a(events.o)
                              /opt/devkitpro/libogc/lib/wii/libwiiuse.a(io_wii.o) (parse_event)
/opt/devkitpro/libogc/lib/wii/libwiiuse.a(guitar_hero_3.o)
                              /opt/devkitpro/libogc/lib/wii/libwiiuse.a(io.o) (guitar_hero_3_handshake)
/opt/devkitpro/libogc/lib/wii/libbte.a(bte.o)
                              /opt/devkitpro/libogc/lib/wii/libwiiuse.a(wpad.o) (BTE_Init)
/opt/devkitpro/libogc/lib/wii/libbte.a(hci.o)
                              /opt/devkitpro/libogc/lib/wii/libbte.a(bte.o) (hci_init)
/opt/devkitpro/libogc/lib/wii/libbte.a(l2cap.o)
                              /opt/devkitpro/libogc/lib/wii/libbte.a(bte.o) (l2cap_init)
/opt/devkitpro/libogc/lib/wii/libbte.a(btmemb.o)
                              /opt/devkitpro/libogc/lib/wii/libbte.a(bte.o) (btmemb_init)
/opt/devkitpro/libogc/lib/wii/libbte.a(btmemr.o)
                              /opt/devkitpro/libogc/lib/wii/libbte.a(hci.o) (btmemr_init)
/opt/devkitpro/libogc/lib/wii/libbte.a(btpbuf.o)
                              /opt/devkitpro/libogc/lib/wii/libbte.a(hci.o) (btpbuf_init)
/opt/devkitpro/libogc/lib/wii/libbte.a(physbusif.o)
                              /opt/devkitpro/libogc/lib/wii/libbte.a(bte.o) (physbusif_init)
/opt/devkitpro/libogc/lib/wii/libogc.a(console.o)
                              template.o (CON_Init)
/opt/devkitpro/libogc/lib/wii/libogc.a(lwp_queue.o)
                              /opt/devkitpro/libogc/lib/wii/libwiiuse.a(io_wii.o) (__lwp_queue_initialize)
/opt/devkitpro/libogc/lib/wii/libogc.a(lwp_threads.o)
                              /opt/devkitpro/libogc/lib/wii/libwiiuse.a(wpad.o) (_thread_dispatch_disable_level)
/opt/devkitpro/libogc/lib/wii/libogc.a(lwp.o)
                              /opt/devkitpro/libogc/lib/wii/libwiiuse.a(wpad.o) (LWP_CreateThread)
/opt/devkitpro/libogc/lib/wii/libogc.a(lwp_handler.o)
                              /opt/devkitpro/libogc/lib/wii/libogc.a(lwp_threads.o) (_cpu_context_save_fp)
/opt/devkitpro/libogc/lib/wii/libogc.a(lwp_stack.o)
                              /opt/devkitpro/libogc/lib/wii/libogc.a(lwp_threads.o) (__lwp_stack_allocate)
/opt/devkitpro/libogc/lib/wii/libogc.a(lwp_watchdog.o)
                              /opt/devkitpro/libogc/lib/wii/libogc.a(lwp_threads.o) (_wd_ticks_queue)
/opt/devkitpro/libogc/lib/wii/libogc.a(lwp_wkspace.o)
                              /opt/devkitpro/libogc/lib/wii/libwiiuse.a(motion_plus.o) (__wkspace_heap)
/opt/devkitpro/libogc/lib/wii/libogc.a(lwp_objmgr.o)
                              /opt/devkitpro/libogc/lib/wii/libogc.a(lwp.o) (__lwp_objmgr_initinfo)
/opt/devkitpro/libogc/lib/wii/libogc.a(lwp_heap.o)
                              /opt/devkitpro/libogc/lib/wii/libogc.a(lwp_wkspace.o) (__lwp_heap_init)
/opt/devkitpro/libogc/lib/wii/libogc.a(sys_state.o)
                              /opt/devkitpro/libogc/lib/wii/libogc.a(lwp_threads.o) (_sys_state_curr)
/opt/devkitpro/libogc/lib/wii/libogc.a(exception.o)
                              template.o (__exception_setreload)
/opt/devkitpro/libogc/lib/wii/libogc.a(irq.o)
                              /opt/devkitpro/libogc/lib/wii/libwiiuse.a(io_wii.o) (IRQ_Disable)
/opt/devkitpro/libogc/lib/wii/libogc.a(irq_handler.o)
[...]
Memory Configuration

Name             Origin             Length             Attributes
*default*        0x00000000         0xffffffff

Linker script and memory map

                0x00003400                        . = 0x3400

.stub
 *(.stub)
                0x80004000                        . = 0x80004000

.init           0x80004000      0x194
 *crt0.o(*.init)
 .init          0x80004000      0x170 /opt/devkitpro/libogc/lib/wii/libogc.a(ogc_crt0.o)
                0x80004000                _start
                0x80004140                _memset
 *(.init)
 .init          0x80004170        0xc /opt/devkitpro/devkitPPC/bin/../lib/gcc/powerpc-eabi/15.1.0/ecrti.o
                0x80004170                __init
 .init          0x8000417c        0x4 /opt/devkitpro/devkitPPC/bin/../lib/gcc/powerpc-eabi/15.1.0/crtbegin.o
 .init          0x80004180        0x4 /opt/devkitpro/devkitPPC/bin/../lib/gcc/powerpc-eabi/15.1.0/crtend.o
 .init          0x80004184       0x10 /opt/devkitpro/devkitPPC/bin/../lib/gcc/powerpc-eabi/15.1.0/ecrtn.o

.rela.dyn       0x80004194        0x0
 .rela.iplt     0x80004194        0x0 /opt/devkitpro/devkitPPC/bin/../lib/gcc/powerpc-eabi/15.1.0/crtbegin.o

.plt
 *(.plt)

.interp
 *(.interp)

.hash
 *(.hash)

.dynsym
 *(.dynsym)

.dynstr
 *(.dynstr)

.gnu.version
 *(.gnu.version)

.gnu.version_d
 *(.gnu.version_d)

.gnu.version_r
 *(.gnu.version_r)

.rel.init
 *(.rel.init)

.rela.init
 *(.rela.init)

.rel.text
 *(.rel.text .rel.text.* .rel.gnu.linkonce.t.*)

.rela.text      0x80004194        0x0
 *(.rela.text .rela.text.* .rela.gnu.linkonce.t.*)
 .rela.text.__do_global_dtors_aux
                0x80004194        0x0 /opt/devkitpro/devkitPPC/bin/../lib/gcc/powerpc-eabi/15.1.0/crtbegin.o
 .rela.text.frame_dummy
                0x80004194        0x0 /opt/devkitpro/devkitPPC/bin/../lib/gcc/powerpc-eabi/15.1.0/crtbegin.o
 .rela.text.unlikely.abort
                0x80004194        0x0 /opt/devkitpro/devkitPPC/bin/../lib/gcc/powerpc-eabi/15.1.0/crtbegin.o
 .rela.text.__assert_func
                0x80004194        0x0 /opt/devkitpro/devkitPPC/bin/../lib/gcc/powerpc-eabi/15.1.0/crtbegin.o

.rel.fini
 *(.rel.fini)

.rela.fini
 *(.rela.fini)

.rel.rodata
 *(.rel.rodata .rel.rodata.* .rel.gnu.linkonce.r.*)

.rela.rodata
 *(.rela.rodata .rela.rodata.* .rela.gnu.linkonce.r.*)

.rel.data
 *(.rel.data .rel.data.* .rel.gnu.linkonce.d.*)

.rela.data
 *(.rela.data .rela.data.* .rela.gnu.linkonce.d.*)

.rel.tdata
 *(.rel.tdata .rel.tdata.* .rel.gnu.linkonce.td.*)

.rela.tdata
 *(.rela.tdata .rela.tdata.* .rela.gnu.linkonce.td.*)

.rel.tbss
 *(.rel.tbss .rel.tbss.* .rel.gnu.linkonce.tb.*)

.rela.tbss
 *(.rela.tbss .rela.tbss.* .rela.gnu.linkonce.tb.*)

.rel.ctors
 *(.rel.ctors)

.rela.ctors
 *(.rela.ctors)

.rel.dtors
 *(.rel.dtors)

.rela.dtors
 *(.rela.dtors)

.rel.got
 *(.rel.got)

.rela.got
 *(.rela.got)

.rela.got1
 *(.rela.got1)

.rela.got2
 *(.rela.got2)

.rel.sdata
 *(.rel.sdata .rel.sdata.* .rel.gnu.linkonce.s.*)

.rela.sdata
 *(.rela.sdata .rela.sdata.* .rela.gnu.linkonce.s.*)

.rel.sbss
 *(.rel.sbss .rel.sbss.* .rel.gnu.linkonce.sb.*)

.rela.sbss
 *(.rela.sbss .rela.sbss.* .rel.gnu.linkonce.sb.*)

.rel.sdata2
 *(.rel.sdata2 .rel.sdata2.* .rel.gnu.linkonce.s2.*)

.rela.sdata2
 *(.rela.sdata2 .rela.sdata2.* .rela.gnu.linkonce.s2.*)

.rel.sbss2
 *(.rel.sbss2 .rel.sbss2.* .rel.gnu.linkonce.sb2.*)

.rela.sbss2
 *(.rela.sbss2 .rela.sbss2.* .rela.gnu.linkonce.sb2.*)

.rel.bss
 *(.rel.bss .rel.bss.* .rel.gnu.linkonce.b.*)

.rela.bss
 *(.rela.bss .rela.bss.* .rela.gnu.linkonce.b.*)

.rel.plt
 *(.rel.plt)

.rela.plt
 *(.rela.plt)

.text           0x800041a0    0x42260
 *(.text)
 .text          0x800041a0      0x44c /opt/devkitpro/libogc/lib/wii/libogc.a(lwp_handler.o)
                0x800041a0                _cpu_context_save_fp
                0x800042e0                _cpu_context_restore_fp
                0x80004420                _cpu_context_switch
                0x80004500                _cpu_context_save
                0x80004580                _cpu_context_restore
 .text          0x800045ec      0x1ac /opt/devkitpro/libogc/lib/wii/libogc.a(irq_handler.o)
                0x800045ec                irq_exceptionhandler
 .text          0x80004798      0x4f4 /opt/devkitpro/libogc/lib/wii/libogc.a(cache_asm.o)
                0x80004798                DCFlashInvalidate
                0x800047ac                DCEnable
                0x800047c0                DCDisable
                0x800047d4                DCFreeze
                0x800047e8                DCUnfreeze
                0x800047fc                DCTouchLoad
                0x80004804                DCBlockZero
                0x8000480c                DCBlockStore
                0x80004814                DCBlockFlush
                0x8000481c                DCBlockInvalidate
                0x80004824                DCInvalidateRange
                0x80004854                DCFlushRange
                0x80004888                DCStoreRange
                0x800048bc                DCFlushRangeNoSync
                0x800048ec                DCStoreRangeNoSync
                0x8000491c                DCZeroRange
                0x8000494c                DCTouchRange
                0x8000497c                ICInvalidateRange
                0x800049b4                ICFlashInvalidate
                0x800049c8                ICEnable
                0x800049dc                ICDisable
                0x800049f0                ICFreeze
                0x80004a04                ICUnfreeze
                0x80004a18                ICBlockInvalidate
                0x80004a20                ICSync
                0x80004a28                L2Init
                0x80004a70                L2Enable
                0x80004a8c                L2Disable
                0x80004aa4                L2GlobalInvalidate
                0x80004afc                __LCEnable
                0x80004bc8                LCDisable
                0x80004bf0                LCAllocOneTag
                0x80004c04                LCAllocTags
                0x80004c44                LCLoadBlocks
                0x80004c68                LCStoreBlocks
 .text          0x80004c8c      0x46c /opt/devkitpro/libogc/lib/wii/libogc.a(system_asm.o)
                0x80004c8c                __realmode
                0x80004ca4                __configBATS
                0x80004dd4                __InitFPRS
                0x80004f00                __InitPS
                0x80004f5c                __InitCache
                0x80004fb4                __InitSystem
                0x8000503c                __reset
                0x800050ac                __InitBATS
                0x800050c8                SYS_SwitchFiber
 .text          0x800050f8      0x1ac /opt/devkitpro/libogc/lib/wii/libogc.a(decrementer_handler.o)
                0x800050f8                dec_exceptionhandler
 .text          0x800052a4      0x35c /opt/devkitpro/libogc/lib/wii/libogc.a(exception_handler.o)
                0x800052a4                exceptionhandler_start
                0x80005320                exceptionhandler_patch
                0x80005354                exceptionhandler_end
                0x80005358                default_exceptionhandler
                0x80005488                fpu_exceptionhandler
                0x800055d0                systemcallhandler_start
                0x800055fc                systemcallhandler_end
 .text          0x80005600       0x48 /opt/devkitpro/devkitPPC/bin/../lib/gcc/powerpc-eabi/15.1.0/libgcc.a(eabi.o)
                0x80005600                __eabi
 .text          0x80005648       0x58 /opt/devkitpro/devkitPPC/bin/../lib/gcc/powerpc-eabi/15.1.0/libgcc.a(crtresxgpr.o)
                0x80005648                _restgpr_14_x
                0x8000564c                _restgpr_15_x
                0x80005650                _restgpr_16_x
                0x80005654                _restgpr_17_x
                0x80005658                _restgpr_18_x
                0x8000565c                _restgpr_19_x
                0x80005660                _restgpr_20_x
                0x80005664                _restgpr_21_x
                0x80005668                _restgpr_22_x
                0x8000566c                _restgpr_23_x
                0x80005670                _restgpr_24_x
                0x80005674                _restgpr_25_x
                0x80005678                _restgpr_26_x
                0x8000567c                _restgpr_27_x
                0x80005680                _restgpr_28_x
                0x80005684                _restgpr_29_x
                0x80005688                _restgpr_30_x
                0x8000568c                _restgpr_31_x
 *(.text.*)
 .text.__do_global_dtors_aux
                0x800056a0       0xcc /opt/devkitpro/devkitPPC/bin/../lib/gcc/powerpc-eabi/15.1.0/crtbegin.o
 .text.frame_dummy
                0x8000576c       0x24 /opt/devkitpro/devkitPPC/bin/../lib/gcc/powerpc-eabi/15.1.0/crtbegin.o
 .text.__crtmain
                0x80005790       0x40 /opt/devkitpro/devkitPPC/bin/../lib/gcc/powerpc-eabi/15.1.0/../../../../powerpc-eabi/lib/crtmain.o
                0x80005794                __crtmain
 .text.Bifurcation
                0x800057d0      0x248 template.o
                0x800057d0                Bifurcation
 .text.Mandelbrot
                0x80005a18      0x2dc template.o
                0x80005a18                Mandelbrot
 .text.startup.main
                0x80005cf4      0x234 template.o
                0x80005cf4                main
 .text.__wpad_setevtfilter_finished
                0x80005f28       0x74 /opt/devkitpro/libogc/lib/wii/libwiiuse.a(wpad.o)
 .text.__wpad_disconnectCB
                0x80005f9c      0x1bc /opt/devkitpro/libogc/lib/wii/libwiiuse.a(wpad.o)
                0x80005f9c                __wpad_disconnectCB
 .text.__wpad_hostsyncbuttonCB
                0x80006158       0x90 /opt/devkitpro/libogc/lib/wii/libwiiuse.a(wpad.o)
 .text.__wpad_assign_slot
                0x800061e8      0x188 /opt/devkitpro/libogc/lib/wii/libwiiuse.a(wpad.o)
                0x800061e8                __wpad_assign_slot
 .text.__wpad_register_new
                0x80006370      0x46c /opt/devkitpro/libogc/lib/wii/libwiiuse.a(wpad.o)
                0x80006370                __wpad_register_new
 .text.__wpad_def_powcb
                0x800067dc        0x4 /opt/devkitpro/libogc/lib/wii/libwiiuse.a(wpad.o)
 .text.__wpad_read_remote_name_finished
                0x800067e0      0x274 /opt/devkitpro/libogc/lib/wii/libwiiuse.a(wpad.o)
                0x800067e0                __wpad_read_remote_name_finished
 .text.__wpad_inquiry_finished
                0x80006a54      0x124 /opt/devkitpro/libogc/lib/wii/libwiiuse.a(wpad.o)
                0x80006a54                __wpad_inquiry_finished
 .text.__wpad_confsave_thread_func
                0x80006b78       0x58 /opt/devkitpro/libogc/lib/wii/libwiiuse.a(wpad.o)
 .text.__initcore_finished
                0x80006bd0       0xa4 /opt/devkitpro/libogc/lib/wii/libwiiuse.a(wpad.o)
 .text.__readlinkkey_finished
                0x80006c74      0x138 /opt/devkitpro/libogc/lib/wii/libwiiuse.a(wpad.o)
 .text.__wpad_patch_finished
                0x80006dac       0x90 /opt/devkitpro/libogc/lib/wii/libwiiuse.a(wpad.o)
 .text.__wpad_init_finished
                0x80006e3c       0x9c /opt/devkitpro/libogc/lib/wii/libwiiuse.a(wpad.o)
 .text.__wpad_linkkeynotCB
                0x80006ed8      0x320 /opt/devkitpro/libogc/lib/wii/libwiiuse.a(wpad.o)
 .text.__wpad_linkkeyreqCB
                0x800071f8      0x16c /opt/devkitpro/libogc/lib/wii/libwiiuse.a(wpad.o)
 .text.__wpad_connreqCB
                0x80007364      0x370 /opt/devkitpro/libogc/lib/wii/libwiiuse.a(wpad.o)
 .text.__wpad_setfmt
                0x800076d4      0x14c /opt/devkitpro/libogc/lib/wii/libwiiuse.a(wpad.o)
 .text.__wpad_eventCB
                0x80007820      0xbf4 /opt/devkitpro/libogc/lib/wii/libwiiuse.a(wpad.o)
 .text.__wpad_timeouthandler
                0x80008414       0xfc /opt/devkitpro/libogc/lib/wii/libwiiuse.a(wpad.o)
 .text.WPAD_WipeSavedControllers
                0x80008510      0x140 /opt/devkitpro/libogc/lib/wii/libwiiuse.a(wpad.o)
                0x80008510                WPAD_WipeSavedControllers
 .text.__wpad_def_hostsynccb
                0x80008650       0x78 /opt/devkitpro/libogc/lib/wii/libwiiuse.a(wpad.o)
 .text.WPAD_ReadEvent
                0x800086c8      0x6a8 /opt/devkitpro/libogc/lib/wii/libwiiuse.a(wpad.o)
                0x800086c8                WPAD_ReadEvent
 .text.WPAD_ReadPending
                0x80008d70      0x1b4 /opt/devkitpro/libogc/lib/wii/libwiiuse.a(wpad.o)
                0x80008d70                WPAD_ReadPending
 .text.WPAD_Shutdown
                0x80008f24      0x134 /opt/devkitpro/libogc/lib/wii/libwiiuse.a(wpad.o)
                0x80008f24                WPAD_Shutdown
 .text.WPAD_Init
                0x80009058      0x360 /opt/devkitpro/libogc/lib/wii/libwiiuse.a(wpad.o)
                0x80009058                WPAD_Init
 .text.__wpad_onreset
                0x800093b8       0x34 /opt/devkitpro/libogc/lib/wii/libwiiuse.a(wpad.o)
 .text.WPAD_ScanPads
                0x800093ec       0x7c /opt/devkitpro/libogc/lib/wii/libwiiuse.a(wpad.o)
                0x800093ec                WPAD_ScanPads
 .text.WPAD_ButtonsDown
                0x80009468       0x28 /opt/devkitpro/libogc/lib/wii/libwiiuse.a(wpad.o)
                0x80009468                WPAD_ButtonsDown
 .text.motion_plus_disconnected
                0x80009490       0x10 /opt/devkitpro/libogc/lib/wii/libwiiuse.a(motion_plus.o)
                0x80009490                motion_plus_disconnected
 .text.motion_plus_event
                0x800094a0       0x64 /opt/devkitpro/libogc/lib/wii/libwiiuse.a(motion_plus.o)
                0x800094a0                motion_plus_event
 .text.calculate_gforce
                0x80009504      0x114 /opt/devkitpro/libogc/lib/wii/libwiiuse.a(dynamics.o)
                0x80009504                calculate_gforce
 .text.calc_joystick_state
                0x80009618      0x208 /opt/devkitpro/libogc/lib/wii/libwiiuse.a(dynamics.o)
                0x80009618                calc_joystick_state
 .text.apply_smoothing
                0x80009820      0x110 /opt/devkitpro/libogc/lib/wii/libwiiuse.a(dynamics.o)
                0x80009820                apply_smoothing
 .text.calculate_orientation
                0x80009930      0x360 /opt/devkitpro/libogc/lib/wii/libwiiuse.a(dynamics.o)
                0x80009930                calculate_orientation
 .text.calc_balanceboard_state
                0x80009c90      0x3a4 /opt/devkitpro/libogc/lib/wii/libwiiuse.a(dynamics.o)
                0x80009c90                calc_balanceboard_state
 .text.wiiuse_handshake
                0x8000a034      0x24c /opt/devkitpro/libogc/lib/wii/libwiiuse.a(io.o)
                0x8000a034                wiiuse_handshake
 .text.wiiuse_handshake_expansion
                0x8000a280      0x214 /opt/devkitpro/libogc/lib/wii/libwiiuse.a(io.o)
                0x8000a280                wiiuse_handshake_expansion
 .text.wiiuse_handshake_expansion_start
                0x8000a494       0x5c /opt/devkitpro/libogc/lib/wii/libwiiuse.a(io.o)
                0x8000a494                wiiuse_handshake_expansion_start
 .text.wiiuse_disable_expansion
                0x8000a4f0      0x1b0 /opt/devkitpro/libogc/lib/wii/libwiiuse.a(io.o)
                0x8000a4f0                wiiuse_disable_expansion
 .text.__wiiuse_accept_step2
                0x8000a6a0       0x5c /opt/devkitpro/libogc/lib/wii/libwiiuse.a(io_wii.o)
 .text.__wiiuse_connected
                0x8000a6fc       0xac /opt/devkitpro/libogc/lib/wii/libwiiuse.a(io_wii.o)
 .text.__wiiuse_disconnected
                0x8000a7a8       0xc8 /opt/devkitpro/libogc/lib/wii/libwiiuse.a(io_wii.o)
 .text.__wiiuse_receive
                0x8000a870       0xc4 /opt/devkitpro/libogc/lib/wii/libwiiuse.a(io_wii.o)
 .text.__wiiuse_connect_step2
                0x8000a934       0x5c /opt/devkitpro/libogc/lib/wii/libwiiuse.a(io_wii.o)
 .text.__wiiuse_sensorbar_enable
                0x8000a990       0x74 /opt/devkitpro/libogc/lib/wii/libwiiuse.a(io_wii.o)
                0x8000a990                __wiiuse_sensorbar_enable
 .text.wiiuse_accept
                0x8000aa04      0x15c /opt/devkitpro/libogc/lib/wii/libwiiuse.a(io_wii.o)
                0x8000aa04                wiiuse_accept
 .text.wiiuse_connect
                0x8000ab60      0x15c /opt/devkitpro/libogc/lib/wii/libwiiuse.a(io_wii.o)
                0x8000ab60                wiiuse_connect
 .text.wiiuse_disconnect
                0x8000acbc       0x50 /opt/devkitpro/libogc/lib/wii/libwiiuse.a(io_wii.o)
                0x8000acbc                wiiuse_disconnect
 .text.wiiuse_init_cmd_queue
                0x8000ad0c       0xa4 /opt/devkitpro/libogc/lib/wii/libwiiuse.a(io_wii.o)
                0x8000ad0c                wiiuse_init_cmd_queue
 .text.wiiuse_io_write
                0x8000adb0       0x1c /opt/devkitpro/libogc/lib/wii/libwiiuse.a(io_wii.o)
                0x8000adb0                wiiuse_io_write
 .text.rotate_dots
                0x8000adcc      0x134 /opt/devkitpro/libogc/lib/wii/libwiiuse.a(ir.o)
 .text.wiiuse_set_ir_mode
                0x8000af00       0x5c /opt/devkitpro/libogc/lib/wii/libwiiuse.a(ir.o)
                0x8000af00                wiiuse_set_ir_mode
 .text.wiiuse_set_ir
                0x8000af5c      0x26c /opt/devkitpro/libogc/lib/wii/libwiiuse.a(ir.o)
                0x8000af5c                wiiuse_set_ir
 .text.wiiuse_set_ir_position
                0x8000b1c8       0x80 /opt/devkitpro/libogc/lib/wii/libwiiuse.a(ir.o)
                0x8000b1c8                wiiuse_set_ir_position
 .text.wiiuse_set_aspect_ratio
                0x8000b248       0xac /opt/devkitpro/libogc/lib/wii/libwiiuse.a(ir.o)
                0x8000b248                wiiuse_set_aspect_ratio
 .text.wiiuse_set_ir_sensitivity
                0x8000b2f4      0x190 /opt/devkitpro/libogc/lib/wii/libwiiuse.a(ir.o)
                0x8000b2f4                wiiuse_set_ir_sensitivity
 .text.calculate_basic_ir
                0x8000b484       0xe8 /opt/devkitpro/libogc/lib/wii/libwiiuse.a(ir.o)
                0x8000b484                calculate_basic_ir
 .text.calculate_extended_ir
                0x8000b56c       0x64 /opt/devkitpro/libogc/lib/wii/libwiiuse.a(ir.o)
                0x8000b56c                calculate_extended_ir
 .text.find_sensorbar
                0x8000b5d0      0xb00 /opt/devkitpro/libogc/lib/wii/libwiiuse.a(ir.o)
                0x8000b5d0                find_sensorbar
 .text.apply_ir_smoothing
                0x8000c0d0      0x120 /opt/devkitpro/libogc/lib/wii/libwiiuse.a(ir.o)
                0x8000c0d0                apply_ir_smoothing
 .text.interpret_ir_data
                0x8000c1f0      0x3d0 /opt/devkitpro/libogc/lib/wii/libwiiuse.a(ir.o)
                0x8000c1f0                interpret_ir_data
 .text.nunchuk_handshake
                0x8000c5c0      0x360 /opt/devkitpro/libogc/lib/wii/libwiiuse.a(nunchuk.o)
                0x8000c5c0                nunchuk_handshake
 .text.nunchuk_disconnected
                0x8000c920        0xc /opt/devkitpro/libogc/lib/wii/libwiiuse.a(nunchuk.o)
                0x8000c920                nunchuk_disconnected
 .text.nunchuk_event
                0x8000c92c       0xe8 /opt/devkitpro/libogc/lib/wii/libwiiuse.a(nunchuk.o)
                0x8000c92c                nunchuk_event
 .text.wii_board_handshake
                0x8000ca14      0x28c /opt/devkitpro/libogc/lib/wii/libwiiuse.a(wiiboard.o)
                0x8000ca14                wii_board_handshake
 .text.wii_board_disconnected
                0x8000cca0        0xc /opt/devkitpro/libogc/lib/wii/libwiiuse.a(wiiboard.o)
                0x8000cca0                wii_board_disconnected
 .text.wii_board_event
                0x8000ccac       0x24 /opt/devkitpro/libogc/lib/wii/libwiiuse.a(wiiboard.o)
                0x8000ccac                wii_board_event
 .text.wiiuse_send_next_command
                0x8000ccd0       0x58 /opt/devkitpro/libogc/lib/wii/libwiiuse.a(wiiuse.o)
                0x8000ccd0                wiiuse_send_next_command
 .text.wiiuse_init
                0x8000cd28      0x1fc /opt/devkitpro/libogc/lib/wii/libwiiuse.a(wiiuse.o)
                0x8000cd28                wiiuse_init
 .text.wiiuse_set_flags
                0x8000cf24       0x28 /opt/devkitpro/libogc/lib/wii/libwiiuse.a(wiiuse.o)
                0x8000cf24                wiiuse_set_flags
 .text.wiiuse_read_data
                0x8000cf4c      0x12c /opt/devkitpro/libogc/lib/wii/libwiiuse.a(wiiuse.o)
                0x8000cf4c                wiiuse_read_data
 .text.wiiuse_write_data
                0x8000d078      0x160 /opt/devkitpro/libogc/lib/wii/libwiiuse.a(wiiuse.o)
                0x8000d078                wiiuse_write_data
 .text.wiiuse_sendcmd
                0x8000d1d8      0x14c /opt/devkitpro/libogc/lib/wii/libwiiuse.a(wiiuse.o)
                0x8000d1d8                wiiuse_sendcmd
 .text.wiiuse_set_leds
                0x8000d324       0x50 /opt/devkitpro/libogc/lib/wii/libwiiuse.a(wiiuse.o)
                0x8000d324                wiiuse_set_leds
 .text.wiiuse_set_report_type
                0x8000d374       0xb4 /opt/devkitpro/libogc/lib/wii/libwiiuse.a(wiiuse.o)
                0x8000d374                wiiuse_set_report_type
 .text.wiiuse_status
                0x8000d428       0x4c /opt/devkitpro/libogc/lib/wii/libwiiuse.a(wiiuse.o)
                0x8000d428                wiiuse_status
 .text.wiiuse_motion_sensing
                0x8000d474       0x84 /opt/devkitpro/libogc/lib/wii/libwiiuse.a(wiiuse.o)
                0x8000d474                wiiuse_motion_sensing
 .text.wiiuse_set_speaker
                0x8000d4f8      0x258 /opt/devkitpro/libogc/lib/wii/libwiiuse.a(speaker.o)
                0x8000d4f8                wiiuse_set_speaker
 .text.classic_ctrl_pressed_buttons
                0x8000d750       0x4c /opt/devkitpro/libogc/lib/wii/libwiiuse.a(classic.o)
 .text.classic_ctrl_handshake
                0x8000d79c      0x460 /opt/devkitpro/libogc/lib/wii/libwiiuse.a(classic.o)
                0x8000d79c                classic_ctrl_handshake
 .text.classic_ctrl_disconnected
                0x8000dbfc        0xc /opt/devkitpro/libogc/lib/wii/libwiiuse.a(classic.o)
                0x8000dbfc                classic_ctrl_disconnected
 .text.classic_ctrl_event
                0x8000dc08      0x19c /opt/devkitpro/libogc/lib/wii/libwiiuse.a(classic.o)
                0x8000dc08                classic_ctrl_event
 .text.handle_expansion
                0x8000dda4       0x54 /opt/devkitpro/libogc/lib/wii/libwiiuse.a(events.o)
 .text.parse_event
                0x8000ddf8      0x704 /opt/devkitpro/libogc/lib/wii/libwiiuse.a(events.o)
                0x8000ddf8                parse_event
 .text.guitar_hero_3_handshake
                0x8000e4fc       0x5c /opt/devkitpro/libogc/lib/wii/libwiiuse.a(guitar_hero_3.o)
                0x8000e4fc                guitar_hero_3_handshake
 .text.guitar_hero_3_disconnected
                0x8000e558        0xc /opt/devkitpro/libogc/lib/wii/libwiiuse.a(guitar_hero_3.o)
                0x8000e558                guitar_hero_3_disconnected
 .text.guitar_hero_3_event
                0x8000e564       0x60 /opt/devkitpro/libogc/lib/wii/libwiiuse.a(guitar_hero_3.o)
                0x8000e564                guitar_hero_3_event
 .text.acl_wlp_completed
                0x8000e5c4        0x8 /opt/devkitpro/libogc/lib/wii/libbte.a(bte.o)
                0x8000e5c4                acl_wlp_completed
 .text.bt_alarmhandler
                0x8000e5cc       0x58 /opt/devkitpro/libogc/lib/wii/libbte.a(bte.o)
 .text.__bte_send_pending_request
                0x8000e624      0x108 /opt/devkitpro/libogc/lib/wii/libbte.a(bte.o)
 .text.acl_conn_complete
                0x8000e72c       0x28 /opt/devkitpro/libogc/lib/wii/libbte.a(bte.o)
                0x8000e72c                acl_conn_complete
 .text.acl_auth_complete
                0x8000e754       0x2c /opt/devkitpro/libogc/lib/wii/libbte.a(bte.o)
                0x8000e754                acl_auth_complete
 .text.pin_req  0x8000e780       0x8c /opt/devkitpro/libogc/lib/wii/libbte.a(bte.o)
                0x8000e780                pin_req
 .text.l2cap_connected
                0x8000e80c       0xf0 /opt/devkitpro/libogc/lib/wii/libbte.a(bte.o)
                0x8000e80c                l2cap_connected
 .text.l2cap_accepted
                0x8000e8fc       0xe8 /opt/devkitpro/libogc/lib/wii/libbte.a(bte.o)
                0x8000e8fc                l2cap_accepted
 .text.bte_inquiry_complete
                0x8000e9e4      0x240 /opt/devkitpro/libogc/lib/wii/libbte.a(bte.o)
                0x8000e9e4                bte_inquiry_complete
 .text.l2cap_disconnect_cfm
                0x8000ec24      0x180 /opt/devkitpro/libogc/lib/wii/libbte.a(bte.o)
                0x8000ec24                l2cap_disconnect_cfm
 .text.bte_process_input
                0x8000eda4      0x120 /opt/devkitpro/libogc/lib/wii/libbte.a(bte.o)
 .text.l2cap_disconnected_ind
                0x8000eec4      0x18c /opt/devkitpro/libogc/lib/wii/libbte.a(bte.o)
                0x8000eec4                l2cap_disconnected_ind
 .text.__bte_shutdown_finished
                0x8000f050       0xe8 /opt/devkitpro/libogc/lib/wii/libbte.a(bte.o)
 .text.bte_hci_apply_patch_complete
                0x8000f138      0x170 /opt/devkitpro/libogc/lib/wii/libbte.a(bte.o)
                0x8000f138                bte_hci_apply_patch_complete
 .text.bte_hci_patch_complete
                0x8000f2a8      0x37c /opt/devkitpro/libogc/lib/wii/libbte.a(bte.o)
                0x8000f2a8                bte_hci_patch_complete
 .text.bte_read_remote_name_complete
                0x8000f624      0x190 /opt/devkitpro/libogc/lib/wii/libbte.a(bte.o)
                0x8000f624                bte_read_remote_name_complete
 .text.bte_hci_initcore_complete
                0x8000f7b4      0x260 /opt/devkitpro/libogc/lib/wii/libbte.a(bte.o)
                0x8000f7b4                bte_hci_initcore_complete
 .text.bte_read_stored_link_key_complete
                0x8000fa14      0x288 /opt/devkitpro/libogc/lib/wii/libbte.a(bte.o)
                0x8000fa14                bte_read_stored_link_key_complete
 .text.bte_set_evt_filter_complete
                0x8000fc9c      0x1dc /opt/devkitpro/libogc/lib/wii/libbte.a(bte.o)
                0x8000fc9c                bte_set_evt_filter_complete
 .text.bte_hci_initcore_complete2
                0x8000fe78      0x230 /opt/devkitpro/libogc/lib/wii/libbte.a(bte.o)
 .text.bte_hci_initsub_complete
                0x800100a8      0x280 /opt/devkitpro/libogc/lib/wii/libbte.a(bte.o)
                0x800100a8                bte_hci_initsub_complete
 .text.BTE_Init
                0x80010328      0x154 /opt/devkitpro/libogc/lib/wii/libbte.a(bte.o)
                0x80010328                BTE_Init
 .text.BTE_Close
                0x8001047c       0x64 /opt/devkitpro/libogc/lib/wii/libbte.a(bte.o)
                0x8001047c                BTE_Close
 .text.BTE_Shutdown
                0x800104e0      0x10c /opt/devkitpro/libogc/lib/wii/libbte.a(bte.o)
                0x800104e0                BTE_Shutdown
 .text.BTE_InitCore
                0x800105ec       0x8c /opt/devkitpro/libogc/lib/wii/libbte.a(bte.o)
                0x800105ec                BTE_InitCore
 .text.BTE_ApplyPatch
                0x80010678       0xa4 /opt/devkitpro/libogc/lib/wii/libbte.a(bte.o)
                0x80010678                BTE_ApplyPatch
 .text.BTE_InitSub
                0x8001071c       0x90 /opt/devkitpro/libogc/lib/wii/libbte.a(bte.o)
                0x8001071c                BTE_InitSub
 .text.BTE_ReadStoredLinkKey
                0x800107ac       0x90 /opt/devkitpro/libogc/lib/wii/libbte.a(bte.o)
                0x800107ac                BTE_ReadStoredLinkKey
 .text.BTE_SetEvtFilter
                0x8001083c       0xb8 /opt/devkitpro/libogc/lib/wii/libbte.a(bte.o)
                0x8001083c                BTE_SetEvtFilter
 .text.BTE_ReadRemoteName
                0x800108f4       0x8c /opt/devkitpro/libogc/lib/wii/libbte.a(bte.o)
                0x800108f4                BTE_ReadRemoteName
 .text.BTE_LinkKeyRequestReply
                0x80010980       0x9c /opt/devkitpro/libogc/lib/wii/libbte.a(bte.o)
                0x80010980                BTE_LinkKeyRequestReply
 .text.BTE_LinkKeyRequestNegativeReply
                0x80010a1c       0x8c /opt/devkitpro/libogc/lib/wii/libbte.a(bte.o)
                0x80010a1c                BTE_LinkKeyRequestNegativeReply
 .text.BTE_GetPairMode
                0x80010aa8        0xc /opt/devkitpro/libogc/lib/wii/libbte.a(bte.o)
                0x80010aa8                BTE_GetPairMode
 .text.BTE_SetDisconnectCallback
                0x80010ab4        0x4 /opt/devkitpro/libogc/lib/wii/libbte.a(bte.o)
                0x80010ab4                BTE_SetDisconnectCallback
 .text.BTE_SetHostSyncButtonCallback
                0x80010ab8       0x60 /opt/devkitpro/libogc/lib/wii/libbte.a(bte.o)
                0x80010ab8                BTE_SetHostSyncButtonCallback
 .text.BTE_SetConnectionRequestCallback
                0x80010b18       0x60 /opt/devkitpro/libogc/lib/wii/libbte.a(bte.o)
                0x80010b18                BTE_SetConnectionRequestCallback
 .text.BTE_SetLinkKeyRequestCallback
                0x80010b78       0x60 /opt/devkitpro/libogc/lib/wii/libbte.a(bte.o)
                0x80010b78                BTE_SetLinkKeyRequestCallback
 .text.BTE_SetLinkKeyNotificationCallback
                0x80010bd8       0x60 /opt/devkitpro/libogc/lib/wii/libbte.a(bte.o)
                0x80010bd8                BTE_SetLinkKeyNotificationCallback
 .text.BTE_WriteStoredLinkKey
                0x80010c38       0x9c /opt/devkitpro/libogc/lib/wii/libbte.a(bte.o)
                0x80010c38                BTE_WriteStoredLinkKey
 .text.BTE_ClearStoredLinkKeys
                0x80010cd4       0x80 /opt/devkitpro/libogc/lib/wii/libbte.a(bte.o)
                0x80010cd4                BTE_ClearStoredLinkKeys
 .text.bte_new  0x80010d54       0x54 /opt/devkitpro/libogc/lib/wii/libbte.a(bte.o)
                0x80010d54                bte_new
 .text.bte_free
                0x80010da8       0x38 /opt/devkitpro/libogc/lib/wii/libbte.a(bte.o)
                0x80010da8                bte_free
 .text.BTE_Inquiry
                0x80010de0       0xd0 /opt/devkitpro/libogc/lib/wii/libbte.a(bte.o)
                0x80010de0                BTE_Inquiry
 .text.bte_disconnect
                0x80010eb0       0xcc /opt/devkitpro/libogc/lib/wii/libbte.a(bte.o)
                0x80010eb0                bte_disconnect
 .text.bte_connectasync
                0x80010f7c      0x128 /opt/devkitpro/libogc/lib/wii/libbte.a(bte.o)
                0x80010f7c                bte_connectasync
 .text.bte_connectasync_step2
                0x800110a4       0xe0 /opt/devkitpro/libogc/lib/wii/libbte.a(bte.o)
                0x800110a4                bte_connectasync_step2
 .text.bte_listenasync
                0x80011184      0x114 /opt/devkitpro/libogc/lib/wii/libbte.a(bte.o)
                0x80011184                bte_listenasync
 .text.bte_listenasync_step2
                0x80011298       0xdc /opt/devkitpro/libogc/lib/wii/libbte.a(bte.o)
                0x80011298                bte_listenasync_step2
 .text.bte_senddata
                0x80011374      0x104 /opt/devkitpro/libogc/lib/wii/libbte.a(bte.o)
                0x80011374                bte_senddata
 .text.bte_arg  0x80011478       0x38 /opt/devkitpro/libogc/lib/wii/libbte.a(bte.o)
                0x80011478                bte_arg
 .text.bte_received
                0x800114b0       0x38 /opt/devkitpro/libogc/lib/wii/libbte.a(bte.o)
                0x800114b0                bte_received
 .text.bte_disconnected
                0x800114e8       0x38 /opt/devkitpro/libogc/lib/wii/libbte.a(bte.o)
                0x800114e8                bte_disconnected
 .text.hci_get_link
                0x80011520       0x84 /opt/devkitpro/libogc/lib/wii/libbte.a(hci.o)
 .text.hci_init
                0x800115a4       0x7c /opt/devkitpro/libogc/lib/wii/libbte.a(hci.o)
                0x800115a4                hci_init
 .text.hci_close
                0x80011620      0x134 /opt/devkitpro/libogc/lib/wii/libbte.a(hci.o)
                0x80011620                hci_close
 .text.hci_reset_all
                0x80011754       0xa8 /opt/devkitpro/libogc/lib/wii/libbte.a(hci.o)
                0x80011754                hci_reset_all
 .text.hci_arg  0x800117fc        0xc /opt/devkitpro/libogc/lib/wii/libbte.a(hci.o)
                0x800117fc                hci_arg
 .text.hci_cmd_complete
                0x80011808        0xc /opt/devkitpro/libogc/lib/wii/libbte.a(hci.o)
                0x80011808                hci_cmd_complete
 .text.hci_pin_req
                0x80011814        0xc /opt/devkitpro/libogc/lib/wii/libbte.a(hci.o)
                0x80011814                hci_pin_req
 .text.hci_sync_btn
                0x80011820        0xc /opt/devkitpro/libogc/lib/wii/libbte.a(hci.o)
                0x80011820                hci_sync_btn
 .text.hci_remote_name_req_complete
                0x8001182c        0xc /opt/devkitpro/libogc/lib/wii/libbte.a(hci.o)
                0x8001182c                hci_remote_name_req_complete
 .text.hci_link_key_req
                0x80011838        0xc /opt/devkitpro/libogc/lib/wii/libbte.a(hci.o)
                0x80011838                hci_link_key_req
 .text.hci_link_key_not
                0x80011844        0xc /opt/devkitpro/libogc/lib/wii/libbte.a(hci.o)
                0x80011844                hci_link_key_not
 .text.hci_connection_complete
                0x80011850        0xc /opt/devkitpro/libogc/lib/wii/libbte.a(hci.o)
                0x80011850                hci_connection_complete
 .text.hci_auth_complete
                0x8001185c        0xc /opt/devkitpro/libogc/lib/wii/libbte.a(hci.o)
                0x8001185c                hci_auth_complete
 .text.hci_wlp_complete
                0x80011868        0xc /opt/devkitpro/libogc/lib/wii/libbte.a(hci.o)
                0x80011868                hci_wlp_complete
 .text.hci_conn_req
                0x80011874        0xc /opt/devkitpro/libogc/lib/wii/libbte.a(hci.o)
                0x80011874                hci_conn_req
 .text.hci_reset
                0x80011880       0xa8 /opt/devkitpro/libogc/lib/wii/libbte.a(hci.o)
                0x80011880                hci_reset
 .text.hci_read_buffer_size
                0x80011928       0xa8 /opt/devkitpro/libogc/lib/wii/libbte.a(hci.o)
                0x80011928                hci_read_buffer_size
 .text.hci_read_bd_addr
                0x800119d0       0xa8 /opt/devkitpro/libogc/lib/wii/libbte.a(hci.o)
                0x800119d0                hci_read_bd_addr
 .text.hci_read_local_version
                0x80011a78       0xa4 /opt/devkitpro/libogc/lib/wii/libbte.a(hci.o)
                0x80011a78                hci_read_local_version
 .text.hci_read_local_features
                0x80011b1c       0xa8 /opt/devkitpro/libogc/lib/wii/libbte.a(hci.o)
                0x80011b1c                hci_read_local_features
 .text.hci_read_stored_link_key
                0x80011bc4      0x10c /opt/devkitpro/libogc/lib/wii/libbte.a(hci.o)
                0x80011bc4                hci_read_stored_link_key
 .text.hci_set_event_filter
                0x80011cd0      0x180 /opt/devkitpro/libogc/lib/wii/libbte.a(hci.o)
                0x80011cd0                hci_set_event_filter
 .text.hci_write_page_timeout
                0x80011e50       0xd4 /opt/devkitpro/libogc/lib/wii/libbte.a(hci.o)
                0x80011e50                hci_write_page_timeout
 .text.hci_write_scan_enable
                0x80011f24       0xc0 /opt/devkitpro/libogc/lib/wii/libbte.a(hci.o)
                0x80011f24                hci_write_scan_enable
 .text.hci_inquiry
                0x80011fe4      0x144 /opt/devkitpro/libogc/lib/wii/libbte.a(hci.o)
                0x80011fe4                hci_inquiry
 .text.hci_accept_conn_request
                0x80012128       0xf0 /opt/devkitpro/libogc/lib/wii/libbte.a(hci.o)
                0x80012128                hci_accept_conn_request
 .text.hci_write_local_name
                0x80012218       0xec /opt/devkitpro/libogc/lib/wii/libbte.a(hci.o)
                0x80012218                hci_write_local_name
 .text.hci_write_pin_type
                0x80012304       0xc0 /opt/devkitpro/libogc/lib/wii/libbte.a(hci.o)
                0x80012304                hci_write_pin_type
 .text.hci_read_remote_name
                0x800123c4      0x1b4 /opt/devkitpro/libogc/lib/wii/libbte.a(hci.o)
                0x800123c4                hci_read_remote_name
 .text.hci_write_inquiry_mode
                0x80012578       0xc0 /opt/devkitpro/libogc/lib/wii/libbte.a(hci.o)
                0x80012578                hci_write_inquiry_mode
 .text.hci_write_page_scan_type
                0x80012638       0xc0 /opt/devkitpro/libogc/lib/wii/libbte.a(hci.o)
                0x80012638                hci_write_page_scan_type
 .text.hci_write_inquiry_scan_type
                0x800126f8       0xc0 /opt/devkitpro/libogc/lib/wii/libbte.a(hci.o)
                0x800126f8                hci_write_inquiry_scan_type
 .text.hci_vendor_specific_command
                0x800127b8      0x104 /opt/devkitpro/libogc/lib/wii/libbte.a(hci.o)
                0x800127b8                hci_vendor_specific_command
 .text.hci_auth_req
                0x800128bc       0xe8 /opt/devkitpro/libogc/lib/wii/libbte.a(hci.o)
                0x800128bc                hci_auth_req
 .text.hci_write_link_policy_settings
                0x800129a4      0x104 /opt/devkitpro/libogc/lib/wii/libbte.a(hci.o)
                0x800129a4                hci_write_link_policy_settings
 .text.hci_pin_code_request_reply
                0x80012aa8      0x150 /opt/devkitpro/libogc/lib/wii/libbte.a(hci.o)
                0x80012aa8                hci_pin_code_request_reply
 .text.hci_link_key_req_reply
                0x80012bf8      0x114 /opt/devkitpro/libogc/lib/wii/libbte.a(hci.o)
                0x80012bf8                hci_link_key_req_reply
 .text.hci_pin_code_request_neg_reply
                0x80012d0c       0xd4 /opt/devkitpro/libogc/lib/wii/libbte.a(hci.o)
                0x80012d0c                hci_pin_code_request_neg_reply
 .text.hci_link_key_req_neg_reply
                0x80012de0       0xd4 /opt/devkitpro/libogc/lib/wii/libbte.a(hci.o)
                0x80012de0                hci_link_key_req_neg_reply
 .text.hci_disconnect
                0x80012eb4      0x104 /opt/devkitpro/libogc/lib/wii/libbte.a(hci.o)
                0x80012eb4                hci_disconnect
 .text.hci_reject_connection_request
                0x80012fb8       0xf0 /opt/devkitpro/libogc/lib/wii/libbte.a(hci.o)
                0x80012fb8                hci_reject_connection_request
 .text.hci_write_stored_link_key
                0x800130a8      0x128 /opt/devkitpro/libogc/lib/wii/libbte.a(hci.o)
                0x800130a8                hci_write_stored_link_key
 .text.hci_delete_stored_link_key
                0x800131d0      0x10c /opt/devkitpro/libogc/lib/wii/libbte.a(hci.o)
                0x800131d0                hci_delete_stored_link_key
 .text.hci_write_cod
                0x800132dc       0xd8 /opt/devkitpro/libogc/lib/wii/libbte.a(hci.o)
                0x800132dc                hci_write_cod
 .text.hci_host_buffer_size
                0x800133b4      0x11c /opt/devkitpro/libogc/lib/wii/libbte.a(hci.o)
                0x800133b4                hci_host_buffer_size
 .text.hci_host_num_comp_packets
                0x800134d0      0x110 /opt/devkitpro/libogc/lib/wii/libbte.a(hci.o)
                0x800134d0                hci_host_num_comp_packets
 .text.lp_pdu_maxsize
                0x800135e0        0xc /opt/devkitpro/libogc/lib/wii/libbte.a(hci.o)
                0x800135e0                lp_pdu_maxsize
 .text.hci_get_bd_addr
                0x800135ec       0x50 /opt/devkitpro/libogc/lib/wii/libbte.a(hci.o)
                0x800135ec                hci_get_bd_addr
 .text.lp_is_connected
                0x8001363c       0x28 /opt/devkitpro/libogc/lib/wii/libbte.a(hci.o)
                0x8001363c                lp_is_connected
 .text.lp_acl_write
                0x80013664      0x154 /opt/devkitpro/libogc/lib/wii/libbte.a(hci.o)
                0x80013664                lp_acl_write
 .text.lp_write_flush_timeout
                0x800137b8      0x104 /opt/devkitpro/libogc/lib/wii/libbte.a(hci.o)
                0x800137b8                lp_write_flush_timeout
 .text.lp_connect_req
                0x800138bc      0x294 /opt/devkitpro/libogc/lib/wii/libbte.a(hci.o)
                0x800138bc                lp_connect_req
 .text.hci_event_handler
                0x80013b50      0xf00 /opt/devkitpro/libogc/lib/wii/libbte.a(hci.o)
                0x80013b50                hci_event_handler
 .text.hci_acldata_handler
                0x80014a50      0x110 /opt/devkitpro/libogc/lib/wii/libbte.a(hci.o)
                0x80014a50                hci_acldata_handler
 .text.l2cap_init
                0x80014b60       0x60 /opt/devkitpro/libogc/lib/wii/libbte.a(l2cap.o)
                0x80014b60                l2cap_init
 .text.l2cap_write
                0x80014bc0      0x1a0 /opt/devkitpro/libogc/lib/wii/libbte.a(l2cap.o)
                0x80014bc0                l2cap_write
 .text.l2cap_new
                0x80014d60       0x60 /opt/devkitpro/libogc/lib/wii/libbte.a(l2cap.o)
                0x80014d60                l2cap_new
 .text.l2cap_close
                0x80014dc0      0x1c0 /opt/devkitpro/libogc/lib/wii/libbte.a(l2cap.o)
                0x80014dc0                l2cap_close
 .text.l2cap_reset_all
                0x80014f80      0x148 /opt/devkitpro/libogc/lib/wii/libbte.a(l2cap.o)
                0x80014f80                l2cap_reset_all
 .text.l2cap_signal
                0x800150c8      0x204 /opt/devkitpro/libogc/lib/wii/libbte.a(l2cap.o)
                0x800150c8                l2cap_signal
 .text.l2ca_connect_req
                0x800152cc      0x1e0 /opt/devkitpro/libogc/lib/wii/libbte.a(l2cap.o)
                0x800152cc                l2ca_connect_req
 .text.l2ca_config_req
                0x800154ac      0x13c /opt/devkitpro/libogc/lib/wii/libbte.a(l2cap.o)
                0x800154ac                l2ca_config_req
 .text.l2ca_disconnect_req
                0x800155e8       0xcc /opt/devkitpro/libogc/lib/wii/libbte.a(l2cap.o)
                0x800155e8                l2ca_disconnect_req
 .text.l2cap_tmr
                0x800156b4      0x260 /opt/devkitpro/libogc/lib/wii/libbte.a(l2cap.o)
                0x800156b4                l2cap_tmr
 .text.l2cap_process_sig
                0x80015914     0x1320 /opt/devkitpro/libogc/lib/wii/libbte.a(l2cap.o)
                0x80015914                l2cap_process_sig
 .text.l2cap_input
                0x80016c34      0x5b8 /opt/devkitpro/libogc/lib/wii/libbte.a(l2cap.o)
                0x80016c34                l2cap_input
 .text.l2ca_datawrite
                0x800171ec      0x128 /opt/devkitpro/libogc/lib/wii/libbte.a(l2cap.o)
                0x800171ec                l2ca_datawrite
 .text.lp_connect_cfm
                0x80017314      0x17c /opt/devkitpro/libogc/lib/wii/libbte.a(l2cap.o)
                0x80017314                lp_connect_cfm
 .text.lp_connect_ind
                0x80017490        0x4 /opt/devkitpro/libogc/lib/wii/libbte.a(l2cap.o)
                0x80017490                lp_connect_ind
 .text.lp_disconnect_ind
                0x80017494      0x1b0 /opt/devkitpro/libogc/lib/wii/libbte.a(l2cap.o)
                0x80017494                lp_disconnect_ind
 .text.l2cap_disconnect_bb
                0x80017644       0x10 /opt/devkitpro/libogc/lib/wii/libbte.a(l2cap.o)
                0x80017644                l2cap_disconnect_bb
 .text.l2cap_arg
                0x80017654        0x8 /opt/devkitpro/libogc/lib/wii/libbte.a(l2cap.o)
                0x80017654                l2cap_arg
 .text.l2cap_connect_ind
                0x8001765c      0x100 /opt/devkitpro/libogc/lib/wii/libbte.a(l2cap.o)
                0x8001765c                l2cap_connect_ind
 .text.l2cap_disconnect_ind
                0x8001775c        0x8 /opt/devkitpro/libogc/lib/wii/libbte.a(l2cap.o)
                0x8001775c                l2cap_disconnect_ind
 .text.l2cap_recv
                0x80017764        0x8 /opt/devkitpro/libogc/lib/wii/libbte.a(l2cap.o)
                0x80017764                l2cap_recv
 .text.btmemb_init
                0x8001776c       0x24 /opt/devkitpro/libogc/lib/wii/libbte.a(btmemb.o)
                0x8001776c                btmemb_init
 .text.btmemb_alloc
                0x80017790       0x98 /opt/devkitpro/libogc/lib/wii/libbte.a(btmemb.o)
                0x80017790                btmemb_alloc
 .text.btmemb_free
                0x80017828       0xe0 /opt/devkitpro/libogc/lib/wii/libbte.a(btmemb.o)
                0x80017828                btmemb_free
 .text.plug_holes
                0x80017908       0xac /opt/devkitpro/libogc/lib/wii/libbte.a(btmemr.o)
 .text.btmemr_init
                0x800179b4       0xa4 /opt/devkitpro/libogc/lib/wii/libbte.a(btmemr.o)
                0x800179b4                btmemr_init
 .text.btmemr_malloc
                0x80017a58      0x180 /opt/devkitpro/libogc/lib/wii/libbte.a(btmemr.o)
                0x80017a58                btmemr_malloc
 .text.btmemr_free
                0x80017bd8       0x98 /opt/devkitpro/libogc/lib/wii/libbte.a(btmemr.o)
                0x80017bd8                btmemr_free
 .text.btmemr_realloc
                0x80017c70      0x120 /opt/devkitpro/libogc/lib/wii/libbte.a(btmemr.o)
                0x80017c70                btmemr_realloc
 .text.btpbuf_init
                0x80017d90       0x28 /opt/devkitpro/libogc/lib/wii/libbte.a(btpbuf.o)
                0x80017d90                btpbuf_init
 .text.btpbuf_free
                0x80017db8      0x104 /opt/devkitpro/libogc/lib/wii/libbte.a(btpbuf.o)
                0x80017db8                btpbuf_free
 .text.btpbuf_alloc
                0x80017ebc      0x270 /opt/devkitpro/libogc/lib/wii/libbte.a(btpbuf.o)
                0x80017ebc                btpbuf_alloc
 .text.btpbuf_realloc
                0x8001812c      0x120 /opt/devkitpro/libogc/lib/wii/libbte.a(btpbuf.o)
                0x8001812c                btpbuf_realloc
 .text.btpbuf_header
                0x8001824c       0x84 /opt/devkitpro/libogc/lib/wii/libbte.a(btpbuf.o)
                0x8001824c                btpbuf_header
 .text.btpbuf_ref
                0x800182d0       0x48 /opt/devkitpro/libogc/lib/wii/libbte.a(btpbuf.o)
                0x800182d0                btpbuf_ref
 .text.btpbuf_chain
                0x80018318       0x9c /opt/devkitpro/libogc/lib/wii/libbte.a(btpbuf.o)
                0x80018318                btpbuf_chain
 .text.btpbuf_dechain
                0x800183b4       0x7c /opt/devkitpro/libogc/lib/wii/libbte.a(btpbuf.o)
                0x800183b4                btpbuf_dechain
 .text.btpbuf_take
                0x80018430      0x13c /opt/devkitpro/libogc/lib/wii/libbte.a(btpbuf.o)
                0x80018430                btpbuf_take
 .text.__writebulkmsgCB
                0x8001856c       0x3c /opt/devkitpro/libogc/lib/wii/libbte.a(physbusif.o)
 .text.__writectrlmsgCB
                0x800185a8       0x3c /opt/devkitpro/libogc/lib/wii/libbte.a(physbusif.o)
 .text.__issue_intrread.part.0
                0x800185e4       0x80 /opt/devkitpro/libogc/lib/wii/libbte.a(physbusif.o)
 .text.__readintrdataCB
                0x80018664      0x150 /opt/devkitpro/libogc/lib/wii/libbte.a(physbusif.o)
 .text.__issue_bulkread.part.0
                0x800187b4       0x80 /opt/devkitpro/libogc/lib/wii/libbte.a(physbusif.o)
 .text.__readbulkdataCB
                0x80018834      0x150 /opt/devkitpro/libogc/lib/wii/libbte.a(physbusif.o)
 .text.physbusif_init
                0x80018984      0x1ec /opt/devkitpro/libogc/lib/wii/libbte.a(physbusif.o)
                0x80018984                physbusif_init
 .text.physbusif_close
                0x80018b70       0x20 /opt/devkitpro/libogc/lib/wii/libbte.a(physbusif.o)
                0x80018b70                physbusif_close
 .text.physbusif_shutdown
                0x80018b90       0x18 /opt/devkitpro/libogc/lib/wii/libbte.a(physbusif.o)
                0x80018b90                physbusif_shutdown
 .text.physbusif_reset_all
                0x80018ba8        0x4 /opt/devkitpro/libogc/lib/wii/libbte.a(physbusif.o)
                0x80018ba8                physbusif_reset_all
 .text.physbusif_output
                0x80018bac      0x1f4 /opt/devkitpro/libogc/lib/wii/libbte.a(physbusif.o)
                0x80018bac                physbusif_output
 .text.RGB8_to_YCbCr
                0x80018da0      0x144 /opt/devkitpro/libogc/lib/wii/libogc.a(console.o)
 .text.__console_drawc.part.0
                0x80018ee4      0x268 /opt/devkitpro/libogc/lib/wii/libogc.a(console.o)
 .text.__console_clear
                0x8001914c      0x174 /opt/devkitpro/libogc/lib/wii/libogc.a(console.o)
 .text.__set_default_console
                0x800192c0      0x108 /opt/devkitpro/libogc/lib/wii/libogc.a(console.o)
 .text.__console_clear_line
                0x800193c8      0x150 /opt/devkitpro/libogc/lib/wii/libogc.a(console.o)
 .text.__console_init
                0x80019518       0x70 /opt/devkitpro/libogc/lib/wii/libogc.a(console.o)
                0x80019518                __console_init
 .text.newRow   0x80019588      0x110 /opt/devkitpro/libogc/lib/wii/libogc.a(console.o)
                0x80019588                newRow
 .text.consolePrintChar.part.0
                0x80019698      0x228 /opt/devkitpro/libogc/lib/wii/libogc.a(console.o)
 .text.__console_write
                0x800198c0      0xc20 /opt/devkitpro/libogc/lib/wii/libogc.a(console.o)
                0x800198c0                __console_write
 .text.CON_Init
                0x8001a4e0       0x80 /opt/devkitpro/libogc/lib/wii/libogc.a(console.o)
                0x8001a4e0                CON_Init
 .text.CON_EnableGecko
                0x8001a560       0xf8 /opt/devkitpro/libogc/lib/wii/libogc.a(console.o)
                0x8001a560                CON_EnableGecko
 .text.consoleClear
                0x8001a658       0x10 /opt/devkitpro/libogc/lib/wii/libogc.a(console.o)
                0x8001a658                consoleClear
 .text.__lwp_queue_initialize
                0x8001a668       0x98 /opt/devkitpro/libogc/lib/wii/libogc.a(lwp_queue.o)
                0x8001a668                __lwp_queue_initialize
 .text.__lwp_queue_get
                0x8001a700       0x74 /opt/devkitpro/libogc/lib/wii/libogc.a(lwp_queue.o)
                0x8001a700                __lwp_queue_get
 .text.__lwp_queue_append
                0x8001a774       0x4c /opt/devkitpro/libogc/lib/wii/libogc.a(lwp_queue.o)
                0x8001a774                __lwp_queue_append
 .text.__syscall_getreent
                0x8001a7c0       0x24 /opt/devkitpro/libogc/lib/wii/libogc.a(lwp_threads.o)
                0x8001a7c0                __syscall_getreent
 .text.__lwp_isr_in_progress
                0x8001a7e4        0x8 /opt/devkitpro/libogc/lib/wii/libogc.a(lwp_threads.o)
                0x8001a7e4                __lwp_isr_in_progress
 .text.__thread_dispatch_fp
                0x8001a7ec       0x88 /opt/devkitpro/libogc/lib/wii/libogc.a(lwp_threads.o)
                0x8001a7ec                __thread_dispatch_fp
 .text.__thread_dispatch
                0x8001a874       0xf4 /opt/devkitpro/libogc/lib/wii/libogc.a(lwp_threads.o)
                0x8001a874                __thread_dispatch
 .text.__lwp_thread_resettimeslice
                0x8001a968       0xb4 /opt/devkitpro/libogc/lib/wii/libogc.a(lwp_threads.o)
                0x8001a968                __lwp_thread_resettimeslice
 .text.__lwp_thread_tickle_timeslice
                0x8001aa1c       0xc8 /opt/devkitpro/libogc/lib/wii/libogc.a(lwp_threads.o)
                0x8001aa1c                __lwp_thread_tickle_timeslice
 .text.__lwp_thread_setstate
                0x8001aae4      0x16c /opt/devkitpro/libogc/lib/wii/libogc.a(lwp_threads.o)
                0x8001aae4                __lwp_thread_setstate
 .text.__lwp_thread_clearstate
                0x8001ac50       0xe4 /opt/devkitpro/libogc/lib/wii/libogc.a(lwp_threads.o)
                0x8001ac50                __lwp_thread_clearstate
 .text.__lwp_thread_delayended
                0x8001ad34       0x48 /opt/devkitpro/libogc/lib/wii/libogc.a(lwp_threads.o)
                0x8001ad34                __lwp_thread_delayended
 .text.__lwp_thread_settransient
                0x8001ad7c       0xb4 /opt/devkitpro/libogc/lib/wii/libogc.a(lwp_threads.o)
                0x8001ad7c                __lwp_thread_settransient
 .text.__lwp_thread_changepriority
                0x8001ae30      0x1f8 /opt/devkitpro/libogc/lib/wii/libogc.a(lwp_threads.o)
                0x8001ae30                __lwp_thread_changepriority
 .text.__lwp_thread_ready
                0x8001b028       0xf0 /opt/devkitpro/libogc/lib/wii/libogc.a(lwp_threads.o)
                0x8001b028                __lwp_thread_ready
 .text.__lwp_thread_init
                0x8001b118      0x160 /opt/devkitpro/libogc/lib/wii/libogc.a(lwp_threads.o)
                0x8001b118                __lwp_thread_init
 .text.__lwp_thread_close
                0x8001b278      0x144 /opt/devkitpro/libogc/lib/wii/libogc.a(lwp_threads.o)
                0x8001b278                __lwp_thread_close
 .text.__lwp_thread_handler
                0x8001b3bc       0xc0 /opt/devkitpro/libogc/lib/wii/libogc.a(lwp_threads.o)
 .text.__lwp_thread_closeall
                0x8001b47c       0xb4 /opt/devkitpro/libogc/lib/wii/libogc.a(lwp_threads.o)
                0x8001b47c                __lwp_thread_closeall
 .text.__lwp_thread_start
                0x8001b530      0x13c /opt/devkitpro/libogc/lib/wii/libogc.a(lwp_threads.o)
                0x8001b530                __lwp_thread_start
 .text.__lwp_thread_startmultitasking
                0x8001b66c       0xac /opt/devkitpro/libogc/lib/wii/libogc.a(lwp_threads.o)
                0x8001b66c                __lwp_thread_startmultitasking
 .text.__lwp_thread_stopmultitasking
                0x8001b718       0x58 /opt/devkitpro/libogc/lib/wii/libogc.a(lwp_threads.o)
                0x8001b718                __lwp_thread_stopmultitasking
 .text.__lwp_thread_coreinit
                0x8001b770       0xc8 /opt/devkitpro/libogc/lib/wii/libogc.a(lwp_threads.o)
                0x8001b770                __lwp_thread_coreinit
 .text.idle_func
                0x8001b838        0x4 /opt/devkitpro/libogc/lib/wii/libogc.a(lwp.o)
 .text.__lwp_sysinit
                0x8001b83c      0x114 /opt/devkitpro/libogc/lib/wii/libogc.a(lwp.o)
                0x8001b83c                __lwp_sysinit
 .text.LWP_CreateThread
                0x8001b950      0x1b0 /opt/devkitpro/libogc/lib/wii/libogc.a(lwp.o)
                0x8001b950                LWP_CreateThread
 .text.LWP_JoinThread
                0x8001bb00      0x134 /opt/devkitpro/libogc/lib/wii/libogc.a(lwp.o)
                0x8001bb00                LWP_JoinThread
 .text.LWP_InitQueue
                0x8001bc34      0x148 /opt/devkitpro/libogc/lib/wii/libogc.a(lwp.o)
                0x8001bc34                LWP_InitQueue
 .text.LWP_CloseQueue
                0x8001bd7c       0xd4 /opt/devkitpro/libogc/lib/wii/libogc.a(lwp.o)
                0x8001bd7c                LWP_CloseQueue
 .text.LWP_ThreadSleep
                0x8001be50       0xf4 /opt/devkitpro/libogc/lib/wii/libogc.a(lwp.o)
                0x8001be50                LWP_ThreadSleep
 .text.LWP_ThreadBroadcast
                0x8001bf44       0x88 /opt/devkitpro/libogc/lib/wii/libogc.a(lwp.o)
                0x8001bf44                LWP_ThreadBroadcast
 .text.LWP_ThreadSignal
                0x8001bfcc       0x74 /opt/devkitpro/libogc/lib/wii/libogc.a(lwp.o)
                0x8001bfcc                LWP_ThreadSignal
 .text.__lwp_stack_allocate
                0x8001c040       0x60 /opt/devkitpro/libogc/lib/wii/libogc.a(lwp_stack.o)
                0x8001c040                __lwp_stack_allocate
 .text.__lwp_stack_free
                0x8001c0a0       0x1c /opt/devkitpro/libogc/lib/wii/libogc.a(lwp_stack.o)
                0x8001c0a0                __lwp_stack_free
 .text.__lwp_wd_settimer
                0x8001c0bc       0xdc /opt/devkitpro/libogc/lib/wii/libogc.a(lwp_watchdog.o)
 .text.__lwp_watchdog_init
                0x8001c198       0x2c /opt/devkitpro/libogc/lib/wii/libogc.a(lwp_watchdog.o)
                0x8001c198                __lwp_watchdog_init
 .text.__lwp_wd_insert
                0x8001c1c4      0x194 /opt/devkitpro/libogc/lib/wii/libogc.a(lwp_watchdog.o)
                0x8001c1c4                __lwp_wd_insert
 .text.__lwp_wd_remove
                0x8001c358      0x134 /opt/devkitpro/libogc/lib/wii/libogc.a(lwp_watchdog.o)
                0x8001c358                __lwp_wd_remove
 .text.__lwp_wd_tickle
                0x8001c48c      0x120 /opt/devkitpro/libogc/lib/wii/libogc.a(lwp_watchdog.o)
                0x8001c48c                __lwp_wd_tickle
 .text.__lwp_wkspace_init
                0x8001c5ac       0xc0 /opt/devkitpro/libogc/lib/wii/libogc.a(lwp_wkspace.o)
                0x8001c5ac                __lwp_wkspace_init
 .text.__lwp_objmgr_initinfo
                0x8001c66c      0x1a0 /opt/devkitpro/libogc/lib/wii/libogc.a(lwp_objmgr.o)
                0x8001c66c                __lwp_objmgr_initinfo
 .text.__lwp_objmgr_getisrdisable
                0x8001c80c       0x60 /opt/devkitpro/libogc/lib/wii/libogc.a(lwp_objmgr.o)
                0x8001c80c                __lwp_objmgr_getisrdisable
 .text.__lwp_objmgr_getnoprotection
                0x8001c86c       0x24 /opt/devkitpro/libogc/lib/wii/libogc.a(lwp_objmgr.o)
                0x8001c86c                __lwp_objmgr_getnoprotection
 .text.__lwp_objmgr_get
                0x8001c890       0x6c /opt/devkitpro/libogc/lib/wii/libogc.a(lwp_objmgr.o)
                0x8001c890                __lwp_objmgr_get
 .text.__lwp_objmgr_allocate
                0x8001c8fc       0x88 /opt/devkitpro/libogc/lib/wii/libogc.a(lwp_objmgr.o)
                0x8001c8fc                __lwp_objmgr_allocate
 .text.__lwp_objmgr_free
                0x8001c984       0x60 /opt/devkitpro/libogc/lib/wii/libogc.a(lwp_objmgr.o)
                0x8001c984                __lwp_objmgr_free
 .text.__lwp_heap_init
                0x8001c9e4       0xa4 /opt/devkitpro/libogc/lib/wii/libogc.a(lwp_heap.o)
                0x8001c9e4                __lwp_heap_init
 .text.__lwp_heap_allocate
                0x8001ca88      0x168 /opt/devkitpro/libogc/lib/wii/libogc.a(lwp_heap.o)
                0x8001ca88                __lwp_heap_allocate
 .text.__lwp_heap_free
                0x8001cbf0      0x188 /opt/devkitpro/libogc/lib/wii/libogc.a(lwp_heap.o)
                0x8001cbf0                __lwp_heap_free
 .text.__systemcall_init
                0x8001cd78       0x6c /opt/devkitpro/libogc/lib/wii/libogc.a(exception.o)
                0x8001cd78                __systemcall_init
 .text.__exception_init
                0x8001cde4      0x128 /opt/devkitpro/libogc/lib/wii/libogc.a(exception.o)
                0x8001cde4                __exception_init
 .text.__exception_close
                0x8001cf0c       0xa4 /opt/devkitpro/libogc/lib/wii/libogc.a(exception.o)
                0x8001cf0c                __exception_close
 .text.__exception_closeall
                0x8001cfb0       0x80 /opt/devkitpro/libogc/lib/wii/libogc.a(exception.o)
                0x8001cfb0                __exception_closeall
 .text.__exception_setreload
                0x8001d030        0xc /opt/devkitpro/libogc/lib/wii/libogc.a(exception.o)
                0x8001d030                __exception_setreload
 .text.__exception_setlookupxfb
                0x8001d03c        0x8 /opt/devkitpro/libogc/lib/wii/libogc.a(exception.o)
                0x8001d03c                __exception_setlookupxfb
 .text.c_default_exceptionhandler
                0x8001d044      0x574 /opt/devkitpro/libogc/lib/wii/libogc.a(exception.o)
                0x8001d044                c_default_exceptionhandler
 .text.__SetInterrupts
                0x8001d5b8      0x268 /opt/devkitpro/libogc/lib/wii/libogc.a(irq.o)
 .text.c_irqdispatcher
                0x8001d820      0x26c /opt/devkitpro/libogc/lib/wii/libogc.a(irq.o)
                0x8001d820                c_irqdispatcher
 .text.__UnmaskIrq
                0x8001da8c       0x84 /opt/devkitpro/libogc/lib/wii/libogc.a(irq.o)
                0x8001da8c                __UnmaskIrq
 .text.__MaskIrq
                0x8001db10       0x84 /opt/devkitpro/libogc/lib/wii/libogc.a(irq.o)
                0x8001db10                __MaskIrq
 .text.__irq_init
                0x8001db94       0x84 /opt/devkitpro/libogc/lib/wii/libogc.a(irq.o)
                0x8001db94                __irq_init
 .text.IRQ_Request
                0x8001dc18       0x50 /opt/devkitpro/libogc/lib/wii/libogc.a(irq.o)
                0x8001dc18                IRQ_Request
 .text.IRQ_GetHandler
                0x8001dc68       0x44 /opt/devkitpro/libogc/lib/wii/libogc.a(irq.o)
                0x8001dc68                IRQ_GetHandler
 .text.IRQ_Disable
                0x8001dcac       0x1c /opt/devkitpro/libogc/lib/wii/libogc.a(irq.o)
                0x8001dcac                IRQ_Disable
 .text.IRQ_Restore
                0x8001dcc8       0x1c /opt/devkitpro/libogc/lib/wii/libogc.a(irq.o)
                0x8001dcc8                IRQ_Restore
 .text.__lwp_sema_init
                0x8001dce4       0x14 /opt/devkitpro/libogc/lib/wii/libogc.a(semaphore.o)
                0x8001dce4                __lwp_sema_init
 .text.LWP_SemInit
                0x8001dcf8      0x15c /opt/devkitpro/libogc/lib/wii/libogc.a(semaphore.o)
                0x8001dcf8                LWP_SemInit
 .text.LWP_SemWait
                0x8001de54       0xd8 /opt/devkitpro/libogc/lib/wii/libogc.a(semaphore.o)
                0x8001de54                LWP_SemWait
 .text.LWP_SemPost
                0x8001df2c       0x90 /opt/devkitpro/libogc/lib/wii/libogc.a(semaphore.o)
                0x8001df2c                LWP_SemPost
 .text.LWP_SemDestroy
                0x8001dfbc       0xd8 /opt/devkitpro/libogc/lib/wii/libogc.a(semaphore.o)
                0x8001dfbc                LWP_SemDestroy
 .text.__VISendI2CData.constprop.0.isra.0
                0x8001e094      0x418 /opt/devkitpro/libogc/lib/wii/libogc.a(video.o)
 .text.__setFbbRegs.constprop.0
                0x8001e4ac      0x190 /opt/devkitpro/libogc/lib/wii/libogc.a(video.o)
 .text.__VISetYUVSEL
                0x8001e63c       0xb8 /opt/devkitpro/libogc/lib/wii/libogc.a(video.o)
 .text.__VIClearFramebuffer
                0x8001e6f4       0x48 /opt/devkitpro/libogc/lib/wii/libogc.a(video.o)
                0x8001e6f4                __VIClearFramebuffer
 .text.VIDEO_Configure
                0x8001e73c      0x5dc /opt/devkitpro/libogc/lib/wii/libogc.a(video.o)
                0x8001e73c                VIDEO_Configure
 .text.VIDEO_WaitVSync
                0x8001ed18       0x74 /opt/devkitpro/libogc/lib/wii/libogc.a(video.o)
                0x8001ed18                VIDEO_WaitVSync
 .text.VIDEO_SetFramebuffer
                0x8001ed8c       0xd0 /opt/devkitpro/libogc/lib/wii/libogc.a(video.o)
                0x8001ed8c                VIDEO_SetFramebuffer
 .text.VIDEO_SetNextFramebuffer
                0x8001ee5c       0x70 /opt/devkitpro/libogc/lib/wii/libogc.a(video.o)
                0x8001ee5c                VIDEO_SetNextFramebuffer
 .text.VIDEO_Flush
                0x8001eecc       0xf4 /opt/devkitpro/libogc/lib/wii/libogc.a(video.o)
                0x8001eecc                VIDEO_Flush
 .text.VIDEO_SetBlack
                0x8001efc0      0x15c /opt/devkitpro/libogc/lib/wii/libogc.a(video.o)
                0x8001efc0                VIDEO_SetBlack
 .text.VIDEO_GetCurrentTvMode
                0x8001f11c       0x78 /opt/devkitpro/libogc/lib/wii/libogc.a(video.o)
                0x8001f11c                VIDEO_GetCurrentTvMode
 .text.__VIRetraceHandler
                0x8001f194      0x284 /opt/devkitpro/libogc/lib/wii/libogc.a(video.o)
 .text.__VISetupEncoder
                0x8001f418      0x288 /opt/devkitpro/libogc/lib/wii/libogc.a(video.o)
 .text.VIDEO_Init
                0x8001f6a0      0x3cc /opt/devkitpro/libogc/lib/wii/libogc.a(video.o)
                0x8001f6a0                VIDEO_Init
 .text.VIDEO_GetPreferredMode
                0x8001fa6c      0x108 /opt/devkitpro/libogc/lib/wii/libogc.a(video.o)
                0x8001fa6c                VIDEO_GetPreferredMode
 .text.VIDEO_GetCurrentLine
                0x8001fb74       0x9c /opt/devkitpro/libogc/lib/wii/libogc.a(video.o)
                0x8001fb74                VIDEO_GetCurrentLine
 .text.VIDEO_GetFrameBufferSize
                0x8001fc10       0x34 /opt/devkitpro/libogc/lib/wii/libogc.a(video.o)
                0x8001fc10                VIDEO_GetFrameBufferSize
 .text.VIDEO_ClearFrameBuffer
                0x8001fc44       0x78 /opt/devkitpro/libogc/lib/wii/libogc.a(video.o)
                0x8001fc44                VIDEO_ClearFrameBuffer
 .text.VIDEO_HaveComponentCable
                0x8001fcbc       0x14 /opt/devkitpro/libogc/lib/wii/libogc.a(video.o)
                0x8001fcbc                VIDEO_HaveComponentCable
 .text.SPEC1_MakeStatus
                0x8001fcd0      0x104 /opt/devkitpro/libogc/lib/wii/libogc.a(pad.o)
 .text.__pad_samplinghandler
                0x8001fdd4        0x4 /opt/devkitpro/libogc/lib/wii/libogc.a(pad.o)
 .text.__pad_doreset
                0x8001fdd8       0x50 /opt/devkitpro/libogc/lib/wii/libogc.a(pad.o)
 .text.__pad_updateorigin
                0x8001fe28       0x94 /opt/devkitpro/libogc/lib/wii/libogc.a(pad.o)
 .text.__pad_disable
                0x8001febc       0xbc /opt/devkitpro/libogc/lib/wii/libogc.a(pad.o)
 .text.__pad_receivecheckcallback
                0x8001ff78       0x74 /opt/devkitpro/libogc/lib/wii/libogc.a(pad.o)
 .text.__pad_typeandstatuscallback
                0x8001ffec      0x1b4 /opt/devkitpro/libogc/lib/wii/libogc.a(pad.o)
 .text.__pad_originupdatecallback
                0x800201a0       0x2c /opt/devkitpro/libogc/lib/wii/libogc.a(pad.o)
 .text.SPEC2_MakeStatus
                0x800201cc      0x220 /opt/devkitpro/libogc/lib/wii/libogc.a(pad.o)
 .text.__pad_onreset
                0x800203ec      0x10c /opt/devkitpro/libogc/lib/wii/libogc.a(pad.o)
 .text.__pad_origincallback
                0x800204f8       0x74 /opt/devkitpro/libogc/lib/wii/libogc.a(pad.o)
 .text.__pad_probecallback
                0x8002056c       0x84 /opt/devkitpro/libogc/lib/wii/libogc.a(pad.o)
 .text.__PADDisableRecalibration
                0x800205f0       0x60 /opt/devkitpro/libogc/lib/wii/libogc.a(pad.o)
                0x800205f0                __PADDisableRecalibration
 .text.PAD_Reset
                0x80020650       0xf0 /opt/devkitpro/libogc/lib/wii/libogc.a(pad.o)
                0x80020650                PAD_Reset
 .text.PAD_Read
                0x80020740      0x2cc /opt/devkitpro/libogc/lib/wii/libogc.a(pad.o)
                0x80020740                PAD_Read
 .text.PAD_Init
                0x80020a0c       0xf8 /opt/devkitpro/libogc/lib/wii/libogc.a(pad.o)
                0x80020a0c                PAD_Init
 .text.PAD_ScanPads
                0x80020b04      0x13c /opt/devkitpro/libogc/lib/wii/libogc.a(pad.o)
                0x80020b04                PAD_ScanPads
 .text.PAD_ButtonsDown
                0x80020c40       0x40 /opt/devkitpro/libogc/lib/wii/libogc.a(pad.o)
                0x80020c40                PAD_ButtonsDown
 .text.__call_resetfuncs
                0x80020c80       0xbc /opt/devkitpro/libogc/lib/wii/libogc.a(system.o)
 .text.__MEMInterruptHandler
                0x80020d3c       0x14 /opt/devkitpro/libogc/lib/wii/libogc.a(system.o)
 .text.__RSWDefaultHandler
                0x80020d50        0x4 /opt/devkitpro/libogc/lib/wii/libogc.a(system.o)
 .text.__POWDefaultHandler
                0x80020d54        0x4 /opt/devkitpro/libogc/lib/wii/libogc.a(system.o)
 .text.__getrtc
                0x80020d58      0x14c /opt/devkitpro/libogc/lib/wii/libogc.a(system.o)
 .text.__sram_write
                0x80020ea4      0x144 /opt/devkitpro/libogc/lib/wii/libogc.a(system.o)
 .text.__sram_writecallback
                0x80020fe8       0x54 /opt/devkitpro/libogc/lib/wii/libogc.a(system.o)
 .text.__mem_onreset
                0x8002103c       0x48 /opt/devkitpro/libogc/lib/wii/libogc.a(system.o)
 .text.__unlocksram
                0x80021084      0x130 /opt/devkitpro/libogc/lib/wii/libogc.a(system.o)
 .text.__sys_alarmhandler
                0x800211b4      0x14c /opt/devkitpro/libogc/lib/wii/libogc.a(system.o)
 .text.__syscall_malloc_lock
                0x80021300        0x4 /opt/devkitpro/libogc/lib/wii/libogc.a(system.o)
                0x80021300                __syscall_malloc_lock
 .text.__syscall_malloc_unlock
                0x80021304        0x4 /opt/devkitpro/libogc/lib/wii/libogc.a(system.o)
                0x80021304                __syscall_malloc_unlock
 .text.__syscall_nanosleep
                0x80021308        0x4 /opt/devkitpro/libogc/lib/wii/libogc.a(system.o)
                0x80021308                __syscall_nanosleep
 .text.__SYS_GetRTC
                0x8002130c       0x98 /opt/devkitpro/libogc/lib/wii/libogc.a(system.o)
                0x8002130c                __SYS_GetRTC
 .text.__SYS_SetBootTime
                0x800213a4       0xf4 /opt/devkitpro/libogc/lib/wii/libogc.a(system.o)
                0x800213a4                __SYS_SetBootTime
 .text.__SYS_GetIPCBufferLo
                0x80021498        0x8 /opt/devkitpro/libogc/lib/wii/libogc.a(system.o)
                0x80021498                __SYS_GetIPCBufferLo
 .text.__SYS_GetIPCBufferHi
                0x800214a0        0x8 /opt/devkitpro/libogc/lib/wii/libogc.a(system.o)
                0x800214a0                __SYS_GetIPCBufferHi
 .text.SYS_DoPowerCB
                0x800214a8       0xd0 /opt/devkitpro/libogc/lib/wii/libogc.a(system.o)
                0x800214a8                SYS_DoPowerCB
 .text.__STMEventHandler
                0x80021578       0xf4 /opt/devkitpro/libogc/lib/wii/libogc.a(system.o)
 .text.__SYS_DisablePowerButton
                0x8002166c       0x4c /opt/devkitpro/libogc/lib/wii/libogc.a(system.o)
                0x8002166c                __SYS_DisablePowerButton
 .text.__SYS_PreInit
                0x800216b8        0x4 /opt/devkitpro/libogc/lib/wii/libogc.a(system.o)
                0x800216b8                __SYS_PreInit
 .text.SYS_PreMain
                0x800216bc       0x7c /opt/devkitpro/libogc/lib/wii/libogc.a(system.o)
                0x800216bc                SYS_PreMain
 .text.SYS_ResetSystem
                0x80021738      0x1f8 /opt/devkitpro/libogc/lib/wii/libogc.a(system.o)
                0x80021738                SYS_ResetSystem
 .text.__reload
                0x80021930       0x7c /opt/devkitpro/libogc/lib/wii/libogc.a(system.o)
                0x80021930                __reload
 .text.__syscall_exit
                0x800219ac       0x84 /opt/devkitpro/libogc/lib/wii/libogc.a(system.o)
                0x800219ac                __syscall_exit
 .text.SYS_RegisterResetFunc
                0x80021a30       0x78 /opt/devkitpro/libogc/lib/wii/libogc.a(system.o)
                0x80021a30                SYS_RegisterResetFunc
 .text.SYS_SetArena1Lo
                0x80021aa8       0x38 /opt/devkitpro/libogc/lib/wii/libogc.a(system.o)
                0x80021aa8                SYS_SetArena1Lo
 .text.SYS_GetArena1Lo
                0x80021ae0       0x38 /opt/devkitpro/libogc/lib/wii/libogc.a(system.o)
                0x80021ae0                SYS_GetArena1Lo
 .text.SYS_GetArena1Hi
                0x80021b18       0x38 /opt/devkitpro/libogc/lib/wii/libogc.a(system.o)
                0x80021b18                SYS_GetArena1Hi
 .text.SYS_SetArena2Lo
                0x80021b50       0x38 /opt/devkitpro/libogc/lib/wii/libogc.a(system.o)
                0x80021b50                SYS_SetArena2Lo
 .text.SYS_GetArena2Lo
                0x80021b88       0x38 /opt/devkitpro/libogc/lib/wii/libogc.a(system.o)
                0x80021b88                SYS_GetArena2Lo
 .text.SYS_SetArena2Hi
                0x80021bc0       0x38 /opt/devkitpro/libogc/lib/wii/libogc.a(system.o)
                0x80021bc0                SYS_SetArena2Hi
 .text.SYS_GetArena2Hi
                0x80021bf8       0x38 /opt/devkitpro/libogc/lib/wii/libogc.a(system.o)
                0x80021bf8                SYS_GetArena2Hi
 .text.SYS_AllocateFramebuffer
                0x80021c30       0x28 /opt/devkitpro/libogc/lib/wii/libogc.a(system.o)
                0x80021c30                SYS_AllocateFramebuffer
 .text.SYS_CreateAlarm
                0x80021c58      0x104 /opt/devkitpro/libogc/lib/wii/libogc.a(system.o)
                0x80021c58                SYS_CreateAlarm
 .text.SYS_SetAlarm
                0x80021d5c      0x1e0 /opt/devkitpro/libogc/lib/wii/libogc.a(system.o)
                0x80021d5c                SYS_SetAlarm
 .text.SYS_SetPeriodicAlarm
                0x80021f3c      0x258 /opt/devkitpro/libogc/lib/wii/libogc.a(system.o)
                0x80021f3c                SYS_SetPeriodicAlarm
 .text.SYS_RemoveAlarm
                0x80022194      0x10c /opt/devkitpro/libogc/lib/wii/libogc.a(system.o)
                0x80022194                SYS_RemoveAlarm
 .text.SYS_CancelAlarm
                0x800222a0       0xbc /opt/devkitpro/libogc/lib/wii/libogc.a(system.o)
                0x800222a0                SYS_CancelAlarm
 .text.SYS_GetWirelessID
                0x8002235c       0x90 /opt/devkitpro/libogc/lib/wii/libogc.a(system.o)
                0x8002235c                SYS_GetWirelessID
 .text.SYS_SetWirelessID
                0x800223ec       0x90 /opt/devkitpro/libogc/lib/wii/libogc.a(system.o)
                0x800223ec                SYS_SetWirelessID
 .text.SYS_SetGBSMode
                0x8002247c       0xa8 /opt/devkitpro/libogc/lib/wii/libogc.a(system.o)
                0x8002247c                SYS_SetGBSMode
 .text.__sram_init
                0x80022524      0x1c0 /opt/devkitpro/libogc/lib/wii/libogc.a(system.o)
                0x80022524                __sram_init
 .text.SYS_Init
                0x800226e4      0x5b0 /opt/devkitpro/libogc/lib/wii/libogc.a(system.o)
                0x800226e4                SYS_Init
 .text.SYS_GetHollywoodRevision
                0x80022c94       0x3c /opt/devkitpro/libogc/lib/wii/libogc.a(system.o)
                0x80022c94                SYS_GetHollywoodRevision
 .text.SYS_Time
                0x80022cd0       0x78 /opt/devkitpro/libogc/lib/wii/libogc.a(system.o)
                0x80022cd0                SYS_Time
 .text.__lwp_cond_init
                0x80022d48       0x14 /opt/devkitpro/libogc/lib/wii/libogc.a(cond.o)
                0x80022d48                __lwp_cond_init
 .text.__GX_InitRevBits
                0x80022d5c       0x9c /opt/devkitpro/libogc/lib/wii/libogc.a(gx.o)
 .text.GX_AbortFrame
                0x80022df8      0x374 /opt/devkitpro/libogc/lib/wii/libogc.a(gx.o)
                0x80022df8                GX_AbortFrame
 .text.__decrementer_init
                0x8002316c        0x4 /opt/devkitpro/libogc/lib/wii/libogc.a(decrementer.o)
                0x8002316c                __decrementer_init
 .text.c_decrementer_handler
                0x80023170        0xc /opt/devkitpro/libogc/lib/wii/libogc.a(decrementer.o)
                0x80023170                c_decrementer_handler
 .text.__lwp_mqbox_init
                0x8002317c       0x14 /opt/devkitpro/libogc/lib/wii/libogc.a(message.o)
                0x8002317c                __lwp_mqbox_init
 .text.__si_transfer
                0x80023190      0x1d0 /opt/devkitpro/libogc/lib/wii/libogc.a(si.o)
 .text.__si_alarmhandler
                0x80023360       0xa0 /opt/devkitpro/libogc/lib/wii/libogc.a(si.o)
 .text.__si_completetransfer
                0x80023400      0x1fc /opt/devkitpro/libogc/lib/wii/libogc.a(si.o)
 .text.__si_transfernext
                0x800235fc       0xd8 /opt/devkitpro/libogc/lib/wii/libogc.a(si.o)
 .text.SI_Busy  0x800236d4       0x18 /opt/devkitpro/libogc/lib/wii/libogc.a(si.o)
                0x800236d4                SI_Busy
 .text.SI_IsChanBusy
                0x800236ec       0x38 /opt/devkitpro/libogc/lib/wii/libogc.a(si.o)
                0x800236ec                SI_IsChanBusy
 .text.SI_SetXY
                0x80023724       0x64 /opt/devkitpro/libogc/lib/wii/libogc.a(si.o)
                0x80023724                SI_SetXY
 .text.SI_EnablePolling
                0x80023788       0x78 /opt/devkitpro/libogc/lib/wii/libogc.a(si.o)
                0x80023788                SI_EnablePolling
 .text.SI_DisablePolling
                0x80023800       0x58 /opt/devkitpro/libogc/lib/wii/libogc.a(si.o)
                0x80023800                SI_DisablePolling
 .text.SI_SetSamplingRate
                0x80023858       0xd8 /opt/devkitpro/libogc/lib/wii/libogc.a(si.o)
                0x80023858                SI_SetSamplingRate
 .text.SI_RefreshSamplingRate
                0x80023930        0x8 /opt/devkitpro/libogc/lib/wii/libogc.a(si.o)
                0x80023930                SI_RefreshSamplingRate
 .text.SI_GetStatus
                0x80023938       0x78 /opt/devkitpro/libogc/lib/wii/libogc.a(si.o)
                0x80023938                SI_GetStatus
 .text.SI_GetResponseRaw
                0x800239b0       0xe8 /opt/devkitpro/libogc/lib/wii/libogc.a(si.o)
                0x800239b0                SI_GetResponseRaw
 .text.SI_GetResponse
                0x80023a98       0xb8 /opt/devkitpro/libogc/lib/wii/libogc.a(si.o)
                0x80023a98                SI_GetResponse
 .text.SI_SetCommand
                0x80023b50       0x10 /opt/devkitpro/libogc/lib/wii/libogc.a(si.o)
                0x80023b50                SI_SetCommand
 .text.SI_Transfer
                0x80023b60      0x29c /opt/devkitpro/libogc/lib/wii/libogc.a(si.o)
                0x80023b60                SI_Transfer
 .text.__si_gettypecallback
                0x80023dfc      0x2b8 /opt/devkitpro/libogc/lib/wii/libogc.a(si.o)
 .text.__si_interrupthandler
                0x800240b4      0x278 /opt/devkitpro/libogc/lib/wii/libogc.a(si.o)
 .text.SI_GetType
                0x8002432c      0x214 /opt/devkitpro/libogc/lib/wii/libogc.a(si.o)
                0x8002432c                SI_GetType
 .text.SI_GetTypeAsync
                0x80024540      0x13c /opt/devkitpro/libogc/lib/wii/libogc.a(si.o)
                0x80024540                SI_GetTypeAsync
 .text.SI_EnablePollingInterrupt
                0x8002467c       0x8c /opt/devkitpro/libogc/lib/wii/libogc.a(si.o)
                0x8002467c                SI_EnablePollingInterrupt
 .text.SI_UnregisterPollingHandler
                0x80024708       0xf4 /opt/devkitpro/libogc/lib/wii/libogc.a(si.o)
                0x80024708                SI_UnregisterPollingHandler
 .text.__si_init
                0x800247fc       0xe0 /opt/devkitpro/libogc/lib/wii/libogc.a(si.o)
                0x800247fc                __si_init
 .text.__ipc_sendrequest.part.0
                0x800248dc       0xd8 /opt/devkitpro/libogc/lib/wii/libogc.a(ipc.o)
 .text.__ipc_syncrequest
                0x800249b4       0xf4 /opt/devkitpro/libogc/lib/wii/libogc.a(ipc.o)
 .text.__ioctlvfmtCB
                0x80024aa8      0x158 /opt/devkitpro/libogc/lib/wii/libogc.a(ipc.o)
 .text.__ios_ioctlvformat_parse
                0x80024c00      0x824 /opt/devkitpro/libogc/lib/wii/libogc.a(ipc.o)
 .text.__ipc_asyncrequest
                0x80025424      0x144 /opt/devkitpro/libogc/lib/wii/libogc.a(ipc.o)
 .text.__ipc_interrupthandler
                0x80025568      0x384 /opt/devkitpro/libogc/lib/wii/libogc.a(ipc.o)
 .text.iosCreateHeap
                0x800258ec      0x138 /opt/devkitpro/libogc/lib/wii/libogc.a(ipc.o)
                0x800258ec                iosCreateHeap
 .text.iosAlloc
                0x80025a24       0x30 /opt/devkitpro/libogc/lib/wii/libogc.a(ipc.o)
                0x80025a24                iosAlloc
 .text.iosFree  0x80025a54       0x28 /opt/devkitpro/libogc/lib/wii/libogc.a(ipc.o)
                0x80025a54                iosFree
 .text.__IPC_ClntInit
                0x80025a7c       0xc4 /opt/devkitpro/libogc/lib/wii/libogc.a(ipc.o)
                0x80025a7c                __IPC_ClntInit
 .text.IOS_Open
                0x80025b40      0x110 /opt/devkitpro/libogc/lib/wii/libogc.a(ipc.o)
                0x80025b40                IOS_Open
 .text.IOS_Close
                0x80025c50       0xf0 /opt/devkitpro/libogc/lib/wii/libogc.a(ipc.o)
                0x80025c50                IOS_Close
 .text.IOS_Read
                0x80025d40      0x10c /opt/devkitpro/libogc/lib/wii/libogc.a(ipc.o)
                0x80025d40                IOS_Read
 .text.IOS_Write
                0x80025e4c      0x10c /opt/devkitpro/libogc/lib/wii/libogc.a(ipc.o)
                0x80025e4c                IOS_Write
 .text.IOS_Ioctl
                0x80025f58      0x158 /opt/devkitpro/libogc/lib/wii/libogc.a(ipc.o)
                0x80025f58                IOS_Ioctl
 .text.IOS_IoctlAsync
                0x800260b0      0x148 /opt/devkitpro/libogc/lib/wii/libogc.a(ipc.o)
                0x800260b0                IOS_IoctlAsync
 .text.IOS_Ioctlv
                0x800261f8      0x1f0 /opt/devkitpro/libogc/lib/wii/libogc.a(ipc.o)
                0x800261f8                IOS_Ioctlv
 .text.IOS_IoctlvAsync
                0x800263e8      0x1d4 /opt/devkitpro/libogc/lib/wii/libogc.a(ipc.o)
                0x800263e8                IOS_IoctlvAsync
 .text.IOS_IoctlvFormat
                0x800265bc      0x170 /opt/devkitpro/libogc/lib/wii/libogc.a(ipc.o)
                0x800265bc                IOS_IoctlvFormat
 .text.IOS_IoctlvReboot
                0x8002672c      0x1f4 /opt/devkitpro/libogc/lib/wii/libogc.a(ipc.o)
                0x8002672c                IOS_IoctlvReboot
 .text.gettick  0x80026920        0x8 /opt/devkitpro/libogc/lib/wii/libogc.a(timesupp.o)
                0x80026920                gettick
 .text.gettime  0x80026928       0x18 /opt/devkitpro/libogc/lib/wii/libogc.a(timesupp.o)
                0x80026928                gettime
 .text.settime  0x80026940       0x14 /opt/devkitpro/libogc/lib/wii/libogc.a(timesupp.o)
                0x80026940                settime
 .text.diff_usec
                0x80026954       0x90 /opt/devkitpro/libogc/lib/wii/libogc.a(timesupp.o)
                0x80026954                diff_usec
 .text.__timesystem_init
                0x800269e4       0x1c /opt/devkitpro/libogc/lib/wii/libogc.a(timesupp.o)
                0x800269e4                __timesystem_init
 .text.udelay   0x80026a00       0xb0 /opt/devkitpro/libogc/lib/wii/libogc.a(timesupp.o)
                0x80026a00                udelay
 .text.__libogc_nanosleep
                0x80026ab0      0x144 /opt/devkitpro/libogc/lib/wii/libogc.a(timesupp.o)
                0x80026ab0                __libogc_nanosleep
 .text.__syscall_lock_init
                0x80026bf4       0x6c /opt/devkitpro/libogc/lib/wii/libogc.a(lock_supp.o)
                0x80026bf4                __syscall_lock_init
 .text.__syscall_lock_init_recursive
                0x80026c60       0x6c /opt/devkitpro/libogc/lib/wii/libogc.a(lock_supp.o)
                0x80026c60                __syscall_lock_init_recursive
 .text.__syscall_lock_close
                0x80026ccc       0x48 /opt/devkitpro/libogc/lib/wii/libogc.a(lock_supp.o)
                0x80026ccc                __syscall_lock_close
 .text.__syscall_lock_acquire
                0x80026d14       0x18 /opt/devkitpro/libogc/lib/wii/libogc.a(lock_supp.o)
                0x80026d14                __syscall_lock_acquire
 .text.__syscall_lock_release
                0x80026d2c       0x18 /opt/devkitpro/libogc/lib/wii/libogc.a(lock_supp.o)
                0x80026d2c                __syscall_lock_release
 .text.__usbgecko_exi_unlock
                0x80026d44       0x34 /opt/devkitpro/libogc/lib/wii/libogc.a(usbgecko.o)
 .text.usb_isgeckoalive
                0x80026d78      0x1c4 /opt/devkitpro/libogc/lib/wii/libogc.a(usbgecko.o)
                0x80026d78                usb_isgeckoalive
 .text.usb_sendbuffer_ex
                0x80026f3c      0x214 /opt/devkitpro/libogc/lib/wii/libogc.a(usbgecko.o)
                0x80026f3c                usb_sendbuffer_ex
 .text.usb_sendbuffer
                0x80027150        0x8 /opt/devkitpro/libogc/lib/wii/libogc.a(usbgecko.o)
                0x80027150                usb_sendbuffer
 .text.usb_sendbuffer_safe_ex
                0x80027158      0x2ac /opt/devkitpro/libogc/lib/wii/libogc.a(usbgecko.o)
                0x80027158                usb_sendbuffer_safe_ex
 .text.usb_sendbuffer_safe
                0x80027404        0x8 /opt/devkitpro/libogc/lib/wii/libogc.a(usbgecko.o)
                0x80027404                usb_sendbuffer_safe
 .text._sbrk_r  0x8002740c      0x28c /opt/devkitpro/libogc/lib/wii/libogc.a(sbrk.o)
                0x8002740c                _sbrk_r
 .text.__memlock_init
                0x80027698       0x7c /opt/devkitpro/libogc/lib/wii/libogc.a(malloc_lock.o)
                0x80027698                __memlock_init
 .text.__libogc_malloc_lock
                0x80027714      0x1f8 /opt/devkitpro/libogc/lib/wii/libogc.a(malloc_lock.o)
                0x80027714                __libogc_malloc_lock
 .text.__libogc_malloc_unlock
                0x8002790c       0x64 /opt/devkitpro/libogc/lib/wii/libogc.a(malloc_lock.o)
                0x8002790c                __libogc_malloc_unlock
 .text._dietPrintDefaultFunc
                0x80027970       0xc8 /opt/devkitpro/libogc/lib/wii/libogc.a(kprintf.o)
 .text._dietPrintWidth
                0x80027a38       0xe4 /opt/devkitpro/libogc/lib/wii/libogc.a(kprintf.o)
                0x80027a38                _dietPrintWidth
 .text._dietPrintHex32
                0x80027b1c      0x294 /opt/devkitpro/libogc/lib/wii/libogc.a(kprintf.o)
 .text._dietPrintHex64
                0x80027db0       0xc8 /opt/devkitpro/libogc/lib/wii/libogc.a(kprintf.o)
                0x80027db0                _dietPrintHex64
 .text.dietPrintV
                0x80027e78      0x894 /opt/devkitpro/libogc/lib/wii/libogc.a(kprintf.o)
                0x80027e78                dietPrintV
 .text.kprintf  0x8002870c       0x84 /opt/devkitpro/libogc/lib/wii/libogc.a(kprintf.o)
                0x8002870c                kprintf
 .text.__STM_SetEventHook
                0x80028790       0xb0 /opt/devkitpro/libogc/lib/wii/libogc.a(stm.o)
                0x80028790                __STM_SetEventHook
 .text.__STM_Init
                0x80028840       0x8c /opt/devkitpro/libogc/lib/wii/libogc.a(stm.o)
                0x80028840                __STM_Init
 .text.__STMEventHandler
                0x800288cc       0x64 /opt/devkitpro/libogc/lib/wii/libogc.a(stm.o)
 .text.__STM_ReleaseEventHook
                0x80028930       0x80 /opt/devkitpro/libogc/lib/wii/libogc.a(stm.o)
                0x80028930                __STM_ReleaseEventHook
 .text.__STM_Close
                0x800289b0       0xa8 /opt/devkitpro/libogc/lib/wii/libogc.a(stm.o)
                0x800289b0                __STM_Close
 .text.STM_RegisterEventHandler
                0x80028a58       0x10 /opt/devkitpro/libogc/lib/wii/libogc.a(stm.o)
                0x80028a58                STM_RegisterEventHandler
 .text.STM_ShutdownToStandby
                0x80028a68       0x50 /opt/devkitpro/libogc/lib/wii/libogc.a(stm.o)
                0x80028a68                STM_ShutdownToStandby
 .text.STM_ShutdownToIdle
                0x80028ab8       0xb4 /opt/devkitpro/libogc/lib/wii/libogc.a(stm.o)
                0x80028ab8                STM_ShutdownToIdle
 .text.STM_SetLedMode
                0x80028b6c       0x40 /opt/devkitpro/libogc/lib/wii/libogc.a(stm.o)
                0x80028b6c                STM_SetLedMode
 .text.STM_RebootSystem
                0x80028bac       0x50 /opt/devkitpro/libogc/lib/wii/libogc.a(stm.o)
                0x80028bac                STM_RebootSystem
 .text.__IOS_InitializeSubsystems
                0x80028bfc       0x48 /opt/devkitpro/libogc/lib/wii/libogc.a(ios.o)
                0x80028bfc                __IOS_InitializeSubsystems
 .text.__IOS_ShutdownSubsystems
                0x80028c44       0x48 /opt/devkitpro/libogc/lib/wii/libogc.a(ios.o)
                0x80028c44                __IOS_ShutdownSubsystems
 .text.__IOS_LoadStartupIOS
                0x80028c8c        0x8 /opt/devkitpro/libogc/lib/wii/libogc.a(ios.o)
                0x80028c8c                __IOS_LoadStartupIOS
 .text._ES_fstat_r
                0x80028c94      0x124 /opt/devkitpro/libogc/lib/wii/libogc.a(es.o)
 .text._ES_seek_r
                0x80028db8       0xe0 /opt/devkitpro/libogc/lib/wii/libogc.a(es.o)
 .text._ES_close_r
                0x80028e98       0xb4 /opt/devkitpro/libogc/lib/wii/libogc.a(es.o)
 .text.__ES_Init
                0x80028f4c       0x78 /opt/devkitpro/libogc/lib/wii/libogc.a(es.o)
                0x80028f4c                __ES_Init
 .text.__ES_Close
                0x80028fc4       0x54 /opt/devkitpro/libogc/lib/wii/libogc.a(es.o)
                0x80028fc4                __ES_Close
 .text.ES_GetTitleID
                0x80029018       0x94 /opt/devkitpro/libogc/lib/wii/libogc.a(es.o)
                0x80029018                ES_GetTitleID
 .text.ES_LaunchTitle
                0x800290ac       0xa4 /opt/devkitpro/libogc/lib/wii/libogc.a(es.o)
                0x800290ac                ES_LaunchTitle
 .text.ES_GetNumTicketViews
                0x80029150       0x98 /opt/devkitpro/libogc/lib/wii/libogc.a(es.o)
                0x80029150                ES_GetNumTicketViews
 .text.ES_GetTicketViews
                0x800291e8       0x8c /opt/devkitpro/libogc/lib/wii/libogc.a(es.o)
                0x800291e8                ES_GetTicketViews
 .text.ES_GetStoredTMD
                0x80029274       0x90 /opt/devkitpro/libogc/lib/wii/libogc.a(es.o)
                0x80029274                ES_GetStoredTMD
 .text._ES_decodepath
                0x80029304      0x410 /opt/devkitpro/libogc/lib/wii/libogc.a(es.o)
 .text._ES_stat_r
                0x80029714       0xf0 /opt/devkitpro/libogc/lib/wii/libogc.a(es.o)
 .text._ES_open_r
                0x80029804      0x1cc /opt/devkitpro/libogc/lib/wii/libogc.a(es.o)
 .text.ES_ReadContent
                0x800299d0       0x6c /opt/devkitpro/libogc/lib/wii/libogc.a(es.o)
                0x800299d0                ES_ReadContent
 .text._ES_read_r
                0x80029a3c      0x1a4 /opt/devkitpro/libogc/lib/wii/libogc.a(es.o)
 .text.__usbv5_devicechangeCB
                0x80029be0      0x180 /opt/devkitpro/libogc/lib/wii/libogc.a(usb.o)
 .text.__usbv5_attachfinishCB
                0x80029d60       0xcc /opt/devkitpro/libogc/lib/wii/libogc.a(usb.o)
 .text.__usbv5_messageCB
                0x80029e2c       0x5c /opt/devkitpro/libogc/lib/wii/libogc.a(usb.o)
 .text.__usb_control_message
                0x80029e88      0x470 /opt/devkitpro/libogc/lib/wii/libogc.a(usb.o)
 .text.__usb_interrupt_bulk_message
                0x8002a2f8      0x2b4 /opt/devkitpro/libogc/lib/wii/libogc.a(usb.o)
 .text.__usbv0_messageCB
                0x8002a5ac       0xa8 /opt/devkitpro/libogc/lib/wii/libogc.a(usb.o)
 .text.USB_FreeDescriptors.part.0
                0x8002a654      0x108 /opt/devkitpro/libogc/lib/wii/libogc.a(usb.o)
 .text.USB_GetDescriptors.part.0
                0x8002a75c      0x69c /opt/devkitpro/libogc/lib/wii/libogc.a(usb.o)
 .text.USBV5_SuspendResume
                0x8002adf8      0x13c /opt/devkitpro/libogc/lib/wii/libogc.a(usb.o)
 .text.USBV5_GetDescriptors
                0x8002af34      0x50c /opt/devkitpro/libogc/lib/wii/libogc.a(usb.o)
 .text.USB_Deinitialize
                0x8002b440       0xc8 /opt/devkitpro/libogc/lib/wii/libogc.a(usb.o)
                0x8002b440                USB_Deinitialize
 .text.USB_Initialize
                0x8002b508      0x31c /opt/devkitpro/libogc/lib/wii/libogc.a(usb.o)
                0x8002b508                USB_Initialize
 .text.USB_OpenDevice
                0x8002b824      0x2f0 /opt/devkitpro/libogc/lib/wii/libogc.a(usb.o)
                0x8002b824                USB_OpenDevice
 .text.USBV5_CloseDevice
                0x8002bb14      0x128 /opt/devkitpro/libogc/lib/wii/libogc.a(usb.o)
                0x8002bb14                USBV5_CloseDevice
 .text.USB_CloseDevice
                0x8002bc3c       0x84 /opt/devkitpro/libogc/lib/wii/libogc.a(usb.o)
                0x8002bc3c                USB_CloseDevice
 .text.USB_ReadIntrMsgAsync
                0x8002bcc0       0x28 /opt/devkitpro/libogc/lib/wii/libogc.a(usb.o)
                0x8002bcc0                USB_ReadIntrMsgAsync
 .text.USB_ReadBlkMsgAsync
                0x8002bce8       0x28 /opt/devkitpro/libogc/lib/wii/libogc.a(usb.o)
                0x8002bce8                USB_ReadBlkMsgAsync
 .text.USB_WriteBlkMsgAsync
                0x8002bd10       0x28 /opt/devkitpro/libogc/lib/wii/libogc.a(usb.o)
                0x8002bd10                USB_WriteBlkMsgAsync
 .text.USB_WriteCtrlMsgAsync
                0x8002bd38        0x4 /opt/devkitpro/libogc/lib/wii/libogc.a(usb.o)
                0x8002bd38                USB_WriteCtrlMsgAsync
 .text.__CheckARGV
                0x8002bd3c       0x80 /opt/devkitpro/libogc/lib/wii/libogc.a(argv.o)
                0x8002bd3c                __CheckARGV
 .text.CONF_Init
                0x8002bdbc      0x18c /opt/devkitpro/libogc/lib/wii/libogc.a(conf.o)
                0x8002bdbc                CONF_Init
 .text.__CONF_GetTxt
                0x8002bf48      0x1d0 /opt/devkitpro/libogc/lib/wii/libogc.a(conf.o)
                0x8002bf48                __CONF_GetTxt
 .text.__CONF_Find
                0x8002c118       0xd8 /opt/devkitpro/libogc/lib/wii/libogc.a(conf.o)
                0x8002c118                __CONF_Find
 .text.CONF_GetLength
                0x8002c1f0      0x120 /opt/devkitpro/libogc/lib/wii/libogc.a(conf.o)
                0x8002c1f0                CONF_GetLength
 .text.CONF_Get
                0x8002c310      0x140 /opt/devkitpro/libogc/lib/wii/libogc.a(conf.o)